00:40:13 SQL> select /*+ FULL(FINANCIAL_TXN_STATE_M072009) parallel(FINANCIAL_TXN_STATE_M072009 ,4) */count(*) from pspadm.PSP_FINANCIAL_TRANS_STATE partition (FINANCIAL_TXN_STATE_M072009)FINANCIAL_TXN_STATE_M072009;

  COUNT(*)                                                                      
----------                                                                      
   9707311                                                                      

1 row selected.

Elapsed: 00:00:35.20
00:40:49 SQL> select /*+ FULL(FINANCIAL_TXN_STATE_M082009) parallel(FINANCIAL_TXN_STATE_M082009 ,4) */count(*) from pspadm.PSP_FINANCIAL_TRANS_STATE partition (FINANCIAL_TXN_STATE_M082009)FINANCIAL_TXN_STATE_M082009;

  COUNT(*)                                                                      
----------                                                                      
   9004122                                                                      

1 row selected.

Elapsed: 00:00:34.42
00:41:23 SQL> select /*+ FULL(FINANCIAL_TXN_STATE_M092009) parallel(FINANCIAL_TXN_STATE_M092009 ,4) */count(*) from pspadm.PSP_FINANCIAL_TRANS_STATE partition (FINANCIAL_TXN_STATE_M092009)FINANCIAL_TXN_STATE_M092009;

  COUNT(*)                                                                      
----------                                                                      
   9849738                                                                      

1 row selected.

Elapsed: 00:00:36.48
00:42:00 SQL> select /*+ FULL(FINANCIAL_TXN_STATE_M102009) parallel(FINANCIAL_TXN_STATE_M102009 ,4) */count(*) from pspadm.PSP_FINANCIAL_TRANS_STATE partition (FINANCIAL_TXN_STATE_M102009)FINANCIAL_TXN_STATE_M102009;

  COUNT(*)                                                                      
----------                                                                      
   9326244                                                                      

1 row selected.

Elapsed: 00:00:37.56
00:42:37 SQL> select /*+ FULL(FINANCIAL_TXN_STATE_M112009) parallel(FINANCIAL_TXN_STATE_M112009 ,4) */count(*) from pspadm.PSP_FINANCIAL_TRANS_STATE partition (FINANCIAL_TXN_STATE_M112009)FINANCIAL_TXN_STATE_M112009;

  COUNT(*)                                                                      
----------                                                                      
   8913664                                                                      

1 row selected.

Elapsed: 00:00:37.87
00:43:15 SQL> select /*+ FULL(FINANCIAL_TXN_STATE_M122009) parallel(FINANCIAL_TXN_STATE_M122009 ,4) */count(*) from pspadm.PSP_FINANCIAL_TRANS_STATE partition (FINANCIAL_TXN_STATE_M122009)FINANCIAL_TXN_STATE_M122009;

  COUNT(*)                                                                      
----------                                                                      
  10580349                                                                      

1 row selected.

Elapsed: 00:00:37.53
00:43:53 SQL> select /*+ FULL(FINANCIAL_TXN_STATE_M012010) parallel(FINANCIAL_TXN_STATE_M012010 ,4) */count(*) from pspadm.PSP_FINANCIAL_TRANS_STATE partition (FINANCIAL_TXN_STATE_M012010)FINANCIAL_TXN_STATE_M012010;

  COUNT(*)                                                                      
----------                                                                      
   8942479                                                                      

1 row selected.

Elapsed: 00:00:32.63
00:44:25 SQL> select /*+ FULL(FINANCIAL_TXN_STATE_M022010) parallel(FINANCIAL_TXN_STATE_M022010 ,4) */count(*) from pspadm.PSP_FINANCIAL_TRANS_STATE partition (FINANCIAL_TXN_STATE_M022010)FINANCIAL_TXN_STATE_M022010;

  COUNT(*)                                                                      
----------                                                                      
   9217980                                                                      

1 row selected.

Elapsed: 00:00:32.30
00:44:57 SQL> select /*+ FULL(FINANCIAL_TXN_STATE_M032010) parallel(FINANCIAL_TXN_STATE_M032010 ,4) */count(*) from pspadm.PSP_FINANCIAL_TRANS_STATE partition (FINANCIAL_TXN_STATE_M032010)FINANCIAL_TXN_STATE_M032010;

  COUNT(*)                                                                      
----------                                                                      
  10885640                                                                      

1 row selected.

Elapsed: 00:00:39.59
00:45:37 SQL> select /*+ FULL(FINANCIAL_TXN_STATE_M042010) parallel(FINANCIAL_TXN_STATE_M042010 ,4) */count(*) from pspadm.PSP_FINANCIAL_TRANS_STATE partition (FINANCIAL_TXN_STATE_M042010)FINANCIAL_TXN_STATE_M042010;

  COUNT(*)                                                                      
----------                                                                      
  10133084                                                                      

1 row selected.

Elapsed: 00:00:41.70
00:46:19 SQL> select /*+ FULL(FINANCIAL_TXN_STATE_M052010) parallel(FINANCIAL_TXN_STATE_M052010 ,4) */count(*) from pspadm.PSP_FINANCIAL_TRANS_STATE partition (FINANCIAL_TXN_STATE_M052010)FINANCIAL_TXN_STATE_M052010;

  COUNT(*)                                                                      
----------                                                                      
   9959346                                                                      

1 row selected.

Elapsed: 00:00:39.69
00:46:58 SQL> select /*+ FULL(FINANCIAL_TXN_STATE_M062010) parallel(FINANCIAL_TXN_STATE_M062010 ,4) */count(*) from pspadm.PSP_FINANCIAL_TRANS_STATE partition (FINANCIAL_TXN_STATE_M062010)FINANCIAL_TXN_STATE_M062010;

  COUNT(*)                                                                      
----------                                                                      
  11394270                                                                      

1 row selected.

Elapsed: 00:00:43.11
00:47:42 SQL> select /*+ FULL(FINANCIAL_TXN_STATE_M072010) parallel(FINANCIAL_TXN_STATE_M072010 ,4) */count(*) from pspadm.PSP_FINANCIAL_TRANS_STATE partition (FINANCIAL_TXN_STATE_M072010)FINANCIAL_TXN_STATE_M072010;

  COUNT(*)                                                                      
----------                                                                      
  10506770                                                                      

1 row selected.

Elapsed: 00:00:41.44
00:48:23 SQL> select /*+ FULL(FINANCIAL_TXN_STATE_M082010) parallel(FINANCIAL_TXN_STATE_M082010 ,4) */count(*) from pspadm.PSP_FINANCIAL_TRANS_STATE partition (FINANCIAL_TXN_STATE_M082010)FINANCIAL_TXN_STATE_M082010;

  COUNT(*)                                                                      
----------                                                                      
  10831284                                                                      

1 row selected.

Elapsed: 00:00:34.16
00:48:57 SQL> select /*+ FULL(FINANCIAL_TXN_STATE_M092010) parallel(FINANCIAL_TXN_STATE_M092010 ,4) */count(*) from pspadm.PSP_FINANCIAL_TRANS_STATE partition (FINANCIAL_TXN_STATE_M092010)FINANCIAL_TXN_STATE_M092010;

  COUNT(*)                                                                      
----------                                                                      
  11258932                                                                      

1 row selected.

Elapsed: 00:00:31.99
00:49:29 SQL> select /*+ FULL(FINANCIAL_TXN_STATE_M102010) parallel(FINANCIAL_TXN_STATE_M102010 ,4) */count(*) from pspadm.PSP_FINANCIAL_TRANS_STATE partition (FINANCIAL_TXN_STATE_M102010)FINANCIAL_TXN_STATE_M102010;

  COUNT(*)                                                                      
----------                                                                      
  10103564                                                                      

1 row selected.

Elapsed: 00:00:32.02
00:50:01 SQL> select /*+ FULL(FINANCIAL_TXN_STATE_M112010) parallel(FINANCIAL_TXN_STATE_M112010 ,4) */count(*) from pspadm.PSP_FINANCIAL_TRANS_STATE partition (FINANCIAL_TXN_STATE_M112010)FINANCIAL_TXN_STATE_M112010;

  COUNT(*)                                                                      
----------                                                                      
  10496002                                                                      

1 row selected.

Elapsed: 00:00:41.65
00:50:43 SQL> select /*+ FULL(FINANCIAL_TXN_STATE_M122010) parallel(FINANCIAL_TXN_STATE_M122010 ,4) */count(*) from pspadm.PSP_FINANCIAL_TRANS_STATE partition (FINANCIAL_TXN_STATE_M122010)FINANCIAL_TXN_STATE_M122010;

  COUNT(*)                                                                      
----------                                                                      
  11672927                                                                      

1 row selected.

Elapsed: 00:00:46.10
00:51:29 SQL> select /*+ FULL(FINANCIAL_TXN_STATE_M012011) parallel(FINANCIAL_TXN_STATE_M012011 ,4) */count(*) from pspadm.PSP_FINANCIAL_TRANS_STATE partition (FINANCIAL_TXN_STATE_M012011)FINANCIAL_TXN_STATE_M012011;

  COUNT(*)                                                                      
----------                                                                      
  10351119                                                                      

1 row selected.

Elapsed: 00:00:46.80
00:52:16 SQL> select /*+ FULL(FINANCIAL_TXN_STATE_M022011) parallel(FINANCIAL_TXN_STATE_M022011 ,4) */count(*) from pspadm.PSP_FINANCIAL_TRANS_STATE partition (FINANCIAL_TXN_STATE_M022011)FINANCIAL_TXN_STATE_M022011;

  COUNT(*)                                                                      
----------                                                                      
  10363428                                                                      

1 row selected.

Elapsed: 00:00:49.67
00:53:05 SQL> select /*+ FULL(FINANCIAL_TXN_STATE_M032011) parallel(FINANCIAL_TXN_STATE_M032011 ,4) */count(*) from pspadm.PSP_FINANCIAL_TRANS_STATE partition (FINANCIAL_TXN_STATE_M032011)FINANCIAL_TXN_STATE_M032011;

  COUNT(*)                                                                      
----------                                                                      
  12628121                                                                      

1 row selected.

Elapsed: 00:00:57.32
00:54:03 SQL> select /*+ FULL(FINANCIAL_TXN_STATE_M042011) parallel(FINANCIAL_TXN_STATE_M042011 ,4) */count(*) from pspadm.PSP_FINANCIAL_TRANS_STATE partition (FINANCIAL_TXN_STATE_M042011)FINANCIAL_TXN_STATE_M042011;

  COUNT(*)                                                                      
----------                                                                      
  13120714                                                                      

1 row selected.

Elapsed: 00:00:55.37
00:54:58 SQL> select /*+ FULL(FINANCIAL_TXN_STATE_M052011) parallel(FINANCIAL_TXN_STATE_M052011 ,4) */count(*) from pspadm.PSP_FINANCIAL_TRANS_STATE partition (FINANCIAL_TXN_STATE_M052011)FINANCIAL_TXN_STATE_M052011;

  COUNT(*)                                                                      
----------                                                                      
  14708159                                                                      

1 row selected.

Elapsed: 00:00:59.06
00:55:57 SQL> select /*+ FULL(FINANCIAL_TXN_STATE_M062011) parallel(FINANCIAL_TXN_STATE_M062011 ,4) */count(*) from pspadm.PSP_FINANCIAL_TRANS_STATE partition (FINANCIAL_TXN_STATE_M062011)FINANCIAL_TXN_STATE_M062011;

  COUNT(*)                                                                      
----------                                                                      
  15608533                                                                      

1 row selected.

Elapsed: 00:01:10.77
00:57:08 SQL> select /*+ FULL(FINANCIAL_TXN_STATE_M072011) parallel(FINANCIAL_TXN_STATE_M072011 ,4) */count(*) from pspadm.PSP_FINANCIAL_TRANS_STATE partition (FINANCIAL_TXN_STATE_M072011)FINANCIAL_TXN_STATE_M072011;

  COUNT(*)                                                                      
----------                                                                      
  15026424                                                                      

1 row selected.

Elapsed: 00:01:10.11
00:58:18 SQL> select /*+ FULL(FINANCIAL_TXN_STATE_M082011) parallel(FINANCIAL_TXN_STATE_M082011 ,4) */count(*) from pspadm.PSP_FINANCIAL_TRANS_STATE partition (FINANCIAL_TXN_STATE_M082011)FINANCIAL_TXN_STATE_M082011;

  COUNT(*)                                                                      
----------                                                                      
  16622855                                                                      

1 row selected.

Elapsed: 00:01:18.55
00:59:37 SQL> select /*+ FULL(FINANCIAL_TXN_STATE_M092011) parallel(FINANCIAL_TXN_STATE_M092011 ,4) */count(*) from pspadm.PSP_FINANCIAL_TRANS_STATE partition (FINANCIAL_TXN_STATE_M092011)FINANCIAL_TXN_STATE_M092011;

  COUNT(*)                                                                      
----------                                                                      
  15073843                                                                      

1 row selected.

Elapsed: 00:01:13.40
01:00:50 SQL> select /*+ FULL(FINANCIAL_TXN_STATE_M102011) parallel(FINANCIAL_TXN_STATE_M102011 ,4) */count(*) from pspadm.PSP_FINANCIAL_TRANS_STATE partition (FINANCIAL_TXN_STATE_M102011)FINANCIAL_TXN_STATE_M102011;

  COUNT(*)                                                                      
----------                                                                      
  16377953                                                                      

1 row selected.

Elapsed: 00:01:23.54
01:02:14 SQL> select /*+ FULL(FINANCIAL_TXN_STATE_M112011) parallel(FINANCIAL_TXN_STATE_M112011 ,4) */count(*) from pspadm.PSP_FINANCIAL_TRANS_STATE partition (FINANCIAL_TXN_STATE_M112011)FINANCIAL_TXN_STATE_M112011;

  COUNT(*)                                                                      
----------                                                                      
  16749090                                                                      

1 row selected.

Elapsed: 00:01:30.42
01:03:44 SQL> select /*+ FULL(FINANCIAL_TXN_STATE_M122011) parallel(FINANCIAL_TXN_STATE_M122011 ,4) */count(*) from pspadm.PSP_FINANCIAL_TRANS_STATE partition (FINANCIAL_TXN_STATE_M122011)FINANCIAL_TXN_STATE_M122011;

  COUNT(*)                                                                      
----------                                                                      
  16263455                                                                      

1 row selected.

Elapsed: 00:01:30.54
01:05:14 SQL> select /*+ FULL(FINANCIAL_TXN_STATE_M012012) parallel(FINANCIAL_TXN_STATE_M012012 ,4) */count(*) from pspadm.PSP_FINANCIAL_TRANS_STATE partition (FINANCIAL_TXN_STATE_M012012)FINANCIAL_TXN_STATE_M012012;

  COUNT(*)                                                                      
----------                                                                      
  17970428                                                                      

1 row selected.

Elapsed: 00:01:33.43
01:06:48 SQL> select /*+ FULL(FINANCIAL_TXN_STATE_M022012) parallel(FINANCIAL_TXN_STATE_M022012 ,4) */count(*) from pspadm.PSP_FINANCIAL_TRANS_STATE partition (FINANCIAL_TXN_STATE_M022012)FINANCIAL_TXN_STATE_M022012;

  COUNT(*)                                                                      
----------                                                                      
  17327367                                                                      

1 row selected.

Elapsed: 00:01:24.90
01:08:13 SQL> select /*+ FULL(FINANCIAL_TXN_STATE_M032012) parallel(FINANCIAL_TXN_STATE_M032012 ,4) */count(*) from pspadm.PSP_FINANCIAL_TRANS_STATE partition (FINANCIAL_TXN_STATE_M032012)FINANCIAL_TXN_STATE_M032012;

  COUNT(*)                                                                      
----------                                                                      
  17207884                                                                      

1 row selected.

Elapsed: 00:01:26.65
01:09:39 SQL> select /*+ FULL(FINANCIAL_TXN_STATE_M042012) parallel(FINANCIAL_TXN_STATE_M042012 ,4) */count(*) from pspadm.PSP_FINANCIAL_TRANS_STATE partition (FINANCIAL_TXN_STATE_M042012)FINANCIAL_TXN_STATE_M042012;

  COUNT(*)                                                                      
----------                                                                      
  19192257                                                                      

1 row selected.

Elapsed: 00:01:36.93
01:11:16 SQL> select /*+ FULL(FINANCIAL_TXN_STATE_M052012) parallel(FINANCIAL_TXN_STATE_M052012 ,4) */count(*) from pspadm.PSP_FINANCIAL_TRANS_STATE partition (FINANCIAL_TXN_STATE_M052012)FINANCIAL_TXN_STATE_M052012;

  COUNT(*)                                                                      
----------                                                                      
  20054052                                                                      

1 row selected.

Elapsed: 00:01:46.82
01:13:03 SQL> select /*+ FULL(FINANCIAL_TXN_STATE_M062012) parallel(FINANCIAL_TXN_STATE_M062012 ,4) */count(*) from pspadm.PSP_FINANCIAL_TRANS_STATE partition (FINANCIAL_TXN_STATE_M062012)FINANCIAL_TXN_STATE_M062012;

  COUNT(*)                                                                      
----------                                                                      
  17910519                                                                      

1 row selected.

Elapsed: 00:01:25.33
01:14:29 SQL> select /*+ FULL(FINANCIAL_TXN_STATE_M072012) parallel(FINANCIAL_TXN_STATE_M072012 ,4) */count(*) from pspadm.PSP_FINANCIAL_TRANS_STATE partition (FINANCIAL_TXN_STATE_M072012)FINANCIAL_TXN_STATE_M072012;

  COUNT(*)                                                                      
----------                                                                      
  20333899                                                                      

1 row selected.

Elapsed: 00:01:41.97
01:16:11 SQL> select /*+ FULL(FINANCIAL_TXN_STATE_M082012) parallel(FINANCIAL_TXN_STATE_M082012 ,4) */count(*) from pspadm.PSP_FINANCIAL_TRANS_STATE partition (FINANCIAL_TXN_STATE_M082012)FINANCIAL_TXN_STATE_M082012;

  COUNT(*)                                                                      
----------                                                                      
  20220068                                                                      

1 row selected.

Elapsed: 00:01:39.88
01:17:50 SQL> select /*+ FULL(FINANCIAL_TXN_STATE_M092012) parallel(FINANCIAL_TXN_STATE_M092012 ,4) */count(*) from pspadm.PSP_FINANCIAL_TRANS_STATE partition (FINANCIAL_TXN_STATE_M092012)FINANCIAL_TXN_STATE_M092012;

  COUNT(*)                                                                      
----------                                                                      
  17452266                                                                      

1 row selected.

Elapsed: 00:01:31.44
01:19:22 SQL> select /*+ FULL(FINANCIAL_TXN_STATE_M102012) parallel(FINANCIAL_TXN_STATE_M102012 ,4) */count(*) from pspadm.PSP_FINANCIAL_TRANS_STATE partition (FINANCIAL_TXN_STATE_M102012)FINANCIAL_TXN_STATE_M102012;

  COUNT(*)                                                                      
----------                                                                      
  26459208                                                                      

1 row selected.

Elapsed: 00:02:09.22
01:21:31 SQL> select /*+ FULL(FINANCIAL_TXN_STATE_M112012) parallel(FINANCIAL_TXN_STATE_M112012 ,4) */count(*) from pspadm.PSP_FINANCIAL_TRANS_STATE partition (FINANCIAL_TXN_STATE_M112012)FINANCIAL_TXN_STATE_M112012;

  COUNT(*)                                                                      
----------                                                                      
  22748418                                                                      

1 row selected.

Elapsed: 00:01:41.09
01:23:12 SQL> select /*+ FULL(FINANCIAL_TXN_STATE_M122012) parallel(FINANCIAL_TXN_STATE_M122012 ,4) */count(*) from pspadm.PSP_FINANCIAL_TRANS_STATE partition (FINANCIAL_TXN_STATE_M122012)FINANCIAL_TXN_STATE_M122012;

  COUNT(*)                                                                      
----------                                                                      
  23335030                                                                      

1 row selected.

Elapsed: 00:01:52.47
01:25:05 SQL> select /*+ FULL(FINANCIAL_TXN_STATE_M012013) parallel(FINANCIAL_TXN_STATE_M012013 ,4) */count(*) from pspadm.PSP_FINANCIAL_TRANS_STATE partition (FINANCIAL_TXN_STATE_M012013)FINANCIAL_TXN_STATE_M012013;

  COUNT(*)                                                                      
----------                                                                      
  26960681                                                                      

1 row selected.

Elapsed: 00:02:07.77
01:27:12 SQL> select /*+ FULL(FINANCIAL_TXN_STATE_M022013) parallel(FINANCIAL_TXN_STATE_M022013 ,4) */count(*) from pspadm.PSP_FINANCIAL_TRANS_STATE partition (FINANCIAL_TXN_STATE_M022013)FINANCIAL_TXN_STATE_M022013;

  COUNT(*)                                                                      
----------                                                                      
  22348183                                                                      

1 row selected.

Elapsed: 00:01:48.25
01:29:01 SQL> select /*+ FULL(FINANCIAL_TXN_STATE_M032013) parallel(FINANCIAL_TXN_STATE_M032013 ,4) */count(*) from pspadm.PSP_FINANCIAL_TRANS_STATE partition (FINANCIAL_TXN_STATE_M032013)FINANCIAL_TXN_STATE_M032013;

  COUNT(*)                                                                      
----------                                                                      
  22881461                                                                      

1 row selected.

Elapsed: 00:01:58.85
01:30:59 SQL> select /*+ FULL(FINANCIAL_TXN_STATE_M042013) parallel(FINANCIAL_TXN_STATE_M042013 ,4) */count(*) from pspadm.PSP_FINANCIAL_TRANS_STATE partition (FINANCIAL_TXN_STATE_M042013)FINANCIAL_TXN_STATE_M042013;

  COUNT(*)                                                                      
----------                                                                      
  26905295                                                                      

1 row selected.

Elapsed: 00:02:08.32
01:33:08 SQL> select /*+ FULL(FINANCIAL_TXN_STATE_M052013) parallel(FINANCIAL_TXN_STATE_M052013 ,4) */count(*) from pspadm.PSP_FINANCIAL_TRANS_STATE partition (FINANCIAL_TXN_STATE_M052013)FINANCIAL_TXN_STATE_M052013;

  COUNT(*)                                                                      
----------                                                                      
  26062988                                                                      

1 row selected.

Elapsed: 00:01:48.77
01:34:57 SQL> select /*+ FULL(FINANCIAL_TXN_STATE_M062013) parallel(FINANCIAL_TXN_STATE_M062013 ,4) */count(*) from pspadm.PSP_FINANCIAL_TRANS_STATE partition (FINANCIAL_TXN_STATE_M062013)FINANCIAL_TXN_STATE_M062013;

  COUNT(*)                                                                      
----------                                                                      
  23570672                                                                      

1 row selected.

Elapsed: 00:01:10.60
01:36:07 SQL> select /*+ FULL(FINANCIAL_TXN_STATE_M072013) parallel(FINANCIAL_TXN_STATE_M072013 ,4) */count(*) from pspadm.PSP_FINANCIAL_TRANS_STATE partition (FINANCIAL_TXN_STATE_M072013)FINANCIAL_TXN_STATE_M072013;

  COUNT(*)                                                                      
----------                                                                      
  28904418                                                                      

1 row selected.

Elapsed: 00:01:39.55
01:37:47 SQL> select /*+ FULL(FINANCIAL_TXN_STATE_M082013) parallel(FINANCIAL_TXN_STATE_M082013 ,4) */count(*) from pspadm.PSP_FINANCIAL_TRANS_STATE partition (FINANCIAL_TXN_STATE_M082013)FINANCIAL_TXN_STATE_M082013;

  COUNT(*)                                                                      
----------                                                                      
  25136002                                                                      

1 row selected.

Elapsed: 00:01:29.50
01:39:16 SQL> select /*+ FULL(FINANCIAL_TXN_STATE_M092013) parallel(FINANCIAL_TXN_STATE_M092013 ,4) */count(*) from pspadm.PSP_FINANCIAL_TRANS_STATE partition (FINANCIAL_TXN_STATE_M092013)FINANCIAL_TXN_STATE_M092013;

  COUNT(*)                                                                      
----------                                                                      
  24250839                                                                      

1 row selected.

Elapsed: 00:01:19.22
01:40:35 SQL> select /*+ FULL(FINANCIAL_TXN_STATE_M102013) parallel(FINANCIAL_TXN_STATE_M102013 ,4) */count(*) from pspadm.PSP_FINANCIAL_TRANS_STATE partition (FINANCIAL_TXN_STATE_M102013)FINANCIAL_TXN_STATE_M102013;

  COUNT(*)                                                                      
----------                                                                      
  29270694                                                                      

1 row selected.

Elapsed: 00:00:59.13
01:41:35 SQL> select /*+ FULL(FINANCIAL_TXN_STATE_M112013) parallel(FINANCIAL_TXN_STATE_M112013 ,4) */count(*) from pspadm.PSP_FINANCIAL_TRANS_STATE partition (FINANCIAL_TXN_STATE_M112013)FINANCIAL_TXN_STATE_M112013;

  COUNT(*)                                                                      
----------                                                                      
  23756473                                                                      

1 row selected.

Elapsed: 00:01:02.34
01:42:37 SQL> select /*+ FULL(FINANCIAL_TXN_STATE_M122013) parallel(FINANCIAL_TXN_STATE_M122013 ,4) */count(*) from pspadm.PSP_FINANCIAL_TRANS_STATE partition (FINANCIAL_TXN_STATE_M122013)FINANCIAL_TXN_STATE_M122013;

  COUNT(*)                                                                      
----------                                                                      
  27817942                                                                      

1 row selected.

Elapsed: 00:01:23.85
01:44:01 SQL> select /*+ FULL(FINANCIAL_TXN_STATE_M012014) parallel(FINANCIAL_TXN_STATE_M012014 ,4) */count(*) from pspadm.PSP_FINANCIAL_TRANS_STATE partition (FINANCIAL_TXN_STATE_M012014)FINANCIAL_TXN_STATE_M012014;

  COUNT(*)                                                                      
----------                                                                      
  27185545                                                                      

1 row selected.

Elapsed: 00:00:39.60
01:44:40 SQL> select /*+ FULL(FINANCIAL_TXN_STATE_M022014) parallel(FINANCIAL_TXN_STATE_M022014 ,4) */count(*) from pspadm.PSP_FINANCIAL_TRANS_STATE partition (FINANCIAL_TXN_STATE_M022014)FINANCIAL_TXN_STATE_M022014;

  COUNT(*)                                                                      
----------                                                                      
  24385712                                                                      

1 row selected.

Elapsed: 00:00:34.06
01:45:14 SQL> select /*+ FULL(FINANCIAL_TXN_STATE_M032014) parallel(FINANCIAL_TXN_STATE_M032014 ,4) */count(*) from pspadm.PSP_FINANCIAL_TRANS_STATE partition (FINANCIAL_TXN_STATE_M032014)FINANCIAL_TXN_STATE_M032014;

  COUNT(*)                                                                      
----------                                                                      
  25387608                                                                      

1 row selected.

Elapsed: 00:00:35.75
01:45:50 SQL> select /*+ FULL(FINANCIAL_TXN_STATE_M042014) parallel(FINANCIAL_TXN_STATE_M042014 ,4) */count(*) from pspadm.PSP_FINANCIAL_TRANS_STATE partition (FINANCIAL_TXN_STATE_M042014)FINANCIAL_TXN_STATE_M042014;

  COUNT(*)                                                                      
----------                                                                      
  30301264                                                                      

1 row selected.

Elapsed: 00:00:33.56
01:46:24 SQL> select /*+ FULL(FINANCIAL_TXN_STATE_M052014) parallel(FINANCIAL_TXN_STATE_M052014 ,4) */count(*) from pspadm.PSP_FINANCIAL_TRANS_STATE partition (FINANCIAL_TXN_STATE_M052014)FINANCIAL_TXN_STATE_M052014;

  COUNT(*)                                                                      
----------                                                                      
  26440154                                                                      

1 row selected.

Elapsed: 00:00:36.92
01:47:01 SQL> select /*+ FULL(FINANCIAL_TXN_STATE_M062014) parallel(FINANCIAL_TXN_STATE_M062014 ,4) */count(*) from pspadm.PSP_FINANCIAL_TRANS_STATE partition (FINANCIAL_TXN_STATE_M062014)FINANCIAL_TXN_STATE_M062014;

  COUNT(*)                                                                      
----------                                                                      
  26539773                                                                      

1 row selected.

Elapsed: 00:00:37.86
01:47:39 SQL> select /*+ FULL(FINANCIAL_TXN_STATE_M072014) parallel(FINANCIAL_TXN_STATE_M072014 ,4) */count(*) from pspadm.PSP_FINANCIAL_TRANS_STATE partition (FINANCIAL_TXN_STATE_M072014)FINANCIAL_TXN_STATE_M072014;

  COUNT(*)                                                                      
----------                                                                      
  31348215                                                                      

1 row selected.

Elapsed: 00:00:32.85
01:48:11 SQL> select /*+ FULL(FINANCIAL_TXN_STATE_M082014) parallel(FINANCIAL_TXN_STATE_M082014 ,4) */count(*) from pspadm.PSP_FINANCIAL_TRANS_STATE partition (FINANCIAL_TXN_STATE_M082014)FINANCIAL_TXN_STATE_M082014;

  COUNT(*)                                                                      
----------                                                                      
  26297240                                                                      

1 row selected.

Elapsed: 00:00:37.78
01:48:49 SQL> select /*+ FULL(FINANCIAL_TXN_STATE_M092014) parallel(FINANCIAL_TXN_STATE_M092014 ,4) */count(*) from pspadm.PSP_FINANCIAL_TRANS_STATE partition (FINANCIAL_TXN_STATE_M092014)FINANCIAL_TXN_STATE_M092014;

  COUNT(*)                                                                      
----------                                                                      
  27390169                                                                      

1 row selected.

Elapsed: 00:00:40.11
01:49:29 SQL> select /*+ FULL(FINANCIAL_TXN_STATE_M102014) parallel(FINANCIAL_TXN_STATE_M102014 ,4) */count(*) from pspadm.PSP_FINANCIAL_TRANS_STATE partition (FINANCIAL_TXN_STATE_M102014)FINANCIAL_TXN_STATE_M102014;

  COUNT(*)                                                                      
----------                                                                      
  30615674                                                                      

1 row selected.

Elapsed: 00:00:39.13
01:50:08 SQL> select /*+ FULL(FINANCIAL_TXN_STATE_M112014) parallel(FINANCIAL_TXN_STATE_M112014 ,4) */count(*) from pspadm.PSP_FINANCIAL_TRANS_STATE partition (FINANCIAL_TXN_STATE_M112014)FINANCIAL_TXN_STATE_M112014;

  COUNT(*)                                                                      
----------                                                                      
  25970044                                                                      

1 row selected.

Elapsed: 00:00:39.19
01:50:48 SQL> select /*+ FULL(FINANCIAL_TXN_STATE_M122014) parallel(FINANCIAL_TXN_STATE_M122014 ,4) */count(*) from pspadm.PSP_FINANCIAL_TRANS_STATE partition (FINANCIAL_TXN_STATE_M122014)FINANCIAL_TXN_STATE_M122014;

  COUNT(*)                                                                      
----------                                                                      
  30971577                                                                      

1 row selected.

Elapsed: 00:00:39.05
01:51:27 SQL> select /*+ FULL(FINANCIAL_TXN_STATE_M012015) parallel(FINANCIAL_TXN_STATE_M012015 ,4) */count(*) from pspadm.PSP_FINANCIAL_TRANS_STATE partition (FINANCIAL_TXN_STATE_M012015)FINANCIAL_TXN_STATE_M012015;

  COUNT(*)                                                                      
----------                                                                      
  28141612                                                                      

1 row selected.

Elapsed: 00:00:43.42
01:52:10 SQL> select /*+ FULL(FINANCIAL_TXN_STATE_M022015) parallel(FINANCIAL_TXN_STATE_M022015 ,4) */count(*) from pspadm.PSP_FINANCIAL_TRANS_STATE partition (FINANCIAL_TXN_STATE_M022015)FINANCIAL_TXN_STATE_M022015;

  COUNT(*)                                                                      
----------                                                                      
  26076496                                                                      

1 row selected.

Elapsed: 00:00:38.17
01:52:48 SQL> select /*+ FULL(FINANCIAL_TXN_STATE_M032015) parallel(FINANCIAL_TXN_STATE_M032015 ,4) */count(*) from pspadm.PSP_FINANCIAL_TRANS_STATE partition (FINANCIAL_TXN_STATE_M032015)FINANCIAL_TXN_STATE_M032015;

  COUNT(*)                                                                      
----------                                                                      
  28368431                                                                      

1 row selected.

Elapsed: 00:00:40.78
01:53:29 SQL> select /*+ FULL(FINANCIAL_TXN_STATE_M042015) parallel(FINANCIAL_TXN_STATE_M042015 ,4) */count(*) from pspadm.PSP_FINANCIAL_TRANS_STATE partition (FINANCIAL_TXN_STATE_M042015)FINANCIAL_TXN_STATE_M042015;

  COUNT(*)                                                                      
----------                                                                      
  32122026                                                                      

1 row selected.

Elapsed: 00:00:39.33
01:54:08 SQL> select /*+ FULL(FINANCIAL_TXN_STATE_M052015) parallel(FINANCIAL_TXN_STATE_M052015 ,4) */count(*) from pspadm.PSP_FINANCIAL_TRANS_STATE partition (FINANCIAL_TXN_STATE_M052015)FINANCIAL_TXN_STATE_M052015;

  COUNT(*)                                                                      
----------                                                                      
  27209083                                                                      

1 row selected.

Elapsed: 00:00:39.00
01:54:47 SQL> select /*+ FULL(FINANCIAL_TXN_STATE_M062015) parallel(FINANCIAL_TXN_STATE_M062015 ,4) */count(*) from pspadm.PSP_FINANCIAL_TRANS_STATE partition (FINANCIAL_TXN_STATE_M062015)FINANCIAL_TXN_STATE_M062015;

  COUNT(*)                                                                      
----------                                                                      
  29701355                                                                      

1 row selected.

Elapsed: 00:00:35.64
01:55:23 SQL> select /*+ FULL(FINANCIAL_TXN_STATE_M072015) parallel(FINANCIAL_TXN_STATE_M072015 ,4) */count(*) from pspadm.PSP_FINANCIAL_TRANS_STATE partition (FINANCIAL_TXN_STATE_M072015)FINANCIAL_TXN_STATE_M072015;

  COUNT(*)                                                                      
----------                                                                      
  32448339                                                                      

1 row selected.

Elapsed: 00:00:37.26
01:56:00 SQL> select /*+ FULL(FINANCIAL_TXN_STATE_M082015) parallel(FINANCIAL_TXN_STATE_M082015 ,4) */count(*) from pspadm.PSP_FINANCIAL_TRANS_STATE partition (FINANCIAL_TXN_STATE_M082015)FINANCIAL_TXN_STATE_M082015;

  COUNT(*)                                                                      
----------                                                                      
  28608411                                                                      

1 row selected.

Elapsed: 00:00:40.66
01:56:41 SQL> select /*+ FULL(FINANCIAL_TXN_STATE_M092015) parallel(FINANCIAL_TXN_STATE_M092015 ,4) */count(*) from pspadm.PSP_FINANCIAL_TRANS_STATE partition (FINANCIAL_TXN_STATE_M092015)FINANCIAL_TXN_STATE_M092015;

  COUNT(*)                                                                      
----------                                                                      
  31022135                                                                      

1 row selected.

Elapsed: 00:00:36.18
01:57:17 SQL> select /*+ FULL(FINANCIAL_TXN_STATE_M102015) parallel(FINANCIAL_TXN_STATE_M102015 ,4) */count(*) from pspadm.PSP_FINANCIAL_TRANS_STATE partition (FINANCIAL_TXN_STATE_M102015)FINANCIAL_TXN_STATE_M102015;

  COUNT(*)                                                                      
----------                                                                      
  30511583                                                                      

1 row selected.

Elapsed: 00:00:35.16
01:57:52 SQL> select /*+ FULL(FINANCIAL_TXN_STATE_M112015) parallel(FINANCIAL_TXN_STATE_M112015 ,4) */count(*) from pspadm.PSP_FINANCIAL_TRANS_STATE partition (FINANCIAL_TXN_STATE_M112015)FINANCIAL_TXN_STATE_M112015;

  COUNT(*)                                                                      
----------                                                                      
  27962151                                                                      

1 row selected.

Elapsed: 00:00:39.04
01:58:31 SQL> select /*+ FULL(FINANCIAL_TXN_STATE_M122015) parallel(FINANCIAL_TXN_STATE_M122015 ,4) */count(*) from pspadm.PSP_FINANCIAL_TRANS_STATE partition (FINANCIAL_TXN_STATE_M122015)FINANCIAL_TXN_STATE_M122015;

  COUNT(*)                                                                      
----------                                                                      
  33177775                                                                      

1 row selected.

Elapsed: 00:00:36.68
01:59:08 SQL> select /*+ FULL(FINANCIAL_TXN_STATE_M012016) parallel(FINANCIAL_TXN_STATE_M012016 ,4) */count(*) from pspadm.PSP_FINANCIAL_TRANS_STATE partition (FINANCIAL_TXN_STATE_M012016)FINANCIAL_TXN_STATE_M012016;

  COUNT(*)                                                                      
----------                                                                      
  29026524                                                                      

1 row selected.

Elapsed: 00:00:33.20
01:59:41 SQL> select /*+ FULL(FINANCIAL_TXN_STATE_M022016) parallel(FINANCIAL_TXN_STATE_M022016 ,4) */count(*) from pspadm.PSP_FINANCIAL_TRANS_STATE partition (FINANCIAL_TXN_STATE_M022016)FINANCIAL_TXN_STATE_M022016;

  COUNT(*)                                                                      
----------                                                                      
  28469863                                                                      

1 row selected.

Elapsed: 00:00:39.81
02:00:21 SQL> select /*+ FULL(FINANCIAL_TXN_STATE_M032016) parallel(FINANCIAL_TXN_STATE_M032016 ,4) */count(*) from pspadm.PSP_FINANCIAL_TRANS_STATE partition (FINANCIAL_TXN_STATE_M032016)FINANCIAL_TXN_STATE_M032016;

  COUNT(*)                                                                      
----------                                                                      
  32657504                                                                      

1 row selected.

Elapsed: 00:00:35.03
02:00:56 SQL> select /*+ FULL(FINANCIAL_TXN_STATE_M042016) parallel(FINANCIAL_TXN_STATE_M042016 ,4) */count(*) from pspadm.PSP_FINANCIAL_TRANS_STATE partition (FINANCIAL_TXN_STATE_M042016)FINANCIAL_TXN_STATE_M042016;

  COUNT(*)                                                                      
----------                                                                      
  30619736                                                                      

1 row selected.

Elapsed: 00:00:33.93
02:01:30 SQL> select /*+ FULL(FINANCIAL_TXN_STATE_M052016) parallel(FINANCIAL_TXN_STATE_M052016 ,4) */count(*) from pspadm.PSP_FINANCIAL_TRANS_STATE partition (FINANCIAL_TXN_STATE_M052016)FINANCIAL_TXN_STATE_M052016;

  COUNT(*)                                                                      
----------                                                                      
  30204369                                                                      

1 row selected.

Elapsed: 00:00:32.39
02:02:02 SQL> select /*+ FULL(FINANCIAL_TXN_STATE_M062016) parallel(FINANCIAL_TXN_STATE_M062016 ,4) */count(*) from pspadm.PSP_FINANCIAL_TRANS_STATE partition (FINANCIAL_TXN_STATE_M062016)FINANCIAL_TXN_STATE_M062016;

  COUNT(*)                                                                      
----------                                                                      
  33267248                                                                      

1 row selected.

Elapsed: 00:00:37.68
02:02:40 SQL> select /*+ FULL(FINANCIAL_TXN_STATE_M072016) parallel(FINANCIAL_TXN_STATE_M072016 ,4) */count(*) from pspadm.PSP_FINANCIAL_TRANS_STATE partition (FINANCIAL_TXN_STATE_M072016)FINANCIAL_TXN_STATE_M072016;

  COUNT(*)                                                                      
----------                                                                      
  30782333                                                                      

1 row selected.

Elapsed: 00:00:35.07
02:03:15 SQL> select /*+ FULL(FINANCIAL_TXN_STATE_M082016) parallel(FINANCIAL_TXN_STATE_M082016 ,4) */count(*) from pspadm.PSP_FINANCIAL_TRANS_STATE partition (FINANCIAL_TXN_STATE_M082016)FINANCIAL_TXN_STATE_M082016;

  COUNT(*)                                                                      
----------                                                                      
  33879967                                                                      

1 row selected.

Elapsed: 00:00:41.22
02:03:56 SQL> select /*+ FULL(FINANCIAL_TXN_STATE_M092016) parallel(FINANCIAL_TXN_STATE_M092016 ,4) */count(*) from pspadm.PSP_FINANCIAL_TRANS_STATE partition (FINANCIAL_TXN_STATE_M092016)FINANCIAL_TXN_STATE_M092016;

  COUNT(*)                                                                      
----------                                                                      
  30124564                                                                      

1 row selected.

Elapsed: 00:00:36.51
02:04:33 SQL> select /*+ FULL(FINANCIAL_TXN_STATE_M102016) parallel(FINANCIAL_TXN_STATE_M102016 ,4) */count(*) from pspadm.PSP_FINANCIAL_TRANS_STATE partition (FINANCIAL_TXN_STATE_M102016)FINANCIAL_TXN_STATE_M102016;

  COUNT(*)                                                                      
----------                                                                      
  31011753                                                                      

1 row selected.

Elapsed: 00:00:37.12
02:05:10 SQL> select /*+ FULL(FINANCIAL_TXN_STATE_M112016) parallel(FINANCIAL_TXN_STATE_M112016 ,4) */count(*) from pspadm.PSP_FINANCIAL_TRANS_STATE partition (FINANCIAL_TXN_STATE_M112016)FINANCIAL_TXN_STATE_M112016;

  COUNT(*)                                                                      
----------                                                                      
  32398904                                                                      

1 row selected.

Elapsed: 00:00:28.95
02:05:39 SQL> select /*+ FULL(FINANCIAL_TXN_STATE_M122016) parallel(FINANCIAL_TXN_STATE_M122016 ,4) */count(*) from pspadm.PSP_FINANCIAL_TRANS_STATE partition (FINANCIAL_TXN_STATE_M122016)FINANCIAL_TXN_STATE_M122016;

  COUNT(*)                                                                      
----------                                                                      
  31562446                                                                      

1 row selected.

Elapsed: 00:00:24.53
02:06:03 SQL> select /*+ FULL(FINANCIAL_TXN_STATE_M012017) parallel(FINANCIAL_TXN_STATE_M012017 ,4) */count(*) from pspadm.PSP_FINANCIAL_TRANS_STATE partition (FINANCIAL_TXN_STATE_M012017)FINANCIAL_TXN_STATE_M012017;

  COUNT(*)                                                                      
----------                                                                      
  32233381                                                                      

1 row selected.

Elapsed: 00:00:25.10
02:06:28 SQL> select /*+ FULL(FINANCIAL_TXN_STATE_M022017) parallel(FINANCIAL_TXN_STATE_M022017 ,4) */count(*) from pspadm.PSP_FINANCIAL_TRANS_STATE partition (FINANCIAL_TXN_STATE_M022017)FINANCIAL_TXN_STATE_M022017;

  COUNT(*)                                                                      
----------                                                                      
  29387434                                                                      

1 row selected.

Elapsed: 00:00:22.43
02:06:51 SQL> select /*+ FULL(FINANCIAL_TXN_STATE_M032017) parallel(FINANCIAL_TXN_STATE_M032017 ,4) */count(*) from pspadm.PSP_FINANCIAL_TRANS_STATE partition (FINANCIAL_TXN_STATE_M032017)FINANCIAL_TXN_STATE_M032017;

  COUNT(*)                                                                      
----------                                                                      
  33767851                                                                      

1 row selected.

Elapsed: 00:00:25.91
02:07:17 SQL> select /*+ FULL(FINANCIAL_TXN_STATE_M042017) parallel(FINANCIAL_TXN_STATE_M042017 ,4) */count(*) from pspadm.PSP_FINANCIAL_TRANS_STATE partition (FINANCIAL_TXN_STATE_M042017)FINANCIAL_TXN_STATE_M042017;

  COUNT(*)                                                                      
----------                                                                      
  32104721                                                                      

1 row selected.

Elapsed: 00:00:25.79
02:07:43 SQL> select /*+ FULL(FINANCIAL_TXN_STATE_M052017) parallel(FINANCIAL_TXN_STATE_M052017 ,4) */count(*) from pspadm.PSP_FINANCIAL_TRANS_STATE partition (FINANCIAL_TXN_STATE_M052017)FINANCIAL_TXN_STATE_M052017;

  COUNT(*)                                                                      
----------                                                                      
  34985659                                                                      

1 row selected.

Elapsed: 00:00:34.54
02:08:17 SQL> select /*+ FULL(FINANCIAL_TXN_STATE_M062017) parallel(FINANCIAL_TXN_STATE_M062017 ,4) */count(*) from pspadm.PSP_FINANCIAL_TRANS_STATE partition (FINANCIAL_TXN_STATE_M062017)FINANCIAL_TXN_STATE_M062017;

  COUNT(*)                                                                      
----------                                                                      
  33285294                                                                      

1 row selected.

Elapsed: 00:00:26.05
02:08:43 SQL> select /*+ FULL(FINANCIAL_TXN_STATE_M072017) parallel(FINANCIAL_TXN_STATE_M072017 ,4) */count(*) from pspadm.PSP_FINANCIAL_TRANS_STATE partition (FINANCIAL_TXN_STATE_M072017)FINANCIAL_TXN_STATE_M072017;

  COUNT(*)                                                                      
----------                                                                      
  32995588                                                                      

1 row selected.

Elapsed: 00:00:26.70
02:09:10 SQL> select /*+ FULL(FINANCIAL_TXN_STATE_M082017) parallel(FINANCIAL_TXN_STATE_M082017 ,4) */count(*) from pspadm.PSP_FINANCIAL_TRANS_STATE partition (FINANCIAL_TXN_STATE_M082017)FINANCIAL_TXN_STATE_M082017;

  COUNT(*)                                                                      
----------                                                                      
  36673728                                                                      

1 row selected.

Elapsed: 00:00:29.46
02:09:39 SQL> select /*+ FULL(FINANCIAL_TXN_STATE_M092017) parallel(FINANCIAL_TXN_STATE_M092017 ,4) */count(*) from pspadm.PSP_FINANCIAL_TRANS_STATE partition (FINANCIAL_TXN_STATE_M092017)FINANCIAL_TXN_STATE_M092017;

  COUNT(*)                                                                      
----------                                                                      
  30916472                                                                      

1 row selected.

Elapsed: 00:00:27.77
02:10:07 SQL> select /*+ FULL(FINANCIAL_TXN_STATE_M102017) parallel(FINANCIAL_TXN_STATE_M102017 ,4) */count(*) from pspadm.PSP_FINANCIAL_TRANS_STATE partition (FINANCIAL_TXN_STATE_M102017)FINANCIAL_TXN_STATE_M102017;

  COUNT(*)                                                                      
----------                                                                      
  34764634                                                                      

1 row selected.

Elapsed: 00:00:35.49
02:10:43 SQL> select /*+ FULL(FINANCIAL_TXN_STATE_M112017) parallel(FINANCIAL_TXN_STATE_M112017 ,4) */count(*) from pspadm.PSP_FINANCIAL_TRANS_STATE partition (FINANCIAL_TXN_STATE_M112017)FINANCIAL_TXN_STATE_M112017;

  COUNT(*)                                                                      
----------                                                                      
  35273384                                                                      

1 row selected.

Elapsed: 00:00:34.88
02:11:18 SQL> select /*+ FULL(FINANCIAL_TXN_STATE_M122017) parallel(FINANCIAL_TXN_STATE_M122017 ,4) */count(*) from pspadm.PSP_FINANCIAL_TRANS_STATE partition (FINANCIAL_TXN_STATE_M122017)FINANCIAL_TXN_STATE_M122017;

  COUNT(*)                                                                      
----------                                                                      
  32691339                                                                      

1 row selected.

Elapsed: 00:00:31.76
02:11:49 SQL> select /*+ FULL(FINANCIAL_TXN_STATE_M012018) parallel(FINANCIAL_TXN_STATE_M012018 ,4) */count(*) from pspadm.PSP_FINANCIAL_TRANS_STATE partition (FINANCIAL_TXN_STATE_M012018)FINANCIAL_TXN_STATE_M012018;

  COUNT(*)                                                                      
----------                                                                      
  36672710                                                                      

1 row selected.

Elapsed: 00:00:36.05
02:12:25 SQL> select /*+ FULL(FINANCIAL_TXN_STATE_M022018) parallel(FINANCIAL_TXN_STATE_M022018 ,4) */count(*) from pspadm.PSP_FINANCIAL_TRANS_STATE partition (FINANCIAL_TXN_STATE_M022018)FINANCIAL_TXN_STATE_M022018;

  COUNT(*)                                                                      
----------                                                                      
  31551819                                                                      

1 row selected.

Elapsed: 00:00:31.97
02:12:57 SQL> select /*+ FULL(FINANCIAL_TXN_STATE_M032018) parallel(FINANCIAL_TXN_STATE_M032018 ,4) */count(*) from pspadm.PSP_FINANCIAL_TRANS_STATE partition (FINANCIAL_TXN_STATE_M032018)FINANCIAL_TXN_STATE_M032018;

  COUNT(*)                                                                      
----------                                                                      
  33336852                                                                      

1 row selected.

Elapsed: 00:00:32.98
02:13:30 SQL> select /*+ FULL(FINANCIAL_TXN_STATE_M042018) parallel(FINANCIAL_TXN_STATE_M042018 ,4) */count(*) from pspadm.PSP_FINANCIAL_TRANS_STATE partition (FINANCIAL_TXN_STATE_M042018)FINANCIAL_TXN_STATE_M042018;

  COUNT(*)                                                                      
----------                                                                      
  34764042                                                                      

1 row selected.

Elapsed: 00:00:34.83
02:14:05 SQL> select /*+ FULL(FINANCIAL_TXN_STATE_M052018) parallel(FINANCIAL_TXN_STATE_M052018 ,4) */count(*) from pspadm.PSP_FINANCIAL_TRANS_STATE partition (FINANCIAL_TXN_STATE_M052018)FINANCIAL_TXN_STATE_M052018;

  COUNT(*)                                                                      
----------                                                                      
  37345065                                                                      

1 row selected.

Elapsed: 00:00:34.71
02:14:40 SQL> select /*+ FULL(FINANCIAL_TXN_STATE_M062018) parallel(FINANCIAL_TXN_STATE_M062018 ,4) */count(*) from pspadm.PSP_FINANCIAL_TRANS_STATE partition (FINANCIAL_TXN_STATE_M062018)FINANCIAL_TXN_STATE_M062018;

  COUNT(*)                                                                      
----------                                                                      
  34600096                                                                      

1 row selected.

Elapsed: 00:00:34.22
02:15:14 SQL> select /*+ FULL(FINANCIAL_TXN_STATE_M072018) parallel(FINANCIAL_TXN_STATE_M072018 ,4) */count(*) from pspadm.PSP_FINANCIAL_TRANS_STATE partition (FINANCIAL_TXN_STATE_M072018)FINANCIAL_TXN_STATE_M072018;

  COUNT(*)                                                                      
----------                                                                      
  36625108                                                                      

1 row selected.

Elapsed: 00:00:36.66
02:15:51 SQL> select /*+ FULL(FINANCIAL_TXN_STATE_M082018) parallel(FINANCIAL_TXN_STATE_M082018 ,4) */count(*) from pspadm.PSP_FINANCIAL_TRANS_STATE partition (FINANCIAL_TXN_STATE_M082018)FINANCIAL_TXN_STATE_M082018;

  COUNT(*)                                                                      
----------                                                                      
  38308030                                                                      

1 row selected.

Elapsed: 00:00:37.58
02:16:28 SQL> select /*+ FULL(FINANCIAL_TXN_STATE_M092018) parallel(FINANCIAL_TXN_STATE_M092018 ,4) */count(*) from pspadm.PSP_FINANCIAL_TRANS_STATE partition (FINANCIAL_TXN_STATE_M092018)FINANCIAL_TXN_STATE_M092018;

  COUNT(*)                                                                      
----------                                                                      
  32877896                                                                      

1 row selected.

Elapsed: 00:00:32.20
02:17:00 SQL> select /*+ FULL(FINANCIAL_TXN_STATE_M102018) parallel(FINANCIAL_TXN_STATE_M102018 ,4) */count(*) from pspadm.PSP_FINANCIAL_TRANS_STATE partition (FINANCIAL_TXN_STATE_M102018)FINANCIAL_TXN_STATE_M102018;

  COUNT(*)                                                                      
----------                                                                      
  40024635                                                                      

1 row selected.

Elapsed: 00:00:40.33
02:17:41 SQL> select /*+ FULL(FINANCIAL_TXN_STATE_M112018) parallel(FINANCIAL_TXN_STATE_M112018 ,4) */count(*) from pspadm.PSP_FINANCIAL_TRANS_STATE partition (FINANCIAL_TXN_STATE_M112018)FINANCIAL_TXN_STATE_M112018;

  COUNT(*)                                                                      
----------                                                                      
  34838550                                                                      

1 row selected.

Elapsed: 00:00:36.02
02:18:17 SQL> select /*+ FULL(FINANCIAL_TXN_STATE_M122018) parallel(FINANCIAL_TXN_STATE_M122018 ,4) */count(*) from pspadm.PSP_FINANCIAL_TRANS_STATE partition (FINANCIAL_TXN_STATE_M122018)FINANCIAL_TXN_STATE_M122018;

  COUNT(*)                                                                      
----------                                                                      
  35654116                                                                      

1 row selected.

Elapsed: 00:00:35.38
02:18:52 SQL> select /*+ FULL(FINANCIAL_TXN_STATE_M012019) parallel(FINANCIAL_TXN_STATE_M012019 ,4) */count(*) from pspadm.PSP_FINANCIAL_TRANS_STATE partition (FINANCIAL_TXN_STATE_M012019)FINANCIAL_TXN_STATE_M012019;

  COUNT(*)                                                                      
----------                                                                      
  39074388                                                                      

1 row selected.

Elapsed: 00:00:37.84
02:19:30 SQL> select /*+ FULL(FINANCIAL_TXN_STATE_M022019) parallel(FINANCIAL_TXN_STATE_M022019 ,4) */count(*) from pspadm.PSP_FINANCIAL_TRANS_STATE partition (FINANCIAL_TXN_STATE_M022019)FINANCIAL_TXN_STATE_M022019;

  COUNT(*)                                                                      
----------                                                                      
  33474049                                                                      

1 row selected.

Elapsed: 00:00:32.48
02:20:03 SQL> select /*+ FULL(FINANCIAL_TXN_STATE_M032019) parallel(FINANCIAL_TXN_STATE_M032019 ,4) */count(*) from pspadm.PSP_FINANCIAL_TRANS_STATE partition (FINANCIAL_TXN_STATE_M032019)FINANCIAL_TXN_STATE_M032019;

  COUNT(*)                                                                      
----------                                                                      
  34000839                                                                      

1 row selected.

Elapsed: 00:00:27.14
02:20:30 SQL> select /*+ FULL(FINANCIAL_TXN_STATE_M042019) parallel(FINANCIAL_TXN_STATE_M042019 ,4) */count(*) from pspadm.PSP_FINANCIAL_TRANS_STATE partition (FINANCIAL_TXN_STATE_M042019)FINANCIAL_TXN_STATE_M042019;

  COUNT(*)                                                                      
----------                                                                      
  38045371                                                                      

1 row selected.

Elapsed: 00:00:31.68
02:21:01 SQL> select /*+ FULL(FINANCIAL_TXN_STATE_M052019) parallel(FINANCIAL_TXN_STATE_M052019 ,4) */count(*) from pspadm.PSP_FINANCIAL_TRANS_STATE partition (FINANCIAL_TXN_STATE_M052019)FINANCIAL_TXN_STATE_M052019;

  COUNT(*)                                                                      
----------                                                                      
  39564536                                                                      

1 row selected.

Elapsed: 00:00:29.55
02:21:31 SQL> select /*+ FULL(FINANCIAL_TXN_STATE_M062019) parallel(FINANCIAL_TXN_STATE_M062019 ,4) */count(*) from pspadm.PSP_FINANCIAL_TRANS_STATE partition (FINANCIAL_TXN_STATE_M062019)FINANCIAL_TXN_STATE_M062019;

  COUNT(*)                                                                      
----------                                                                      
  35082765                                                                      

1 row selected.

Elapsed: 00:00:25.00
02:21:56 SQL> select /*+ FULL(FINANCIAL_TXN_STATE_M072019) parallel(FINANCIAL_TXN_STATE_M072019 ,4) */count(*) from pspadm.PSP_FINANCIAL_TRANS_STATE partition (FINANCIAL_TXN_STATE_M072019)FINANCIAL_TXN_STATE_M072019;

  COUNT(*)                                                                      
----------                                                                      
  41712426                                                                      

1 row selected.

Elapsed: 00:00:29.59
02:22:25 SQL> select /*+ FULL(FINANCIAL_TXN_STATE_M082019) parallel(FINANCIAL_TXN_STATE_M082019 ,4) */count(*) from pspadm.PSP_FINANCIAL_TRANS_STATE partition (FINANCIAL_TXN_STATE_M082019)FINANCIAL_TXN_STATE_M082019;

  COUNT(*)                                                                      
----------                                                                      
  37358469                                                                      

1 row selected.

Elapsed: 00:00:30.41
02:22:56 SQL> select /*+ FULL(FINANCIAL_TXN_STATE_M092019) parallel(FINANCIAL_TXN_STATE_M092019 ,4) */count(*) from pspadm.PSP_FINANCIAL_TRANS_STATE partition (FINANCIAL_TXN_STATE_M092019)FINANCIAL_TXN_STATE_M092019;

  COUNT(*)                                                                      
----------                                                                      
  35686121                                                                      

1 row selected.

Elapsed: 00:00:34.50
02:23:30 SQL> select /*+ FULL(FINANCIAL_TXN_STATE_M102019) parallel(FINANCIAL_TXN_STATE_M102019 ,4) */count(*) from pspadm.PSP_FINANCIAL_TRANS_STATE partition (FINANCIAL_TXN_STATE_M102019)FINANCIAL_TXN_STATE_M102019;

  COUNT(*)                                                                      
----------                                                                      
  42412568                                                                      

1 row selected.

Elapsed: 00:00:38.13
02:24:09 SQL> select /*+ FULL(FINANCIAL_TXN_STATE_M112019) parallel(FINANCIAL_TXN_STATE_M112019 ,4) */count(*) from pspadm.PSP_FINANCIAL_TRANS_STATE partition (FINANCIAL_TXN_STATE_M112019)FINANCIAL_TXN_STATE_M112019;

  COUNT(*)                                                                      
----------                                                                      
  35187530                                                                      

1 row selected.

Elapsed: 00:00:28.83
02:24:37 SQL> select /*+ FULL(FINANCIAL_TXN_STATE_M122019) parallel(FINANCIAL_TXN_STATE_M122019 ,4) */count(*) from pspadm.PSP_FINANCIAL_TRANS_STATE partition (FINANCIAL_TXN_STATE_M122019)FINANCIAL_TXN_STATE_M122019;

  COUNT(*)                                                                      
----------                                                                      
  40588401                                                                      

1 row selected.

Elapsed: 00:00:35.60
02:25:13 SQL> 
02:25:13 SQL> spool off
