21:01:34 SQL> set echo on feedback on timing on
21:01:34 SQL> 
21:01:34 SQL> --disable online index rebuild cleanup job
21:01:34 SQL> select owner, job_name, enabled, state, next_run_date from DBA_SCHEDULER_JOBS where job_name ='CLEANUP_ONLINE_IND_BUILD';

OWNER                                                                           
--------------------------------------------------------------------------------
JOB_NAME                                                                        
--------------------------------------------------------------------------------
ENABL STATE                                                                     
----- ---------------                                                           
NEXT_RUN_DATE                                                                   
---------------------------------------------------------------------------     
SYS                                                                             
CLEANUP_ONLINE_IND_BUILD                                                        
TRUE  SCHEDULED                                                                 
28-MAY-22 01.00.41.709948 AM -04:00                                             
                                                                                

1 row selected.

Elapsed: 00:00:00.14
21:01:34 SQL> exec rdsadmin.rdsadmin_dbms_scheduler.disable('SYS.CLEANUP_ONLINE_IND_BUILD');

PL/SQL procedure successfully completed.

Elapsed: 00:00:00.01
21:01:34 SQL> select owner, job_name, enabled, state, next_run_date from DBA_SCHEDULER_JOBS where job_name ='CLEANUP_ONLINE_IND_BUILD';

OWNER                                                                           
--------------------------------------------------------------------------------
JOB_NAME                                                                        
--------------------------------------------------------------------------------
ENABL STATE                                                                     
----- ---------------                                                           
NEXT_RUN_DATE                                                                   
---------------------------------------------------------------------------     
SYS                                                                             
CLEANUP_ONLINE_IND_BUILD                                                        
FALSE DISABLED                                                                  
28-MAY-22 01.00.41.709948 AM -04:00                                             
                                                                                

1 row selected.

Elapsed: 00:00:00.00
21:01:34 SQL> 
21:01:34 SQL> exec dbms_streams.set_tag (hextoraw(3));

PL/SQL procedure successfully completed.

Elapsed: 00:00:00.01
21:01:34 SQL> 
21:01:34 SQL> alter index PSPADM.PSP_COMPENSATION_FK1 rebuild tablespace PSP_IDX02 online parallel 4;

Index altered.

Elapsed: 00:16:41.39
21:18:16 SQL> alter index PSPADM.PSP_COMPENSATION_FK1 noparallel;

Index altered.

Elapsed: 00:00:00.00
21:18:16 SQL> alter index PSPADM.PSP_COMPENSATION_FK2 rebuild tablespace PSP_IDX02 online parallel 4;

Index altered.

Elapsed: 00:17:56.79
21:36:12 SQL> alter index PSPADM.PSP_COMPENSATION_FK2 noparallel;

Index altered.

Elapsed: 00:00:00.00
21:36:12 SQL> alter index PSPADM.SYS_C0020691 rebuild tablespace PSP_IDX02 online parallel 4;

Index altered.

Elapsed: 00:10:15.58
21:46:28 SQL> alter index PSPADM.SYS_C0020691 noparallel;

Index altered.

Elapsed: 00:00:00.01
21:46:28 SQL> alter index PSPADM.PSP_PAYCHECK_USAGE_NU1 noparallel;

Index altered.

Elapsed: 00:00:00.08
21:46:28 SQL> alter index PSPADM.PSP_PAYCHECK_USAGE_NU1 rebuild tablespace PSP_IDX02 online parallel 4;

Index altered.

Elapsed: 00:06:44.32
21:53:12 SQL> alter index PSPADM.PSP_PAYCHECK_USAGE_NU1 noparallel;

Index altered.

Elapsed: 00:00:00.01
21:53:12 SQL> alter index PSPADM.PSP_PAYCHECK_USAGE_U1 rebuild tablespace PSP_IDX02 online parallel 4;

Index altered.

Elapsed: 00:11:53.42
22:05:06 SQL> alter index PSPADM.PSP_PAYCHECK_USAGE_U1 noparallel;

Index altered.

Elapsed: 00:00:00.01
22:05:06 SQL> alter index PSPADM.PSP_PAYCHECKUSAGE_FK1 rebuild tablespace PSP_IDX02 online parallel 4;

Index altered.

Elapsed: 00:10:24.40
22:15:30 SQL> alter index PSPADM.PSP_PAYCHECKUSAGE_FK1 noparallel;

Index altered.

Elapsed: 00:00:00.01
22:15:30 SQL> alter index PSPADM.PSP_PAYCHECKUSAGE_FK2 rebuild tablespace PSP_IDX02 online parallel 4;

Index altered.

Elapsed: 00:12:08.67
22:27:39 SQL> alter index PSPADM.PSP_PAYCHECKUSAGE_FK2 noparallel;

Index altered.

Elapsed: 00:00:00.00
22:27:39 SQL> alter index PSPADM.PSP_DISBURSE_ADVICE_TAX_LI_FK2 rebuild tablespace PSP_IDX02 online parallel 4;

Index altered.

Elapsed: 00:11:40.07
22:39:19 SQL> alter index PSPADM.PSP_DISBURSE_ADVICE_TAX_LI_FK2 noparallel;

Index altered.

Elapsed: 00:00:00.01
22:39:19 SQL> alter index PSPADM.SYS_C0020708 rebuild tablespace PSP_IDX02 online parallel 4;

Index altered.

Elapsed: 00:21:47.70
23:01:07 SQL> alter index PSPADM.SYS_C0020708 noparallel;

Index altered.

Elapsed: 00:00:00.01
23:01:07 SQL> alter index PSPADM.PSP_DISBURSE_ADVICE_TAX_LI_FK1 rebuild tablespace PSP_IDX02 online parallel 4;

Index altered.

Elapsed: 00:19:48.90
23:20:56 SQL> alter index PSPADM.PSP_DISBURSE_ADVICE_TAX_LI_FK1 noparallel;

Index altered.

Elapsed: 00:00:00.01
23:20:56 SQL> 
23:20:56 SQL> --enable online index rebuild cleanup job
23:20:56 SQL> select owner, job_name, enabled, state, next_run_date from DBA_SCHEDULER_JOBS where job_name ='CLEANUP_ONLINE_IND_BUILD';

OWNER                                                                           
--------------------------------------------------------------------------------
JOB_NAME                                                                        
--------------------------------------------------------------------------------
ENABL STATE                                                                     
----- ---------------                                                           
NEXT_RUN_DATE                                                                   
---------------------------------------------------------------------------     
SYS                                                                             
CLEANUP_ONLINE_IND_BUILD                                                        
FALSE DISABLED                                                                  
28-MAY-22 01.00.41.709948 AM -04:00                                             
                                                                                

1 row selected.

Elapsed: 00:00:00.01
23:20:56 SQL> exec rdsadmin.rdsadmin_dbms_scheduler.enable('SYS.CLEANUP_ONLINE_IND_BUILD');

PL/SQL procedure successfully completed.

Elapsed: 00:00:00.01
23:20:56 SQL> select owner, job_name, enabled, state, next_run_date from DBA_SCHEDULER_JOBS where job_name ='CLEANUP_ONLINE_IND_BUILD';

OWNER                                                                           
--------------------------------------------------------------------------------
JOB_NAME                                                                        
--------------------------------------------------------------------------------
ENABL STATE                                                                     
----- ---------------                                                           
NEXT_RUN_DATE                                                                   
---------------------------------------------------------------------------     
SYS                                                                             
CLEANUP_ONLINE_IND_BUILD                                                        
TRUE  SCHEDULED                                                                 
28-MAY-22 03.00.41.179676 AM -04:00                                             
                                                                                

1 row selected.

Elapsed: 00:00:00.01
23:20:56 SQL> 
23:20:56 SQL> spool off
