
SQL*Plus: Release 12.1.0.2.0 Production on Wed Mar 29 19:48:07 2023

Copyright (c) 1982, 2014, Oracle.  All rights reserved.

SQL> Connected.
SQL> SQL> SQL> 19:48:07 SQL> 19:48:07 SQL> 19:48:07 SQL> 
INSTANCE_NAME
----------------
HOST_NAME
----------------------------------------------------------------
PSPHPP01
ip-172-19-2-208


1 row selected.

Elapsed: 00:00:00.00
19:48:07 SQL> 19:48:07 SQL> 19:48:07 SQL> set echo on feedback on
19:48:07 SQL> spool CREATE_LOCAL_PK_ON_PARTITIONED_TABLES
19:48:07 SQL> ALTER TABLE PSPADM.PSP_COMPENSATION ADD CONSTRAINT PSP_COMPENSATION_PK PRIMARY KEY (COMPANY_FK,COMPENSATION_SEQ) USING INDEX LOCAL TABLESPACE PSP_IDX01 ENABLE;

Table altered.

Elapsed: 01:16:37.32
21:04:44 SQL> ALTER TABLE PSPADM.PSP_LEDGER_BALANCE ADD CONSTRAINT PSP_LEDGER_BALANCE_PK PRIMARY KEY (COMPANY_FK,LEDGER_BALANCE_SEQ) USING INDEX  TABLESPACE PSP_IDX04 ENABLE;

Table altered.

Elapsed: 00:45:22.46
21:50:07 SQL> ALTER TABLE PSPADM.PSP_MONEY_MOVEMENT_TRANSACTION ADD CONSTRAINT PSP_MONEY_MOVEMENT_TRANSACTION_PK PRIMARY KEY (COMPANY_FK,MONEY_MOVEMENT_TRANSACTION_SEQ) USING INDEX	TABLESPACE PSP_IDX01 ENABLE;

SQL*Plus: Release 12.1.0.2.0 Production on Wed Mar 29 22:32:35 2023

Copyright (c) 1982, 2014, Oracle.  All rights reserved.

SQL> Connected.
SQL> SQL> SQL> 22:32:36 SQL> 22:32:36 SQL> 22:32:36 SQL> 
INSTANCE_NAME
----------------
HOST_NAME
----------------------------------------------------------------
PSPHPP01
ip-172-19-2-208


1 row selected.

Elapsed: 00:00:00.00
22:32:36 SQL> 22:32:36 SQL> 22:32:36 SQL> set echo on feedback on timing on
22:32:36 SQL> spool L
22:32:36 SQL> ALTER TABLE PSPADM.PSP_TAX ADD CONSTRAINT PSP_TAX_PK PRIMARY KEY (COMPANY_FK,TAX_SEQ) USING INDEX parallel (degree 8) TABLESPACE PSP_IDX04 ENABLE;
ALTER TABLE PSPADM.PSP_TAX ADD CONSTRAINT PSP_TAX_PK PRIMARY KEY (COMPANY_FK,TAX_SEQ) USING INDEX parallel (degree 8) TABLESPACE PSP_IDX04 ENABLE
                                                                                                  *
ERROR at line 1:
ORA-03001: unimplemented feature


Elapsed: 00:00:00.00
22:32:36 SQL> spool off
22:32:36 SQL> Disconnected from Oracle Database 19c Enterprise Edition Release 19.0.0.0.0 - Production
ALTER TABLE PSPADM.PSP_MONEY_MOVEMENT_TRANSACTION ADD CONSTRAINT PSP_MONEY_MOVEMENT_TRANSACTION_PK PRIMARY KEY (COMPANY_FK,MONEY_MOVEMENT_TRANSACTION_SEQ) USING INDEX	TABLESPACE PSP_IDX01 ENABLE
*
ERROR at line 1:
ORA-03113: end-of-file on communication channel
Process ID: 65339
Session ID: 7756 Serial number: 37584


Elapsed: 01:11:19.63
23:01:26 SQL> ALTER TABLE PSPADM.PSP_COMPANY_EVENT ADD CONSTRAINT PSP_COMPANY_EVENT_PK PRIMARY KEY (COMPANY_FK,COMPANY_EVENT_SEQ) USING INDEX LOCAL TABLESPACE PSP_IDX02 ENABLE;
ERROR:
ORA-03114: not connected to ORACLE


Elapsed: 00:00:00.00
23:01:26 SQL> ALTER TABLE PSPADM.PSP_COMPANY_EVENT_DETAIL ADD CONSTRAINT PSP_COMPANY_EVENT_DETAIL_PK PRIMARY KEY (COMPANY_FK,COMPANY_EVENT_DETAIL_SEQ) USING INDEX LOCAL TABLESPACE PSP_IDX03 ENABLE;
ERROR:
ORA-03114: not connected to ORACLE


Elapsed: 00:00:00.00
23:01:26 SQL> ALTER TABLE PSPADM.PSP_COMPANY_EVENT_EMAIL_PARAM ADD CONSTRAINT PSP_COMPANY_EVENT_EMAIL_PARAM_PK PRIMARY KEY (COMPANY_FK,COMPANY_EVENT_EMAIL_PARAM_SEQ) USING INDEX LOCAL TABLESPACE PSP_IDX04 ENABLE;
ERROR:
ORA-03114: not connected to ORACLE


Elapsed: 00:00:00.00
23:01:26 SQL> ALTER TABLE PSPADM.PSP_FINANCIAL_TRANSACTION ADD CONSTRAINT PSP_FINANCIAL_TRANSACTION_PK PRIMARY KEY (COMPANY_FK,FINANCIAL_TRANSACTION_SEQ) USING INDEX  TABLESPACE PSP_IDX01 ENABLE;
ERROR:
ORA-03114: not connected to ORACLE


Elapsed: 00:00:00.00
23:01:26 SQL> ALTER TABLE PSPADM.PSP_PAYCHECK ADD CONSTRAINT PSP_PAYCHECK_PK PRIMARY KEY (COMPANY_FK,PAYCHECK_SEQ) USING INDEX	TABLESPACE PSP_IDX02 ENABLE;
ERROR:
ORA-03114: not connected to ORACLE


Elapsed: 00:00:00.00
23:01:26 SQL> ALTER TABLE PSPADM.PSP_PAYCHECK_SPLIT ADD CONSTRAINT PSP_PAYCHECK_SPLIT_PK PRIMARY KEY (COMPANY_FK,PAYCHECK_SPLIT_SEQ) USING INDEX  TABLESPACE PSP_IDX03 ENABLE;
ERROR:
ORA-03114: not connected to ORACLE


Elapsed: 00:00:00.00
23:01:26 SQL> ALTER TABLE PSPADM.PSP_PROPERTY_AUDIT ADD CONSTRAINT PSP_PROPERTY_AUDIT_PK PRIMARY KEY (COMPANY_FK,PROPERTY_AUDIT_SEQ) USING INDEX  TABLESPACE PSP_IDX04 ENABLE;
ERROR:
ORA-03114: not connected to ORACLE


Elapsed: 00:00:00.00
23:01:26 SQL> ALTER TABLE PSPADM.PSP_QBDT_PAYCHECK_INFO ADD CONSTRAINT PSP_QBDT_PAYCHECK_INFO_PK PRIMARY KEY (COMPANY_FK,QBDT_PAYCHECK_INFO_SEQ) USING INDEX	TABLESPACE PSP_IDX01 ENABLE;
ERROR:
ORA-03114: not connected to ORACLE


Elapsed: 00:00:00.00
23:01:26 SQL> ALTER TABLE PSPADM.PSP_QBDT_PAYLINE_INFO ADD CONSTRAINT PSP_QBDT_PAYLINE_INFO_PK PRIMARY KEY (COMPANY_FK,QBDT_PAYLINE_INFO_SEQ) USING INDEX  TABLESPACE PSP_IDX03 ENABLE;
ERROR:
ORA-03114: not connected to ORACLE


Elapsed: 00:00:00.00
23:01:26 SQL> ALTER TABLE PSPADM.PSP_ENTRY_DETAIL_RECORD ADD CONSTRAINT PSP_ENTRY_DETAIL_RECORD_PK PRIMARY KEY (COMPANY_FK,ENTRY_DETAIL_RECORD_SEQ) USING INDEX LOCAL TABLESPACE PSP_IDX02 ENABLE;
ERROR:
ORA-03114: not connected to ORACLE


Elapsed: 00:00:00.00
23:01:26 SQL> ALTER TABLE PSPADM.PSP_FINANCIAL_TRANS_STATE ADD CONSTRAINT PSP_FINANCIAL_TRANS_STATE_PK PRIMARY KEY (COMPANY_FK,FINANCIAL_TRANS_STATE_SEQ) USING INDEX  TABLESPACE PSP_IDX03 ENABLE;
ERROR:
ORA-03114: not connected to ORACLE


Elapsed: 00:00:00.00
23:01:26 SQL> ALTER TABLE PSPADM.PSP_PSTUB_PAY_ITEM ADD CONSTRAINT PSP_PSTUB_PAY_ITEM_PK PRIMARY KEY (COMPANY_FK,PSTUB_PAY_ITEM_SEQ) USING INDEX  TABLESPACE PSP_IDX01 ENABLE;
ERROR:
ORA-03114: not connected to ORACLE


Elapsed: 00:00:00.00
23:01:26 SQL> ALTER TABLE PSPADM.PSP_TAX ADD CONSTRAINT PSP_TAX_PK PRIMARY KEY (COMPANY_FK,TAX_SEQ) USING INDEX  TABLESPACE PSP_IDX04 ENABLE;
ERROR:
ORA-03114: not connected to ORACLE


Elapsed: 00:00:00.00
23:01:26 SQL> ALTER TABLE PSPADM.PSP_DISBURSE_ADVICE_TAX_LIAB ADD CONSTRAINT PSP_DISBURSE_ADVICE_TAX_LIAB_PK PRIMARY KEY (COMPANY_FK,DISBURSE_ADVICE_TAX_LIAB_SEQ) USING INDEX LOCAL TABLESPACE PSP_IDX01 ENABLE;
ERROR:
ORA-03114: not connected to ORACLE


Elapsed: 00:00:00.00
23:01:26 SQL> ALTER TABLE PSPADM.PSP_QBDT_TRANSACTION_INFO ADD CONSTRAINT PSP_QBDT_TRANSACTION_INFO_PK PRIMARY KEY (COMPANY_FK,QBDT_TRANSACTION_INFO_SEQ) USING INDEX  TABLESPACE PSP_IDX02 ENABLE;
ERROR:
ORA-03114: not connected to ORACLE


Elapsed: 00:00:00.00
23:01:26 SQL> ALTER TABLE PSPADM.PSP_PAYSTUB ADD CONSTRAINT PSP_PAYSTUB_PK PRIMARY KEY (COMPANY_FK,PAYSTUB_SEQ) USING INDEX  TABLESPACE PSP_IDX03 ENABLE;
ERROR:
ORA-03114: not connected to ORACLE


Elapsed: 00:00:00.00
23:01:26 SQL> ALTER TABLE PSPADM.PSP_DEDUCTION ADD CONSTRAINT PSP_DEDUCTION_PK PRIMARY KEY (COMPANY_FK,DEDUCTION_SEQ) USING INDEX  TABLESPACE PSP_IDX04 ENABLE;
ERROR:
ORA-03114: not connected to ORACLE


Elapsed: 00:00:00.00
23:01:26 SQL> ALTER TABLE PSPADM.PSP_PSTUB_PAID_TIMEOFF_ITEM ADD CONSTRAINT PSP_PSTUB_PAID_TIMEOFF_ITEM_PK PRIMARY KEY (COMPANY_FK,PSTUB_PAID_TIMEOFF_ITEM_SEQ) USING INDEX  TABLESPACE PSP_IDX01 ENABLE;
ERROR:
ORA-03114: not connected to ORACLE


Elapsed: 00:00:00.00
23:01:26 SQL> ALTER TABLE PSPADM.PSP_PSTUB_EMPLOYEE_INFO ADD CONSTRAINT PSP_PSTUB_EMPLOYEE_INFO_PK PRIMARY KEY (COMPANY_FK,PSTUB_EMPLOYEE_INFO_SEQ) USING INDEX  TABLESPACE PSP_IDX02 ENABLE;
ERROR:
ORA-03114: not connected to ORACLE


Elapsed: 00:00:00.00
23:01:26 SQL> 
23:01:26 SQL> spool off
23:01:26 SQL> Disconnected from Oracle Database 19c Enterprise Edition Release 19.0.0.0.0 - Production
