01:06:20 SQL> select /*+ FULL(PAYCHKSPLIT_BA12023) parallel(PAYCHKSPLIT_BA12023 ,4) */count(*) from pspadm.PSP_PAYCHECK_SPLIT partition (PAYCHKSPLIT_BA12023)PAYCHKSPLIT_BA12023 ;

  COUNT(*)                                                                      
----------                                                                      
  55333002                                                                      

1 row selected.

Elapsed: 00:01:28.47
01:07:48 SQL> select /*+ FULL(PAYCHKSPLIT_BA22023) parallel(PAYCHKSPLIT_BA22023 ,4) */count(*) from pspadm.PSP_PAYCHECK_SPLIT partition (PAYCHKSPLIT_BA22023)PAYCHKSPLIT_BA22023 ;

  COUNT(*)                                                                      
----------                                                                      
    726868                                                                      

1 row selected.

Elapsed: 00:00:03.59
01:07:52 SQL> select /*+ FULL(PAYCHKSPLIT_BA12022) parallel(PAYCHKSPLIT_BA12022 ,4) */count(*) from pspadm.PSP_PAYCHECK_SPLIT partition (PAYCHKSPLIT_BA12022)PAYCHKSPLIT_BA12022 ;

  COUNT(*)                                                                      
----------                                                                      
  55267991                                                                      

1 row selected.

Elapsed: 00:02:02.55
01:09:54 SQL> select /*+ FULL(PAYCHKSPLIT_BA22022) parallel(PAYCHKSPLIT_BA22022 ,4) */count(*) from pspadm.PSP_PAYCHECK_SPLIT partition (PAYCHKSPLIT_BA22022)PAYCHKSPLIT_BA22022 ;

  COUNT(*)                                                                      
----------                                                                      
  56875433                                                                      

1 row selected.

Elapsed: 00:02:11.88
01:12:06 SQL> select /*+ FULL(PAYCHKSPLIT_BA12020) parallel(PAYCHKSPLIT_BA12020 ,4) */count(*) from pspadm.PSP_PAYCHECK_SPLIT partition (PAYCHKSPLIT_BA12020)PAYCHKSPLIT_BA12020 ;

  COUNT(*)                                                                      
----------                                                                      
  48821250                                                                      

1 row selected.

Elapsed: 00:01:51.47
01:13:58 SQL> select /*+ FULL(PAYCHKSPLIT_BA22020) parallel(PAYCHKSPLIT_BA22020 ,4) */count(*) from pspadm.PSP_PAYCHECK_SPLIT partition (PAYCHKSPLIT_BA22020)PAYCHKSPLIT_BA22020 ;

  COUNT(*)                                                                      
----------                                                                      
  52374142                                                                      

1 row selected.

Elapsed: 00:02:17.19
01:16:15 SQL> select /*+ FULL(PAYCHKSPLIT_BA12021) parallel(PAYCHKSPLIT_BA12021 ,4) */count(*) from pspadm.PSP_PAYCHECK_SPLIT partition (PAYCHKSPLIT_BA12021)PAYCHKSPLIT_BA12021 ;

  COUNT(*)                                                                      
----------                                                                      
  52761885                                                                      

1 row selected.

Elapsed: 00:02:12.99
01:18:28 SQL> select /*+ FULL(PAYCHKSPLIT_BA22021) parallel(PAYCHKSPLIT_BA22021 ,4) */count(*) from pspadm.PSP_PAYCHECK_SPLIT partition (PAYCHKSPLIT_BA22021)PAYCHKSPLIT_BA22021 ;

  COUNT(*)                                                                      
----------                                                                      
  55669651                                                                      

1 row selected.

Elapsed: 00:02:07.56
01:20:36 SQL> select /*+ FULL(PAYCHKSPLIT_9999) parallel(PAYCHKSPLIT_9999 ,4) */count(*) from pspadm.PSP_PAYCHECK_SPLIT partition (PAYCHKSPLIT_9999)PAYCHKSPLIT_9999 ;

  COUNT(*)                                                                      
----------                                                                      
         0                                                                      

1 row selected.

Elapsed: 00:00:00.05
01:20:36 SQL> spool off
