00:48:07 SQL> select /*+ FULL(MONEY_MOVEMENT_TXN_MG12023) parallel(MONEY_MOVEMENT_TXN_MG12023 ,4) */count(*) from pspadm.PSP_MONEY_MOVEMENT_TRANSACTION partition (MONEY_MOVEMENT_TXN_MG12023)MONEY_MOVEMENT_TXN_MG12023 ;

  COUNT(*)                                                                      
----------                                                                      
  21507586                                                                      

1 row selected.

Elapsed: 00:01:21.74
00:49:29 SQL> select /*+ FULL(MONEY_MOVEMENT_TXN_MG22023) parallel(MONEY_MOVEMENT_TXN_MG22023 ,4) */count(*) from pspadm.PSP_MONEY_MOVEMENT_TRANSACTION partition (MONEY_MOVEMENT_TXN_MG22023)MONEY_MOVEMENT_TXN_MG22023 ;

  COUNT(*)                                                                      
----------                                                                      
  23146658                                                                      

1 row selected.

Elapsed: 00:01:25.45
00:50:54 SQL> select /*+ FULL(MONEY_MOVEMENT_TXN_MG32023) parallel(MONEY_MOVEMENT_TXN_MG32023 ,4) */count(*) from pspadm.PSP_MONEY_MOVEMENT_TRANSACTION partition (MONEY_MOVEMENT_TXN_MG32023)MONEY_MOVEMENT_TXN_MG32023 ;

  COUNT(*)                                                                      
----------                                                                      
  24136782                                                                      

1 row selected.

Elapsed: 00:00:55.70
00:51:50 SQL> select /*+ FULL(MONEY_MOVEMENT_TXN_MG42023) parallel(MONEY_MOVEMENT_TXN_MG42023 ,4) */count(*) from pspadm.PSP_MONEY_MOVEMENT_TRANSACTION partition (MONEY_MOVEMENT_TXN_MG42023)MONEY_MOVEMENT_TXN_MG42023 ;

  COUNT(*)                                                                      
----------                                                                      
   1154972                                                                      

1 row selected.

Elapsed: 00:00:09.22
00:51:59 SQL> select /*+ FULL(MONEY_MOVEMENT_TXN_MG52023) parallel(MONEY_MOVEMENT_TXN_MG52023 ,4) */count(*) from pspadm.PSP_MONEY_MOVEMENT_TRANSACTION partition (MONEY_MOVEMENT_TXN_MG52023)MONEY_MOVEMENT_TXN_MG52023 ;

  COUNT(*)                                                                      
----------                                                                      
     14079                                                                      

1 row selected.

Elapsed: 00:00:00.62
00:52:00 SQL> select /*+ FULL(MONEY_MOVEMENT_TXN_MG62023) parallel(MONEY_MOVEMENT_TXN_MG62023 ,4) */count(*) from pspadm.PSP_MONEY_MOVEMENT_TRANSACTION partition (MONEY_MOVEMENT_TXN_MG62023)MONEY_MOVEMENT_TXN_MG62023 ;

  COUNT(*)                                                                      
----------                                                                      
         3                                                                      

1 row selected.

Elapsed: 00:00:00.10
00:52:00 SQL> select /*+ FULL(MONEY_MOVEMENT_TXN_MG12022) parallel(MONEY_MOVEMENT_TXN_MG12022 ,4) */count(*) from pspadm.PSP_MONEY_MOVEMENT_TRANSACTION partition (MONEY_MOVEMENT_TXN_MG12022)MONEY_MOVEMENT_TXN_MG12022 ;

  COUNT(*)                                                                      
----------                                                                      
  21030033                                                                      

1 row selected.

Elapsed: 00:01:16.38
00:53:16 SQL> select /*+ FULL(MONEY_MOVEMENT_TXN_MG22022) parallel(MONEY_MOVEMENT_TXN_MG22022 ,4) */count(*) from pspadm.PSP_MONEY_MOVEMENT_TRANSACTION partition (MONEY_MOVEMENT_TXN_MG22022)MONEY_MOVEMENT_TXN_MG22022 ;

  COUNT(*)                                                                      
----------                                                                      
  23592457                                                                      

1 row selected.

Elapsed: 00:01:27.33
00:54:43 SQL> select /*+ FULL(MONEY_MOVEMENT_TXN_MG32022) parallel(MONEY_MOVEMENT_TXN_MG32022 ,4) */count(*) from pspadm.PSP_MONEY_MOVEMENT_TRANSACTION partition (MONEY_MOVEMENT_TXN_MG32022)MONEY_MOVEMENT_TXN_MG32022 ;

  COUNT(*)                                                                      
----------                                                                      
  24319329                                                                      

1 row selected.

Elapsed: 00:00:55.28
00:55:39 SQL> select /*+ FULL(MONEY_MOVEMENT_TXN_MG42022) parallel(MONEY_MOVEMENT_TXN_MG42022 ,4) */count(*) from pspadm.PSP_MONEY_MOVEMENT_TRANSACTION partition (MONEY_MOVEMENT_TXN_MG42022)MONEY_MOVEMENT_TXN_MG42022 ;

  COUNT(*)                                                                      
----------                                                                      
  24190325                                                                      

1 row selected.

Elapsed: 00:00:54.09
00:56:33 SQL> select /*+ FULL(MONEY_MOVEMENT_TXN_MG52022) parallel(MONEY_MOVEMENT_TXN_MG52022 ,4) */count(*) from pspadm.PSP_MONEY_MOVEMENT_TRANSACTION partition (MONEY_MOVEMENT_TXN_MG52022)MONEY_MOVEMENT_TXN_MG52022 ;

  COUNT(*)                                                                      
----------                                                                      
  22486221                                                                      

1 row selected.

Elapsed: 00:01:13.12
00:57:46 SQL> select /*+ FULL(MONEY_MOVEMENT_TXN_MG62022) parallel(MONEY_MOVEMENT_TXN_MG62022 ,4) */count(*) from pspadm.PSP_MONEY_MOVEMENT_TRANSACTION partition (MONEY_MOVEMENT_TXN_MG62022)MONEY_MOVEMENT_TXN_MG62022 ;

  COUNT(*)                                                                      
----------                                                                      
  24023560                                                                      

1 row selected.

Elapsed: 00:00:51.04
00:58:37 SQL> select /*+ FULL(MONEY_MOVEMENT_TXN_MG12020) parallel(MONEY_MOVEMENT_TXN_MG12020 ,4) */count(*) from pspadm.PSP_MONEY_MOVEMENT_TRANSACTION partition (MONEY_MOVEMENT_TXN_MG12020)MONEY_MOVEMENT_TXN_MG12020 ;

  COUNT(*)                                                                      
----------                                                                      
  19690347                                                                      

1 row selected.

Elapsed: 00:01:03.14
00:59:40 SQL> select /*+ FULL(MONEY_MOVEMENT_TXN_MG22020) parallel(MONEY_MOVEMENT_TXN_MG22020 ,4) */count(*) from pspadm.PSP_MONEY_MOVEMENT_TRANSACTION partition (MONEY_MOVEMENT_TXN_MG22020)MONEY_MOVEMENT_TXN_MG22020 ;

  COUNT(*)                                                                      
----------                                                                      
  20442008                                                                      

1 row selected.

Elapsed: 00:01:08.01
01:00:48 SQL> select /*+ FULL(MONEY_MOVEMENT_TXN_MG32020) parallel(MONEY_MOVEMENT_TXN_MG32020 ,4) */count(*) from pspadm.PSP_MONEY_MOVEMENT_TRANSACTION partition (MONEY_MOVEMENT_TXN_MG32020)MONEY_MOVEMENT_TXN_MG32020 ;

  COUNT(*)                                                                      
----------                                                                      
  20100532                                                                      

1 row selected.

Elapsed: 00:01:08.77
01:01:57 SQL> select /*+ FULL(MONEY_MOVEMENT_TXN_MG42020) parallel(MONEY_MOVEMENT_TXN_MG42020 ,4) */count(*) from pspadm.PSP_MONEY_MOVEMENT_TRANSACTION partition (MONEY_MOVEMENT_TXN_MG42020)MONEY_MOVEMENT_TXN_MG42020 ;

  COUNT(*)                                                                      
----------                                                                      
  21059896                                                                      

1 row selected.

Elapsed: 00:01:03.76
01:03:01 SQL> select /*+ FULL(MONEY_MOVEMENT_TXN_MG52020) parallel(MONEY_MOVEMENT_TXN_MG52020 ,4) */count(*) from pspadm.PSP_MONEY_MOVEMENT_TRANSACTION partition (MONEY_MOVEMENT_TXN_MG52020)MONEY_MOVEMENT_TXN_MG52020 ;

  COUNT(*)                                                                      
----------                                                                      
  21933508                                                                      

1 row selected.

Elapsed: 00:01:07.17
01:04:08 SQL> select /*+ FULL(MONEY_MOVEMENT_TXN_MG62020) parallel(MONEY_MOVEMENT_TXN_MG62020 ,4) */count(*) from pspadm.PSP_MONEY_MOVEMENT_TRANSACTION partition (MONEY_MOVEMENT_TXN_MG62020)MONEY_MOVEMENT_TXN_MG62020 ;

  COUNT(*)                                                                      
----------                                                                      
  22372181                                                                      

1 row selected.

Elapsed: 00:01:11.22
01:05:19 SQL> select /*+ FULL(MONEY_MOVEMENT_TXN_MG12021) parallel(MONEY_MOVEMENT_TXN_MG12021 ,4) */count(*) from pspadm.PSP_MONEY_MOVEMENT_TRANSACTION partition (MONEY_MOVEMENT_TXN_MG12021)MONEY_MOVEMENT_TXN_MG12021 ;

  COUNT(*)                                                                      
----------                                                                      
  19602572                                                                      

1 row selected.

Elapsed: 00:01:01.76
01:06:21 SQL> select /*+ FULL(MONEY_MOVEMENT_TXN_MG22021) parallel(MONEY_MOVEMENT_TXN_MG22021 ,4) */count(*) from pspadm.PSP_MONEY_MOVEMENT_TRANSACTION partition (MONEY_MOVEMENT_TXN_MG22021)MONEY_MOVEMENT_TXN_MG22021 ;

  COUNT(*)                                                                      
----------                                                                      
  22738369                                                                      

1 row selected.

Elapsed: 00:01:11.23
01:07:32 SQL> select /*+ FULL(MONEY_MOVEMENT_TXN_MG32021) parallel(MONEY_MOVEMENT_TXN_MG32021 ,4) */count(*) from pspadm.PSP_MONEY_MOVEMENT_TRANSACTION partition (MONEY_MOVEMENT_TXN_MG32021)MONEY_MOVEMENT_TXN_MG32021 ;

  COUNT(*)                                                                      
----------                                                                      
  23117841                                                                      

1 row selected.

Elapsed: 00:01:19.83
01:08:52 SQL> select /*+ FULL(MONEY_MOVEMENT_TXN_MG42021) parallel(MONEY_MOVEMENT_TXN_MG42021 ,4) */count(*) from pspadm.PSP_MONEY_MOVEMENT_TRANSACTION partition (MONEY_MOVEMENT_TXN_MG42021)MONEY_MOVEMENT_TXN_MG42021 ;

  COUNT(*)                                                                      
----------                                                                      
  22307650                                                                      

1 row selected.

Elapsed: 00:01:12.94
01:10:05 SQL> select /*+ FULL(MONEY_MOVEMENT_TXN_MG52021) parallel(MONEY_MOVEMENT_TXN_MG52021 ,4) */count(*) from pspadm.PSP_MONEY_MOVEMENT_TRANSACTION partition (MONEY_MOVEMENT_TXN_MG52021)MONEY_MOVEMENT_TXN_MG52021 ;

  COUNT(*)                                                                      
----------                                                                      
  23118774                                                                      

1 row selected.

Elapsed: 00:01:11.82
01:11:17 SQL> select /*+ FULL(MONEY_MOVEMENT_TXN_MG62021) parallel(MONEY_MOVEMENT_TXN_MG62021 ,4) */count(*) from pspadm.PSP_MONEY_MOVEMENT_TRANSACTION partition (MONEY_MOVEMENT_TXN_MG62021)MONEY_MOVEMENT_TXN_MG62021 ;

  COUNT(*)                                                                      
----------                                                                      
  23863563                                                                      

1 row selected.

Elapsed: 00:00:47.90
01:12:05 SQL> select /*+ FULL(MONEY_MOVEMENT_TXN_9999) parallel(MONEY_MOVEMENT_TXN_9999 ,4) */count(*) from pspadm.PSP_MONEY_MOVEMENT_TRANSACTION partition (MONEY_MOVEMENT_TXN_9999)MONEY_MOVEMENT_TXN_9999 ;

  COUNT(*)                                                                      
----------                                                                      
         6                                                                      

1 row selected.

Elapsed: 00:00:00.09
01:12:05 SQL> spool off
