22:57:42 SQL> 
22:57:42 SQL> CREATE INDEX PSPADM.PSP_FRAUDBANKACCOUNT_FK1 ON PSPADM.PSP_FRAUD_BANK_ACCOUNT (COMPANY_FK) online parallel (degree 4) TABLESPACE PSP_IDX01;

Index created.

Elapsed: 00:00:00.92
22:57:43 SQL> CREATE INDEX PSPADM.PSP_FRAUD_ACCOUNT_ENC_I1 ON PSPADM.PSP_FRAUD_BANK_ACCOUNT (ACCOUNT_NUMBER_ENC) online parallel (degree 4) TABLESPACE PSP_IDX01;

Index created.

Elapsed: 00:00:00.44
22:57:44 SQL> CREATE INDEX PSPADM.PSP_FRAUDCOMPANY_FK1 ON PSPADM.PSP_FRAUD_COMPANY (COMPANY_FK) online parallel (degree 4) TABLESPACE PSP_IDX02;

Index created.

Elapsed: 00:00:00.13
22:57:44 SQL> CREATE INDEX PSPADM.PSP_FRAUDCONTACT_FK1 ON PSPADM.PSP_FRAUD_CONTACT (COMPANY_FK) online parallel (degree 4) TABLESPACE PSP_IDX01;

Index created.

Elapsed: 00:00:00.16
22:57:44 SQL> CREATE INDEX PSPADM.PSP_FRAUD_EVENT_FK1 ON PSPADM.PSP_FRAUD_EVENT (COMPANY_FK,COMPANY_EVENT_FK) online parallel (degree 4) TABLESPACE PSP_IDX02;

Index created.

Elapsed: 00:00:01.54
22:57:45 SQL> CREATE INDEX PSPADM.PSP_FRAUD_EVENT_FK2 ON PSPADM.PSP_FRAUD_EVENT (PAYROLL_RUN_FK) online parallel (degree 4) TABLESPACE PSP_IDX02;

Index created.

Elapsed: 00:00:00.36
22:57:46 SQL> CREATE INDEX PSPADM.PSP_FRAUD_EVENT_FK3 ON PSPADM.PSP_FRAUD_EVENT (COMPANY_FK) online parallel (degree 4) TABLESPACE PSP_IDX02;

Index created.

Elapsed: 00:00:00.39
22:57:46 SQL> CREATE INDEX PSPADM.PSP_FRAUD_EVENT_FK4 ON PSPADM.PSP_FRAUD_EVENT (EMPLOYEE_FK) online parallel (degree 4) TABLESPACE PSP_IDX02;

Index created.

Elapsed: 00:00:00.35
22:57:46 SQL> CREATE INDEX PSPADM.PSP_FRAUD_EVENT_I1 ON PSPADM.PSP_FRAUD_EVENT (EVENT_STATUS_CD,EVENT_TIME_STAMP) online parallel (degree 4) TABLESPACE PSP_IDX02;

Index created.

Elapsed: 00:00:00.45
22:57:47 SQL> CREATE INDEX PSPADM.PSP_FRAUDVALUE_FK1 ON PSPADM.PSP_FRAUD_VALUE (FRAUD_RULE_FK) online parallel (degree 4) TABLESPACE PSP_IDX02;

Index created.

Elapsed: 00:00:00.09
22:57:47 SQL> CREATE INDEX PSPADM.PSP_FSET_FILING_DETAIL_FK1 ON PSPADM.PSP_FSET_FILING_DETAIL (RESPONSE_FILE_FK) online parallel (degree 4) TABLESPACE PSP_IDX02;

Index created.

Elapsed: 00:00:00.25
22:57:47 SQL> CREATE INDEX PSPADM.PSP_FSET_FILING_DETAIL_FK2 ON PSPADM.PSP_FSET_FILING_DETAIL (PARENT_FILE_FK) online parallel (degree 4) TABLESPACE PSP_IDX02;

Index created.

Elapsed: 00:00:00.07
22:57:47 SQL> CREATE INDEX PSPADM.PSP_FSET_FILING_DETAIL_FK3 ON PSPADM.PSP_FSET_FILING_DETAIL (COMPANY_FK,MONEY_MOVEMENT_TRANSACTION_FK) online parallel (degree 4) TABLESPACE PSP_IDX02;

Index created.

Elapsed: 00:00:00.10
22:57:47 SQL> CREATE INDEX PSPADM.PSP_GEMS_LEDGER_POSTING_RU_FK1 ON PSPADM.PSP_GEMS_LEDGER_POSTING_RULE (LEDGER_ACCOUNT_FK) online parallel (degree 4) TABLESPACE PSP_IDX02;

Index created.

Elapsed: 00:00:00.07
22:57:48 SQL> CREATE INDEX PSPADM.PSP_GEMS_MONTHLY_BALANCE_FK1 ON PSPADM.PSP_GEMS_MONTHLY_BALANCE (GEMS_LEDGER_POSTING_RULE_FK) online parallel (degree 4) TABLESPACE PSP_IDX01;

Index created.

Elapsed: 00:00:00.11
22:57:48 SQL> CREATE INDEX PSPADM.PSP_GEMS_MONTHLY_BALANCE_FK2 ON PSPADM.PSP_GEMS_MONTHLY_BALANCE (GEMS_UPLOAD_BATCH_FK) online parallel (degree 4) TABLESPACE PSP_IDX01;

Index created.

Elapsed: 00:00:00.06
22:57:48 SQL> CREATE INDEX PSPADM.PSP_HOURS_WORKED_EXCEPTION_FK1 ON PSPADM.PSP_HOURS_WORKED_EXCEPTION (LAW_FK) online parallel (degree 4) TABLESPACE PSP_IDX01;

Index created.

Elapsed: 00:00:00.13
22:57:48 SQL> CREATE INDEX PSPADM.PSP_INDIVIDUAL_FK1 ON PSPADM.PSP_INDIVIDUAL (MAILING_ADDRESS_FK) online parallel (degree 4) TABLESPACE PSP_IDX02;

Index created.

Elapsed: 00:01:51.52
22:59:39 SQL> CREATE INDEX PSPADM.PSP_INDIVIDUAL_IDX1 ON PSPADM.PSP_INDIVIDUAL (LOWER(FIRST_NAME), LOWER(LAST_NAME)) online parallel (degree 4) TABLESPACE PSP_IDX02;

Index created.

Elapsed: 00:00:42.86
23:00:22 SQL> CREATE INDEX PSPADM.PSP_INDIV_EMAIL_IDX1 ON PSPADM.PSP_INDIVIDUAL (EMAIL) online parallel (degree 4) TABLESPACE PSP_IDX02;

Index created.

Elapsed: 00:00:48.62
23:01:11 SQL> CREATE INDEX PSPADM.PSP_INTUIT_BANK_ACCOUNT_FK1 ON PSPADM.PSP_INTUIT_BANK_ACCOUNT (BANK_ACCOUNT_FK) online parallel (degree 4) TABLESPACE PSP_IDX02;

Index created.

Elapsed: 00:00:00.07
23:01:11 SQL> CREATE INDEX PSPADM.PSP_INTUIT_BANK_ACCOUNT_TR_FK1 ON PSPADM.PSP_INTUIT_BANK_ACC_TXN_TYPE (INTUIT_BANK_ACCOUNT_FK) online parallel (degree 4) TABLESPACE PSP_IDX01;

Index created.

Elapsed: 00:00:00.06
23:01:11 SQL> CREATE INDEX PSPADM.PSP_INTUIT_BANK_ACCOUNT_TR_FK2 ON PSPADM.PSP_INTUIT_BANK_ACC_TXN_TYPE (TRANSACTION_TYPE_FK) online parallel (degree 4) TABLESPACE PSP_IDX01;

Index created.

Elapsed: 00:00:00.05
23:01:11 SQL> CREATE INDEX PSPADM.PSP_INTUIT_BABATCH_TYPE_FI_FK1 ON PSPADM.PSP_INTUIT_BA_BT_FT (INTUIT_BANK_ACCOUNT_FK) online parallel (degree 4) TABLESPACE PSP_IDX02;

Index created.

Elapsed: 00:00:00.08
23:01:11 SQL> CREATE INDEX PSPADM.PSP_INTUIT_SHIPPER_INFO_FK1 ON PSPADM.PSP_INTUIT_SHIPPER_INFO (SHIPPER_ADDRESS_FK) online parallel (degree 4) TABLESPACE PSP_IDX01;

Index created.

Elapsed: 00:00:00.05
23:01:11 SQL> CREATE INDEX PSPADM.PSP_LAW_FK1 ON PSPADM.PSP_LAW (PAYMENT_TEMPLATE_FK) online parallel (degree 4) TABLESPACE PSP_IDX01;

Index created.

Elapsed: 00:00:00.07
23:01:11 SQL> CREATE INDEX PSPADM.PSP_LAW_RATE_RANGE_FK1 ON PSPADM.PSP_LAW_RATE_RANGE (LAW_FK) online parallel (degree 4) TABLESPACE PSP_IDX02;

Index created.

Elapsed: 00:00:00.07
23:01:11 SQL> CREATE INDEX PSPADM.PSP_LAW_RATE_VALUE_FK1 ON PSPADM.PSP_LAW_RATE_VALUE (LAW_FK) online parallel (degree 4) TABLESPACE PSP_IDX01;

Index created.

Elapsed: 00:00:00.07
23:01:11 SQL> CREATE INDEX PSPADM.PSP_LEDGER_ACCOUNT_ACTION_FK1 ON PSPADM.PSP_LEDGER_ACCOUNT_ACTION (ACTION_EVENT_FK) online parallel (degree 4) TABLESPACE PSP_IDX02;

Index created.

Elapsed: 00:00:00.05
23:01:11 SQL> CREATE INDEX PSPADM.PSP_LEDGER_ACCOUNT_ACTION_FK2 ON PSPADM.PSP_LEDGER_ACCOUNT_ACTION (LEDGER_ACCOUNT_FK) online parallel (degree 4) TABLESPACE PSP_IDX02;

Index created.

Elapsed: 00:00:00.06
23:01:11 SQL> CREATE INDEX PSPADM.PSP_LEDGERBALANCE_FK1 ON PSPADM.PSP_LEDGER_BALANCE (LEDGER_ACCOUNT_FK) local online parallel (degree 4) TABLESPACE PSP_IDX04;

Index created.

Elapsed: 00:18:45.70
23:19:57 SQL> CREATE INDEX PSPADM.PSP_LEDGERBALANCE_FK2 ON PSPADM.PSP_LEDGER_BALANCE (COMPANY_FK) local online parallel (degree 4) TABLESPACE PSP_IDX04;

Index created.

Elapsed: 00:23:07.70
23:43:05 SQL> CREATE INDEX PSPADM.PSP_LEDGER_BALANCE_I1 ON PSPADM.PSP_LEDGER_BALANCE (BALANCE_DATE) local online parallel (degree 4) TABLESPACE PSP_IDX04;

Index created.

Elapsed: 00:16:09.53
23:59:14 SQL> CREATE INDEX PSPADM.PSP_LEDGER_BALANCE_U1 ON PSPADM.PSP_LEDGER_BALANCE (TRUNC(BALANCE_DATE)) local online parallel (degree 4) TABLESPACE PSP_IDX04;

Index created.

Elapsed: 00:17:20.66
00:16:35 SQL> CREATE INDEX PSPADM.PSP_LEDGER_BALANCE_U2 ON PSPADM.PSP_LEDGER_BALANCE (COMPANY_FK, LEDGER_ACCOUNT_FK, TRUNC(BALANCE_DATE)) local online parallel (degree 4) TABLESPACE PSP_IDX04;

Index created.

Elapsed: 00:33:15.83
00:49:51 SQL> CREATE INDEX PSPADM.PSP_LEDGER_OPERATION_FK1 ON PSPADM.PSP_LEDGER_OPERATION (LAW_FK) online parallel (degree 4) TABLESPACE PSP_IDX04;

Index created.

Elapsed: 00:00:41.46
00:50:32 SQL> CREATE INDEX PSPADM.PSP_LEDGER_OPERATION_FK2 ON PSPADM.PSP_LEDGER_OPERATION (LEDGER_OPERATION_JOB_FK) online parallel (degree 4) TABLESPACE PSP_IDX04;

Index created.

Elapsed: 00:00:20.13
00:50:52 SQL> CREATE INDEX PSPADM.PSP_LIABILITY_ADJUSTMENT_FK1 ON PSPADM.PSP_LIABILITY_ADJUSTMENT (COMP_ADJUST_SUBMISSION_FK) online parallel (degree 4) TABLESPACE PSP_IDX04;

Index created.

Elapsed: 00:01:49.16
00:52:42 SQL> CREATE INDEX PSPADM.PSP_LIABILITY_ADJUSTMENT_FK2 ON PSPADM.PSP_LIABILITY_ADJUSTMENT (LAW_FK) online parallel (degree 4) TABLESPACE PSP_IDX04;

Index created.

Elapsed: 00:00:18.58
00:53:00 SQL> CREATE INDEX PSPADM.PSP_LIABILITY_ADJUSTMENT_FK3 ON PSPADM.PSP_LIABILITY_ADJUSTMENT (EMPLOYEE_FK) online parallel (degree 4) TABLESPACE PSP_IDX04;

Index created.

Elapsed: 00:00:08.74
00:53:09 SQL> CREATE INDEX PSPADM.PSP_LIABILITY_ADJUSTMENT_FK4 ON PSPADM.PSP_LIABILITY_ADJUSTMENT (PAYROLL_RUN_FK) online parallel (degree 4) TABLESPACE PSP_IDX04;

Index created.

Elapsed: 00:00:31.61
00:53:41 SQL> CREATE INDEX PSPADM.PSP_LIABILITY_ADJUSTMENT_FK6 ON PSPADM.PSP_LIABILITY_ADJUSTMENT (COMPANY_LAW_FK) online parallel (degree 4) TABLESPACE PSP_IDX04;

Index created.

Elapsed: 00:01:03.02
00:54:44 SQL> CREATE INDEX PSPADM.PSP_LIABILITY_ADJUSTMENT_FK7 ON PSPADM.PSP_LIABILITY_ADJUSTMENT (COMPANY_FK) online parallel (degree 4) TABLESPACE PSP_IDX04;

Index created.

Elapsed: 00:00:39.39
00:55:23 SQL> CREATE INDEX PSPADM.PSP_LIABILITY_CHECK_FK1 ON PSPADM.PSP_LIABILITY_CHECK (COMPANY_FK) online parallel (degree 4) TABLESPACE PSP_IDX03;

Index created.

Elapsed: 00:03:51.40
00:59:14 SQL> CREATE INDEX PSPADM.PSP_LIABILITY_CHECK_FK2 ON PSPADM.PSP_LIABILITY_CHECK (PAYROLL_RUN_FK) online parallel (degree 4) TABLESPACE PSP_IDX03;

Index created.

Elapsed: 00:03:24.62
01:02:39 SQL> CREATE INDEX PSPADM.PSP_LIABILITY_CHECK_LINE_FK1 ON PSPADM.PSP_LIABILITY_CHECK_LINE (COMPANY_PAYROLL_ITEM_FK) online parallel (degree 4) TABLESPACE PSP_IDX04;

Index created.

Elapsed: 00:06:44.42
01:09:23 SQL> CREATE INDEX PSPADM.PSP_LIABILITY_CHECK_LINE_FK2 ON PSPADM.PSP_LIABILITY_CHECK_LINE (LIABILITY_CHECK_FK) online parallel (degree 4) TABLESPACE PSP_IDX04;

Index created.

Elapsed: 00:10:44.10
01:20:08 SQL> CREATE INDEX PSPADM.PSP_LIABILITY_CHECK_LINE_FK4 ON PSPADM.PSP_LIABILITY_CHECK_LINE (COMPANY_LAW_FK) online parallel (degree 4) TABLESPACE PSP_IDX04;

Index created.

Elapsed: 00:08:19.05
01:28:27 SQL> CREATE INDEX PSPADM.PSP_LIABILITY_CHECK_BILLIN_FK1 ON PSPADM.PSP_LIAB_CHECK_BILLING_ASSOC (BILLING_DETAIL_FK) online parallel (degree 4) TABLESPACE PSP_IDX03;

Index created.

Elapsed: 00:02:16.05
01:30:43 SQL> CREATE INDEX PSPADM.PSP_LIABILITY_CHECK_BILLIN_FK2 ON PSPADM.PSP_LIAB_CHECK_BILLING_ASSOC (LIABILITY_CHECK_FK) online parallel (degree 4) TABLESPACE PSP_IDX03;

Index created.

Elapsed: 00:01:12.40
01:31:55 SQL> CREATE INDEX PSPADM.PSP_LIMIT_VALUE_FK1 ON PSPADM.PSP_LIMIT_VALUE (LIMIT_RULE_FK) online parallel (degree 4) TABLESPACE PSP_IDX03;

Index created.

Elapsed: 00:00:00.08
01:31:55 SQL> CREATE INDEX PSPADM.PSP_MM_TRANSACTION_I1 ON PSPADM.PSP_MONEY_MOVEMENT_TRANSACTION (COMPANY_FK,STATUS,INITIATION_DATE,DUE_DATE,MONEY_MOVEMENT_PAYMENT_METHOD) local online parallel (degree 4) TABLESPACE PSP_IDX01;

Index created.

Elapsed: 00:49:05.50
02:21:01 SQL> CREATE INDEX PSPADM.PSP_MM_TRANSACTION_I10 ON PSPADM.PSP_MONEY_MOVEMENT_TRANSACTION (PAYMENT_TEMPLATE_FK,TAX_PAYMENT_STATUS,PAYMENT_PERIOD_END) local online parallel (degree 4) TABLESPACE PSP_IDX01;

Index created.

Elapsed: 00:28:05.70
02:49:06 SQL> CREATE INDEX PSPADM.PSP_MM_TRANSACTION_I2 ON PSPADM.PSP_MONEY_MOVEMENT_TRANSACTION (INITIATION_DATE,MONEY_MOVEMENT_PAYMENT_METHOD) local online parallel (degree 4) TABLESPACE PSP_IDX01;

Index created.

Elapsed: 00:29:57.96
03:19:04 SQL> CREATE INDEX PSPADM.PSP_MM_TRANSACTION_I3 ON PSPADM.PSP_MONEY_MOVEMENT_TRANSACTION (TAX_PAYMENT_STATUS,COMPANY_FK) local online parallel (degree 4) TABLESPACE PSP_IDX01;

Index created.

Elapsed: 00:31:19.89
03:50:24 SQL> CREATE INDEX PSPADM.PSP_MM_TRANSACTION_I4 ON PSPADM.PSP_MONEY_MOVEMENT_TRANSACTION (PAYMENT_TEMPLATE_FK,COMPANY_FK,STATUS) local online parallel (degree 4) TABLESPACE PSP_IDX01;

Index created.

Elapsed: 00:30:24.07
04:20:48 SQL> CREATE INDEX PSPADM.PSP_MM_TRANSACTION_I5 ON PSPADM.PSP_MONEY_MOVEMENT_TRANSACTION (TAX_PAYMENT_STATUS,MONEY_MOVEMENT_PAYMENT_METHOD,PAYMENT_PERIOD_END) local online parallel (degree 4) TABLESPACE PSP_IDX01;

Index created.

Elapsed: 00:26:57.27
04:47:45 SQL> CREATE INDEX PSPADM.PSP_MM_TRANSACTION_I9 ON PSPADM.PSP_MONEY_MOVEMENT_TRANSACTION (TAX_PAYMENT_STATUS,STATUS,PAYMENT_TEMPLATE_FK) local online parallel (degree 4) TABLESPACE PSP_IDX01;

Index created.

Elapsed: 00:24:45.04
05:12:31 SQL> CREATE INDEX PSPADM.PSP_MONEYMOVEMENTTRANSACTI_FK1 ON PSPADM.PSP_MONEY_MOVEMENT_TRANSACTION (COMPANY_FK,ORIGINAL_TRANSACTION_FK) local online parallel (degree 4) TABLESPACE PSP_IDX01;

Index created.

Elapsed: 00:30:36.59
05:43:07 SQL> CREATE INDEX PSPADM.PSP_MONEY_MOVEMENT_TRANSAC_FK2 ON PSPADM.PSP_MONEY_MOVEMENT_TRANSACTION (COMPANY_FK) local online parallel (degree 4) TABLESPACE PSP_IDX01;

Index created.

Elapsed: 00:32:04.90
06:15:12 SQL> CREATE INDEX PSPADM.PSP_MONEY_MOVEMENT_TRANSAC_FK3 ON PSPADM.PSP_MONEY_MOVEMENT_TRANSACTION (OFFLOAD_BATCH_FK) local online parallel (degree 4) TABLESPACE PSP_IDX01;

Index created.

Elapsed: 00:35:25.39
06:50:37 SQL> CREATE INDEX PSPADM.PSP_MONEY_MOVEMENT_TRANSAC_FK6 ON PSPADM.PSP_MONEY_MOVEMENT_TRANSACTION (PAYMENT_FREQUENCY_FK) local online parallel (degree 4) TABLESPACE PSP_IDX01;

Index created.

Elapsed: 00:22:10.38
07:12:48 SQL> CREATE INDEX PSPADM.PSP_NACHAFILE_FK1 ON PSPADM.PSP_NACHAFILE (OFFLOAD_BATCH_FK) online parallel (degree 4) TABLESPACE PSP_IDX04;

Index created.

Elapsed: 00:00:03.34
07:12:51 SQL> CREATE INDEX PSPADM.PSP_OFFERING_FK1 ON PSPADM.PSP_OFFERING (LIMIT_RULE_FK) online parallel (degree 4) TABLESPACE PSP_IDX04;

Index created.

Elapsed: 00:00:01.37
07:12:53 SQL> CREATE INDEX PSPADM.PSP_OFFERING_FK2 ON PSPADM.PSP_OFFERING (FRAUD_RULE_FK) online parallel (degree 4) TABLESPACE PSP_IDX04;

Index created.

Elapsed: 00:00:01.20
07:12:54 SQL> CREATE INDEX PSPADM.PSP_OFFERING_SVCCHG_FK ON PSPADM.PSP_OFFERING_SVCCHG (OFFERING_SVCCHG_GRP_FK) online parallel (degree 4) TABLESPACE PSP_IDX03;

Index created.

Elapsed: 00:00:00.57
07:12:54 SQL> CREATE INDEX PSPADM.PSP_OFFERING_SVCCHG_GRP_FK ON PSPADM.PSP_OFFERING_SVCCHG_GRP (OFFERING_FK) online parallel (degree 4) TABLESPACE PSP_IDX04;

Index created.

Elapsed: 00:00:00.32
07:12:55 SQL> CREATE INDEX PSPADM.PSP_OFFER_PRICE_FK1 ON PSPADM.PSP_OFFER_PRICE (OFFER_FK) online parallel (degree 4) TABLESPACE PSP_IDX03;

Index created.

Elapsed: 00:00:01.02
07:12:56 SQL> CREATE INDEX PSPADM.PSP_OFFER_SVCCHG_FK_OFFER ON PSPADM.PSP_OFFER_SVCCHG_ASSOC (OFFER_FK) online parallel (degree 4) TABLESPACE PSP_IDX04;

Index created.

Elapsed: 00:00:00.94
07:12:57 SQL> CREATE INDEX PSPADM.PSP_OFFER_SVCCHG_FK_SVCCHG ON PSPADM.PSP_OFFER_SVCCHG_ASSOC (OFFERING_SERVICE_CHARGE_FK) online parallel (degree 4) TABLESPACE PSP_IDX04;

Index created.

Elapsed: 00:00:00.66
07:12:57 SQL> CREATE INDEX PSPADM.PSP_OFFLOAD_BATCH_FK1 ON PSPADM.PSP_OFFLOAD_BATCH (OFFLOAD_GROUP_FK) online parallel (degree 4) TABLESPACE PSP_IDX03;

Index created.

Elapsed: 00:00:00.42
07:12:58 SQL> CREATE INDEX PSPADM.PSP_ON_HOLD_REASON_FK1 ON PSPADM.PSP_ON_HOLD_REASON (COMPANY_FK) online parallel (degree 4) TABLESPACE PSP_IDX03;

Index created.

Elapsed: 00:00:01.00
07:12:59 SQL> CREATE INDEX PSPADM.PSP_PAYCHECK_FK1 ON PSPADM.PSP_PAYCHECK (D_D_EMPLOYEE_FK) local online parallel (degree 4) TABLESPACE PSP_IDX02;

Index created.

Elapsed: 00:45:23.59
07:58:22 SQL> CREATE INDEX PSPADM.PSP_PAYCHECK_FK2 ON PSPADM.PSP_PAYCHECK (PAYROLL_RUN_FK) local online parallel (degree 4) TABLESPACE PSP_IDX02;

Index created.

Elapsed: 00:52:24.34
08:50:47 SQL> CREATE INDEX PSPADM.PSP_PAYCHECK_FK3 ON PSPADM.PSP_PAYCHECK (COMP_ADJUST_SUBMISSION_FK) local online parallel (degree 4) TABLESPACE PSP_IDX02;

Index created.

Elapsed: 00:33:42.04
09:24:29 SQL> CREATE INDEX PSPADM.PSP_PAYCHECK_FK4 ON PSPADM.PSP_PAYCHECK (SOURCE_EMPLOYEE_FK) local online parallel (degree 4) TABLESPACE PSP_IDX02;

Index created.

Elapsed: 00:59:10.13
10:23:39 SQL> CREATE INDEX PSPADM.PSP_PAYCHECK_I1 ON PSPADM.PSP_PAYCHECK (CREATED_DATE) local online parallel (degree 4) TABLESPACE PSP_IDX02;

Index created.

Elapsed: 00:46:10.10
11:09:49 SQL> CREATE INDEX PSPADM.PSP_PAYCHECK_I2 ON PSPADM.PSP_PAYCHECK (COMPANY_FK,SOURCE_PAYCHECK_ID) local online parallel (degree 4) TABLESPACE PSP_IDX02;

Index created.

Elapsed: 00:57:17.77
12:07:07 SQL> CREATE INDEX PSPADM.PSP_PAYCHECK_U1 ON PSPADM.PSP_PAYCHECK (SOURCE_PAYCHECK_ID,PAYROLL_RUN_FK) local online parallel (degree 4) TABLESPACE PSP_IDX02;

Index created.

Elapsed: 00:48:59.47
12:56:06 SQL> CREATE INDEX PSPADM.PSP_PAYCHECK_SPLIT_FK1 ON PSPADM.PSP_PAYCHECK_SPLIT (EMPLOYEE_BANK_ACCOUNT_FK) local online parallel (degree 4) TABLESPACE PSP_IDX03;

Index created.

Elapsed: 00:22:09.77
13:18:16 SQL> CREATE INDEX PSPADM.PSP_PAYCHECK_SPLIT_FK2 ON PSPADM.PSP_PAYCHECK_SPLIT (COMPANY_FK,PAYCHECK_FK) local online parallel (degree 4) TABLESPACE PSP_IDX03;

Index created.

Elapsed: 00:29:52.13
13:48:08 SQL> CREATE INDEX PSPADM.PSP_PAYCHECK_SPLIT_FK3 ON PSPADM.PSP_PAYCHECK_SPLIT (COMPANY_FK) local online parallel (degree 4) TABLESPACE PSP_IDX03;

Index created.

Elapsed: 00:22:27.50
14:10:35 SQL> CREATE INDEX PSPADM.PSP_PAYCHECK_SPLIT_U1 ON PSPADM.PSP_PAYCHECK_SPLIT (SOURCE_DD_TXN_ID,PAYCHECK_FK) local online parallel (degree 4) TABLESPACE PSP_IDX03;

Index created.

Elapsed: 00:29:20.30
14:39:56 SQL> CREATE INDEX PSPADM.PSP_PAYCHECKUSAGE_FK1 ON PSPADM.PSP_PAYCHECK_USAGE (BILL_FK) local online parallel (degree 4) TABLESPACE PSP_IDX01;

Index created.

Elapsed: 00:42:59.50
15:22:55 SQL> CREATE INDEX PSPADM.PSP_PAYCHECKUSAGE_FK2 ON PSPADM.PSP_PAYCHECK_USAGE (EMPLOYEE_USAGE_FK) local online parallel (degree 4) TABLESPACE PSP_IDX01;

Index created.

Elapsed: 00:50:33.22
16:13:29 SQL> CREATE INDEX PSPADM.PSP_PAYCHECK_USAGE_FK1 ON PSPADM.PSP_PAYCHECK_USAGE (COMPANY_FK) local online parallel (degree 4) TABLESPACE PSP_IDX01;

Index created.

Elapsed: 00:37:52.00
16:51:21 SQL> CREATE INDEX PSPADM.PSP_PAYCHECK_USAGE_NU1 ON PSPADM.PSP_PAYCHECK_USAGE (SOURCE_PAYCHECK_ID) local online parallel (degree 4) TABLESPACE PSP_IDX01;

Index created.

Elapsed: 00:40:23.00
17:31:44 SQL> CREATE INDEX PSPADM.PSP_PAYCHECK_USAGE_U1 ON PSPADM.PSP_PAYCHECK_USAGE (EMPLOYEE_USAGE_FK,SOURCE_PAYCHECK_ID) local online parallel (degree 4) TABLESPACE PSP_IDX01;

Index created.

Elapsed: 00:48:53.84
18:20:37 SQL> CREATE INDEX PSPADM.PSP_PAYCHECK_USAGE_HIST_FK1 ON PSPADM.PSP_PAYCHECK_USAGE_HIST (EMPLOYEE_USAGE_FK) online parallel (degree 4) TABLESPACE PSP_IDX04;

Index created.

Elapsed: 00:00:01.85
18:20:39 SQL> CREATE INDEX PSPADM.PSP_PAYCHECK_USAGE_HIST_FK2 ON PSPADM.PSP_PAYCHECK_USAGE_HIST (COMPANY_FK,PAYCHECK_USAGE_FK) online parallel (degree 4) TABLESPACE PSP_IDX04;

Index created.

Elapsed: 00:00:00.65
18:20:40 SQL> CREATE INDEX PSPADM.PSP_PAYEE_FK1 ON PSPADM.PSP_PAYEE (COMPANY_FK) online parallel (degree 4) TABLESPACE PSP_IDX03;

Index created.

Elapsed: 00:00:03.11
18:20:43 SQL> CREATE INDEX PSPADM.PSP_PAYEE_FK2 ON PSPADM.PSP_PAYEE (MAILING_ADDRESS_FK) online parallel (degree 4) TABLESPACE PSP_IDX03;

Index created.

Elapsed: 00:00:00.73
18:20:44 SQL> CREATE INDEX PSPADM.PSP_PAYEE_BANK_ACCOUNT_FK1 ON PSPADM.PSP_PAYEE_BANK_ACCOUNT (PAYEE_FK) online parallel (degree 4) TABLESPACE PSP_IDX04;

Index created.

Elapsed: 00:00:03.31
18:20:47 SQL> CREATE INDEX PSPADM.PSP_PAYEE_BANK_ACCOUNT_FK2 ON PSPADM.PSP_PAYEE_BANK_ACCOUNT (BANK_ACCOUNT_FK) online parallel (degree 4) TABLESPACE PSP_IDX04;

Index created.

Elapsed: 00:00:00.85
18:20:48 SQL> CREATE INDEX PSPADM.PSP_PAYMENT_BATCH_ASSOC_FK1 ON PSPADM.PSP_PAYMENT_BATCH_ASSOC (AGENCY_CHECK_BATCH_FK) online parallel (degree 4) TABLESPACE PSP_IDX03;

Index created.

Elapsed: 00:00:00.56
18:20:48 SQL> CREATE INDEX PSPADM.PSP_PAYMENT_BATCH_ASSOC_FK2 ON PSPADM.PSP_PAYMENT_BATCH_ASSOC (COMPANY_FK,MONEY_MOVEMENT_TRANSACTION_FK) online parallel (degree 4) TABLESPACE PSP_IDX03;

Index created.

Elapsed: 00:00:00.32
18:20:49 SQL> CREATE INDEX PSPADM.PSP_PAYMENTMETHODREQUIREME_FK1 ON PSPADM.PSP_PAYMENT_METHOD_REQUIREMENT (PMT_TEMPLATE_PMT_METHOD_FK) online parallel (degree 4) TABLESPACE PSP_IDX04;

Index created.

Elapsed: 00:00:00.07
18:20:49 SQL> CREATE INDEX PSPADM.PSP_PAYMENT_TEMPLATE_FK1 ON PSPADM.PSP_PAYMENT_TEMPLATE (AGENCY_FK) online parallel (degree 4) TABLESPACE PSP_IDX04;

Index created.

Elapsed: 00:00:00.06
18:20:49 SQL> CREATE INDEX PSPADM.PSP_PAYMENT_TEMPLATE_AGENC_FK1 ON PSPADM.PSP_PAYMENT_TEMPLATE_AGENCY_ID (PAYMENT_TEMPLATE_FK) online parallel (degree 4) TABLESPACE PSP_IDX03;

Index created.

Elapsed: 00:00:00.06
18:20:49 SQL> CREATE INDEX PSPADM.PSP_PAYROLL_ITEM_TAXABLE_T_FK1 ON PSPADM.PSP_PAYROLL_ITEM_TAXABLE_TO (COMPANY_LAW_FK) online parallel (degree 4) TABLESPACE PSP_IDX03;

Index created.

Elapsed: 00:00:26.37
18:21:15 SQL> CREATE INDEX PSPADM.PSP_PAYROLL_ITEM_TAXABLE_T_FK2 ON PSPADM.PSP_PAYROLL_ITEM_TAXABLE_TO (COMPANY_PAYROLL_ITEM_FK) online parallel (degree 4) TABLESPACE PSP_IDX03;

Index created.

Elapsed: 00:00:14.26
18:21:30 SQL> CREATE INDEX PSPADM.PSP_PAYROLL_RUN_EECALCTOKEN ON PSPADM.PSP_PAYROLL_RUN (E_E_CALCULATION_TOKEN) online parallel (degree 4) TABLESPACE PSP_IDX04;

Index created.

Elapsed: 00:04:13.13
18:25:43 SQL> CREATE INDEX PSPADM.PSP_PAYROLL_RUN_I1 ON PSPADM.PSP_PAYROLL_RUN (COMPANY_FK,PAYCHECK_DATE) online parallel (degree 4) TABLESPACE PSP_IDX04;

Index created.

Elapsed: 00:08:17.71
18:34:00 SQL> CREATE INDEX PSPADM.PSP_PAYROLL_RUN_I2 ON PSPADM.PSP_PAYROLL_RUN (PAYROLL_RUN_STATUS) online parallel (degree 4) TABLESPACE PSP_IDX04;

Index created.

Elapsed: 00:06:21.75
18:40:22 SQL> CREATE INDEX PSPADM.PSP_PAYROLL_RUN_I3 ON PSPADM.PSP_PAYROLL_RUN (COMPANY_FK,PAYCHECK_SETTLEMENT_DATE) online parallel (degree 4) TABLESPACE PSP_IDX04;

Index created.

Elapsed: 00:08:26.00
18:48:48 SQL> CREATE INDEX PSPADM.PSP_PAYROLL_RUN_I4 ON PSPADM.PSP_PAYROLL_RUN (USAGE_BILLING_TOKEN) online parallel (degree 4) TABLESPACE PSP_IDX04;

Index created.

Elapsed: 00:05:37.70
18:54:26 SQL> CREATE INDEX PSPADM.PSP_PAYROLL_RUN_U1 ON PSPADM.PSP_PAYROLL_RUN (COMPANY_FK,SOURCE_PAY_RUN_ID) online parallel (degree 4) TABLESPACE PSP_IDX04;

Index created.

Elapsed: 00:09:50.55
19:04:16 SQL> CREATE INDEX PSPADM.PSP_PR_PROCESED_BY_FRD_BTCHJOB ON PSPADM.PSP_PAYROLL_RUN (PROCESSED_BY_FRAUD_BATCH_JOB) online parallel (degree 4) TABLESPACE PSP_IDX04;

Index created.

Elapsed: 00:05:27.88
19:09:44 SQL> CREATE INDEX PSPADM.PSP_PAYROLL_RUN_ACTION_FK1 ON PSPADM.PSP_PAYROLL_RUN_ACTION (ACTION_EVENT_FK) online parallel (degree 4) TABLESPACE PSP_IDX03;

Index created.

Elapsed: 00:00:00.18
19:09:44 SQL> CREATE INDEX PSPADM.PSP_PAYROLL_SUBTYPE_FK1 ON PSPADM.PSP_PAYROLL_SUBTYPE (OFFERING_FK) online parallel (degree 4) TABLESPACE PSP_IDX04;

Index created.

Elapsed: 00:00:00.18
19:09:45 SQL> CREATE INDEX PSPADM.PSP_PAYSTUB_FK1 ON PSPADM.PSP_PAYSTUB (PSTUB_EMPLOYER_INFO_FK) local online parallel (degree 4) TABLESPACE PSP_IDX04;

Index created.

Elapsed: 00:10:37.81
19:20:22 SQL> CREATE INDEX PSPADM.PSP_PAYSTUB_FK2 ON PSPADM.PSP_PAYSTUB (COMPANY_FK,PSTUB_EMPLOYEE_INFO_FK) local online parallel (degree 4) TABLESPACE PSP_IDX04;

Index created.

Elapsed: 00:14:30.47
19:34:53 SQL> CREATE INDEX PSPADM.PSP_PAYSTUB_FK3 ON PSPADM.PSP_PAYSTUB (COMPANY_FK,PAYCHECK_FK) local online parallel (degree 4) TABLESPACE PSP_IDX04;

Index created.

Elapsed: 00:17:23.31
19:52:16 SQL> CREATE INDEX PSPADM.PSP_PAY_ITEM_FK1 ON PSPADM.PSP_PAY_ITEM (LIABILITY_ADJUSTMENT_FK) online parallel (degree 4) TABLESPACE PSP_IDX03;

Index created.

Elapsed: 00:00:00.06
19:52:16 SQL> CREATE INDEX PSPADM.PSP_PAY_ITEM_FK2 ON PSPADM.PSP_PAY_ITEM (EMPLOYEE_FK) online parallel (degree 4) TABLESPACE PSP_IDX03;

Index created.

Elapsed: 00:00:00.04
19:52:16 SQL> CREATE INDEX PSPADM.PSP_PAYMENT_TEMPLATE_CHECK_FK1 ON PSPADM.PSP_PMTTEMPLATE_CHKINFO_ASSOC (PAYMENT_TEMPLATE_FK) online parallel (degree 4) TABLESPACE PSP_IDX03;

Index created.

Elapsed: 00:00:00.18
19:52:16 SQL> CREATE INDEX PSPADM.PSP_PAYMENT_TEMPLATE_CHECK_FK2 ON PSPADM.PSP_PMTTEMPLATE_CHKINFO_ASSOC (PMTTEMPLATE_PRINTEDCHKINFO_FK) online parallel (degree 4) TABLESPACE PSP_IDX03;

Index created.

Elapsed: 00:00:00.18
19:52:17 SQL> CREATE INDEX PSPADM.PSP_PAYMENT_TEMPLATE_PRINT_FK1 ON PSPADM.PSP_PMTTEMPLATE_PRINTEDCHKINFO (ADDRESS_FK) online parallel (degree 4) TABLESPACE PSP_IDX04;

Index created.

Elapsed: 00:00:00.17
19:52:17 SQL> CREATE INDEX PSPADM.PSP_PAYMENT_TEMPLATE_BANK__FK1 ON PSPADM.PSP_PMT_TEMPLATE_BANKACCOUNT (PAYMENT_TEMPLATE_FK) online parallel (degree 4) TABLESPACE PSP_IDX03;

Index created.

Elapsed: 00:00:00.22
19:52:17 SQL> CREATE INDEX PSPADM.PSP_PAYMENT_TEMPLATE_BANK__FK2 ON PSPADM.PSP_PMT_TEMPLATE_BANKACCOUNT (BANK_ACCOUNT_FK) online parallel (degree 4) TABLESPACE PSP_IDX03;

Index created.

Elapsed: 00:00:00.11
19:52:17 SQL> CREATE INDEX PSPADM.PSP_PAYMENT_TEMPLATE_FREQU_FK1 ON PSPADM.PSP_PMT_TEMPLATE_FREQUENCY (PAYMENT_TEMPLATE_FK) online parallel (degree 4) TABLESPACE PSP_IDX04;

Index created.

Elapsed: 00:00:00.30
19:52:17 SQL> CREATE INDEX PSPADM.PSP_PAYMENT_TEMPLATE_PAYME_FK1 ON PSPADM.PSP_PMT_TEMPLATE_PAYMENTMETHOD (PAYMENT_TEMPLATE_FK) online parallel (degree 4) TABLESPACE PSP_IDX03;

Index created.

Elapsed: 00:00:00.21
19:52:18 SQL> CREATE INDEX PSPADM.PSP_POSTING_RULE_FK1 ON PSPADM.PSP_POSTING_RULE (LEDGER_ACCOUNT_FK) online parallel (degree 4) TABLESPACE PSP_IDX04;

Index created.

Elapsed: 00:00:00.19
19:52:18 SQL> CREATE INDEX PSPADM.PSP_POSTING_RULE_FK2 ON PSPADM.PSP_POSTING_RULE (TRANSACTION_STATE_FK) online parallel (degree 4) TABLESPACE PSP_IDX04;

Index created.

Elapsed: 00:00:00.16
19:52:18 SQL> CREATE INDEX PSPADM.PSP_POSTING_RULE_FK3 ON PSPADM.PSP_POSTING_RULE (TRANSACTION_TYPE_FK) online parallel (degree 4) TABLESPACE PSP_IDX04;

Index created.

Elapsed: 00:00:00.17
19:52:18 SQL> 
19:52:18 SQL> spool off
