02:39:31 SQL> 
02:39:31 SQL> ALTER INDEX PSPADM.AS400_DROPME_IDX1 NOPARALLEL;

Index altered.

Elapsed: 00:00:00.01
02:39:31 SQL> ALTER INDEX PSPADM.BACKUP_SCHEMA_STATS_090911 NOPARALLEL;

Index altered.

Elapsed: 00:00:00.00
02:39:31 SQL> ALTER INDEX PSPADM.BACKUP_STATS NOPARALLEL;

Index altered.

Elapsed: 00:00:00.00
02:39:31 SQL> ALTER INDEX PSPADM.BACKUP_STATS_032911 NOPARALLEL;

Index altered.

Elapsed: 00:00:00.00
02:39:31 SQL> ALTER INDEX PSPADM.BACKUP_TAB_STATS_090911 NOPARALLEL;

Index altered.

Elapsed: 00:00:00.01
02:39:31 SQL> ALTER INDEX PSPADM.PSP_ACHENROLLMENT_FK2 NOPARALLEL;

Index altered.

Elapsed: 00:00:00.00
02:39:31 SQL> ALTER INDEX PSPADM.PSP_ACHENROLLMENT_DETAIL_FK1 NOPARALLEL;

Index altered.

Elapsed: 00:00:00.00
02:39:31 SQL> ALTER INDEX PSPADM.PSP_ACHENROLLMENT_DETAIL_FK2 NOPARALLEL;

Index altered.

Elapsed: 00:00:00.01
02:39:31 SQL> ALTER INDEX PSPADM.PSP_ACHENROLLMENT_DETAIL_FK3 NOPARALLEL;

Index altered.

Elapsed: 00:00:00.00
02:39:31 SQL> ALTER INDEX PSPADM.PSP_ADDITIONAL_FILING_AMOU_FK1 NOPARALLEL;

Index altered.

Elapsed: 00:00:00.00
02:39:31 SQL> ALTER INDEX PSPADM.PSP_ADE_LAW_MAP_FK1 NOPARALLEL;

Index altered.

Elapsed: 00:00:00.01
02:39:31 SQL> ALTER INDEX PSPADM.PSP_ADE_LAW_MAP_FK2 NOPARALLEL;

Index altered.

Elapsed: 00:00:00.00
02:39:31 SQL> ALTER INDEX PSPADM.PSP_AGENCY_AGENCYIDENC_I1 NOPARALLEL;

Index altered.

Elapsed: 00:00:00.00
02:39:31 SQL> ALTER INDEX PSPADM.PSP_AGENCY_CHECK_BATCH_FK2 NOPARALLEL;

Index altered.

Elapsed: 00:00:00.00
02:39:31 SQL> ALTER INDEX PSPADM.PSP_AGENCY_ID_REQUIREMENT_FK2 NOPARALLEL;

Index altered.

Elapsed: 00:00:00.01
02:39:31 SQL> ALTER INDEX PSPADM.PSP_AGENCY_RATE_REQUEST_FK1 NOPARALLEL;

Index altered.

Elapsed: 00:00:00.00
02:39:31 SQL> ALTER INDEX PSPADM.PSP_ANNUALBILLINGITEM_FK1 NOPARALLEL;

Index altered.

Elapsed: 00:00:00.00
02:39:31 SQL> ALTER INDEX PSPADM.PSP_ANNUALBILLINGITEM_FK2 NOPARALLEL;

Index altered.

Elapsed: 00:00:00.01
02:39:31 SQL> ALTER INDEX PSPADM.PSP_ASSISTEDBUNDLEBILL_FK1 NOPARALLEL;

Index altered.

Elapsed: 00:00:00.00
02:39:31 SQL> ALTER INDEX PSPADM.PSP_ASSTBUNDLEBILLDETAIL_FK1 NOPARALLEL;

Index altered.

Elapsed: 00:00:00.00
02:39:31 SQL> ALTER INDEX PSPADM.PSP_ATFDATA_EXTRACT_FILE_FK1 NOPARALLEL;

Index altered.

Elapsed: 00:00:00.00
02:39:31 SQL> ALTER INDEX PSPADM.PSP_ATFPAYMENTS_TO_PROCESS_FK1 NOPARALLEL;

Index altered.

Elapsed: 00:00:00.01
02:39:31 SQL> ALTER INDEX PSPADM.PSP_ATFPAYMENTS_TO_PROCESS_FK2 NOPARALLEL;

Index altered.

Elapsed: 00:00:00.00
02:39:31 SQL> ALTER INDEX PSPADM.PSP_ATFPAYMENTS_TO_PROCESS_FK3 NOPARALLEL;

Index altered.

Elapsed: 00:00:00.00
02:39:31 SQL> ALTER INDEX PSPADM.PSP_ATFPAYROLLS_TO_PROCESS_FK1 NOPARALLEL;

Index altered.

Elapsed: 00:00:00.01
02:39:31 SQL> ALTER INDEX PSPADM.PSP_ATFPAYROLLS_TO_PROCESS_I1 NOPARALLEL;

Index altered.

Elapsed: 00:00:00.00
02:39:31 SQL> ALTER INDEX PSPADM.PSP_AUTHROLE_OPT_FK_OPT NOPARALLEL;

Index altered.

Elapsed: 00:00:00.00
02:39:31 SQL> ALTER INDEX PSPADM.PSP_ROLE_OPERATION_FK_ROLE NOPARALLEL;

Index altered.

Elapsed: 00:00:00.00
02:39:31 SQL> ALTER INDEX PSPADM.PSP_AUTH_ROLE_FK1 NOPARALLEL;

Index altered.

Elapsed: 00:00:00.00
02:39:31 SQL> ALTER INDEX PSPADM.PSP_AUTH_USER_CORPID NOPARALLEL;

Index altered.

Elapsed: 00:00:00.00
02:39:31 SQL> ALTER INDEX PSPADM.PSP_USERROLE_FK_ROLE NOPARALLEL;

Index altered.

Elapsed: 00:00:00.00
02:39:31 SQL> ALTER INDEX PSPADM.PSP_USERROLE_FK_USER NOPARALLEL;

Index altered.

Elapsed: 00:00:00.01
02:39:31 SQL> ALTER INDEX PSPADM.PSP_BANK_ACCOUNT_ENC_I1 NOPARALLEL;

Index altered.

Elapsed: 00:00:00.00
02:39:31 SQL> ALTER INDEX PSPADM.PSP_BANK_ACCOUNT_MOODDATE NOPARALLEL;

Index altered.

Elapsed: 00:00:00.00
02:39:31 SQL> ALTER INDEX PSPADM.PSP_BATCH_JOB_AUDIT_LOG_I1 NOPARALLEL;

Index altered.

Elapsed: 00:00:00.00
02:39:31 SQL> ALTER INDEX PSPADM.PSP_BATCH_JOB_AUDIT_LOG_IDX1 NOPARALLEL;

Index altered.

Elapsed: 00:00:00.01
02:39:31 SQL> ALTER INDEX PSPADM.PSP_BATCH_JOB_PARAMETER_FK1 NOPARALLEL;

Index altered.

Elapsed: 00:00:00.00
02:39:31 SQL> ALTER INDEX PSPADM.C_PSP_BATCH_JOB_STATUS1 NOPARALLEL;

Index altered.

Elapsed: 00:00:00.00
02:39:31 SQL> ALTER INDEX PSPADM.PSP_BILL_FK1 NOPARALLEL;

Index altered.

Elapsed: 00:00:00.01
02:39:31 SQL> ALTER INDEX PSPADM.PSP_BILL_U1 NOPARALLEL;

Index altered.

Elapsed: 00:00:00.00
02:39:31 SQL> ALTER INDEX PSPADM.PSP_BILLING_DETAIL_FK1 NOPARALLEL;

Index altered.

Elapsed: 00:00:00.00
02:39:31 SQL> ALTER INDEX PSPADM.PSP_BILLING_DETAIL_FK2 NOPARALLEL;

Index altered.

Elapsed: 00:00:00.01
02:39:31 SQL> ALTER INDEX PSPADM.PSP_BILL_PAYMENT_FK1 NOPARALLEL;

Index altered.

Elapsed: 00:00:00.00
02:39:31 SQL> ALTER INDEX PSPADM.PSP_BILL_PAYMENT_FK2 NOPARALLEL;

Index altered.

Elapsed: 00:00:00.00
02:39:31 SQL> ALTER INDEX PSPADM.PSP_BILL_PAYMENT_SPLIT_FK1 NOPARALLEL;

Index altered.

Elapsed: 00:00:00.00
02:39:31 SQL> ALTER INDEX PSPADM.PSP_BILL_PAYMENT_SPLIT_FK2 NOPARALLEL;

Index altered.

Elapsed: 00:00:00.01
02:39:31 SQL> ALTER INDEX PSPADM.PSP_CHECK_PRINT_BATCH_FK1 NOPARALLEL;

Index altered.

Elapsed: 00:00:00.00
02:39:31 SQL> ALTER INDEX PSPADM.PSP_CHECK_PRINT_BATCH_FK2 NOPARALLEL;

Index altered.

Elapsed: 00:00:00.00
02:39:31 SQL> ALTER INDEX PSPADM.PSP_CHECKPRINTPAYCHECK_FK2 NOPARALLEL;

Index altered.

Elapsed: 00:00:00.01
02:39:31 SQL> ALTER INDEX PSPADM.PSP_CHECK_PRINT_PAYCHECK_FK1 NOPARALLEL;

Index altered.

Elapsed: 00:00:00.00
02:39:31 SQL> ALTER INDEX PSPADM.PSP_CHECK_PRINT_SIGNATURE_FK1 NOPARALLEL;

Index altered.

Elapsed: 00:00:00.00
02:39:31 SQL> ALTER INDEX PSPADM.PSP_COMPANY_FEDTAXIDENC_I1 NOPARALLEL;

Index altered.

Elapsed: 00:00:00.00
02:39:31 SQL> ALTER INDEX PSPADM.PSP_COMPANY_FK2 NOPARALLEL;

Index altered.

Elapsed: 00:00:00.01
02:39:31 SQL> ALTER INDEX PSPADM.PSP_COMPANY_FK3 NOPARALLEL;

Index altered.

Elapsed: 00:00:00.00
02:39:31 SQL> ALTER INDEX PSPADM.PSP_COMPANY_FK4 NOPARALLEL;

Index altered.

Elapsed: 00:00:00.01
02:39:31 SQL> ALTER INDEX PSPADM.PSP_COMPANY_FK5 NOPARALLEL;

Index altered.

Elapsed: 00:00:00.00
02:39:31 SQL> ALTER INDEX PSPADM.PSP_COMPANY_FK7 NOPARALLEL;

Index altered.

Elapsed: 00:00:00.00
02:39:31 SQL> ALTER INDEX PSPADM.PSP_COMPANY_FK8 NOPARALLEL;

Index altered.

Elapsed: 00:00:00.01
02:39:31 SQL> ALTER INDEX PSPADM.PSP_COMPANY_I1 NOPARALLEL;

Index altered.

Elapsed: 00:00:00.00
02:39:31 SQL> ALTER INDEX PSPADM.PSP_COMPANY_I5 NOPARALLEL;

Index altered.

Elapsed: 00:00:00.00
02:39:31 SQL> ALTER INDEX PSPADM.PSP_COMPANY_I6 NOPARALLEL;

Index altered.

Elapsed: 00:00:00.01
02:39:31 SQL> ALTER INDEX PSPADM.PSP_COMPANY_U1 NOPARALLEL;

Index altered.

Elapsed: 00:00:00.00
02:39:31 SQL> ALTER INDEX PSPADM.PSP_COMP_IAM_REALMID_IDX NOPARALLEL;

Index altered.

Elapsed: 00:00:00.00
02:39:31 SQL> ALTER INDEX PSPADM.PSP_COMPANY_AGENCY_FORM_TE_FK1 NOPARALLEL;

Index altered.

Elapsed: 00:00:00.01
02:39:31 SQL> ALTER INDEX PSPADM.PSP_COMPANY_AGENCY_FORM_TE_FK2 NOPARALLEL;

Index altered.

Elapsed: 00:00:00.00
02:39:31 SQL> ALTER INDEX PSPADM.PSP_COMPANY_AGENCY_PAYMENT_FK1 NOPARALLEL;

Index altered.

Elapsed: 00:00:00.00
02:39:31 SQL> ALTER INDEX PSPADM.PSP_COMPANY_AGENCY_PAYMENT_FK2 NOPARALLEL;

Index altered.

Elapsed: 00:00:00.01
02:39:31 SQL> ALTER INDEX PSPADM.PSP_COMPANY_ADDITIONAL_INF_FK1 NOPARALLEL;

Index altered.

Elapsed: 00:00:00.00
02:39:31 SQL> ALTER INDEX PSPADM.PSP_COMPANY_ADDITIONAL_INF_FK2 NOPARALLEL;

Index altered.

Elapsed: 00:00:00.00
02:39:31 SQL> ALTER INDEX PSPADM.PSP_COMPANY_ADDITIONAL_INF_FK3 NOPARALLEL;

Index altered.

Elapsed: 00:00:00.00
02:39:31 SQL> ALTER INDEX PSPADM.PSP_COMPANY_AGENCY_FK1 NOPARALLEL;

Index altered.

Elapsed: 00:00:00.00
02:39:31 SQL> ALTER INDEX PSPADM.PSP_COMPANY_AGENCY_FK2 NOPARALLEL;

Index altered.

Elapsed: 00:00:00.00
02:39:31 SQL> ALTER INDEX PSPADM.PSP_COMPANY_BANK_ACCOUNT_FK1 NOPARALLEL;

Index altered.

Elapsed: 00:00:00.00
02:39:31 SQL> ALTER INDEX PSPADM.PSP_COMPANY_BANK_ACCOUNT_FK2 NOPARALLEL;

Index altered.

Elapsed: 00:00:00.01
02:39:31 SQL> ALTER INDEX PSPADM.PSP_COMPANY_BANK_ACCOUNT_U1 NOPARALLEL;

Index altered.

Elapsed: 00:00:00.00
02:39:31 SQL> ALTER INDEX PSPADM.PSP_COMPANY_DAILY_LIABILIT_FK1 NOPARALLEL;

Index altered.

Elapsed: 00:00:00.00
02:39:31 SQL> ALTER INDEX PSPADM.PSP_COMPANY_DAILY_LIABILIT_FK2 NOPARALLEL;

Index altered.

Elapsed: 00:00:00.01
02:39:31 SQL> ALTER INDEX PSPADM.PSP_COMPANY_EVENT_FK1 NOPARALLEL;

Index altered.

Elapsed: 00:00:00.00
02:39:31 SQL> ALTER INDEX PSPADM.PSP_COMPANY_EVENT_I1 NOPARALLEL;

Index altered.

Elapsed: 00:00:00.00
02:39:31 SQL> ALTER INDEX PSPADM.PSP_COMPANY_EVENT_I2 NOPARALLEL;

Index altered.

Elapsed: 00:00:00.01
02:39:31 SQL> ALTER INDEX PSPADM.PSP_COMPANY_EVENT_I3 NOPARALLEL;

Index altered.

Elapsed: 00:00:00.00
02:39:31 SQL> ALTER INDEX PSPADM.PSP_COMPANY_EVENT_DETAIL_FK1 NOPARALLEL;

Index altered.

Elapsed: 00:00:00.00
02:39:31 SQL> ALTER INDEX PSPADM.PSP_COMPANY_EVENT_DETAIL_FK2 NOPARALLEL;

Index altered.

Elapsed: 00:00:00.01
02:39:31 SQL> ALTER INDEX PSPADM.PSP_COMPANY_EVENT_DETAIL_I2 NOPARALLEL;

Index altered.

Elapsed: 00:00:00.00
02:39:31 SQL> ALTER INDEX PSPADM.PSP_COMPANY_EVENT_EMAIL_FK1 NOPARALLEL;

Index altered.

Elapsed: 00:00:00.00
02:39:31 SQL> ALTER INDEX PSPADM.STATUS_CD_IDX NOPARALLEL;

Index altered.

Elapsed: 00:00:00.00
02:39:31 SQL> ALTER INDEX PSPADM.PSP_COMPANY_EVENT_EMAIL_PA_FK1 NOPARALLEL;

Index altered.

Elapsed: 00:00:00.01
02:39:31 SQL> ALTER INDEX PSPADM.PSP_COMPANY_EVENT_EMAIL_PA_FK2 NOPARALLEL;

Index altered.

Elapsed: 00:00:00.00
02:39:31 SQL> ALTER INDEX PSPADM.PSP_COMPANYFILINGAMOUNT_FK1 NOPARALLEL;

Index altered.

Elapsed: 00:00:00.00
02:39:31 SQL> ALTER INDEX PSPADM.PSP_COMPANY_LAW_FK1 NOPARALLEL;

Index altered.

Elapsed: 00:00:00.01
02:39:31 SQL> ALTER INDEX PSPADM.PSP_COMPANY_LAW_FK2 NOPARALLEL;

Index altered.

Elapsed: 00:00:00.00
02:39:31 SQL> ALTER INDEX PSPADM.PSP_COMPANY_LAW_FK4 NOPARALLEL;

Index altered.

Elapsed: 00:00:00.00
02:39:31 SQL> ALTER INDEX PSPADM.PSP_COMPANY_LAW_RATE_FK1 NOPARALLEL;

Index altered.

Elapsed: 00:00:00.01
02:39:31 SQL> ALTER INDEX PSPADM.PSP_COMPANYNOTE_FK1 NOPARALLEL;

Index altered.

Elapsed: 00:00:00.00
02:39:31 SQL> ALTER INDEX PSPADM.PSP_COMPANY_NOTE_FK1 NOPARALLEL;

Index altered.

Elapsed: 00:00:00.00
02:39:31 SQL> ALTER INDEX PSPADM.PSP_COMPANY_OFFER_FK1 NOPARALLEL;

Index altered.

Elapsed: 00:00:00.00
02:39:31 SQL> ALTER INDEX PSPADM.PSP_COMPANY_OFFER_FK2 NOPARALLEL;

Index altered.

Elapsed: 00:00:00.01
02:39:31 SQL> ALTER INDEX PSPADM.PSP_COMPANY_OFFERING_FK1 NOPARALLEL;

Index altered.

Elapsed: 00:00:00.00
02:39:31 SQL> ALTER INDEX PSPADM.PSP_COMPANY_OFFERING_FK2 NOPARALLEL;

Index altered.

Elapsed: 00:00:00.00
02:39:31 SQL> ALTER INDEX PSPADM.PSP_COMPANY_PAYCHECK_BATCH_FK2 NOPARALLEL;

Index altered.

Elapsed: 00:00:00.01
02:39:31 SQL> ALTER INDEX PSPADM.PSP_COMPANY_PAYROLL_ITEM_FK1 NOPARALLEL;

Index altered.

Elapsed: 00:00:00.00
02:39:31 SQL> ALTER INDEX PSPADM.PSP_COMPANY_PAYROLL_ITEM_FK2 NOPARALLEL;

Index altered.

Elapsed: 00:00:00.00
02:39:31 SQL> ALTER INDEX PSPADM.PSP_COMPANY_PAYROLL_ITEM_FK4 NOPARALLEL;

Index altered.

Elapsed: 00:00:00.00
02:39:31 SQL> ALTER INDEX PSPADM.PSP_COMPANY_PIN_FK1 NOPARALLEL;

Index altered.

Elapsed: 00:00:00.01
02:39:31 SQL> ALTER INDEX PSPADM.PSP_COMPANY_RATE_REQUEST_FK1 NOPARALLEL;

Index altered.

Elapsed: 00:00:00.00
02:39:31 SQL> ALTER INDEX PSPADM.PSP_COMPANY_RATE_REQUEST_FK2 NOPARALLEL;

Index altered.

Elapsed: 00:00:00.00
02:39:31 SQL> ALTER INDEX PSPADM.PSP_COMPANY_SERVICE_FK1 NOPARALLEL;

Index altered.

Elapsed: 00:00:00.01
02:39:31 SQL> ALTER INDEX PSPADM.PSP_COMPANY_SERVICE_FK2 NOPARALLEL;

Index altered.

Elapsed: 00:00:00.00
02:39:31 SQL> ALTER INDEX PSPADM.PSP_COMPANY_SERVICE_FK3 NOPARALLEL;

Index altered.

Elapsed: 00:00:00.00
02:39:31 SQL> ALTER INDEX PSPADM.PSP_COMPANY_SERVICE_IDX1 NOPARALLEL;

Index altered.

Elapsed: 00:00:00.01
02:39:31 SQL> ALTER INDEX PSPADM.PSP_COMPANY_SERVICE_BANK_A_FK1 NOPARALLEL;

Index altered.

Elapsed: 00:00:00.00
02:39:31 SQL> ALTER INDEX PSPADM.PSP_COMPANY_SERVICE_BANK_A_FK2 NOPARALLEL;

Index altered.

Elapsed: 00:00:00.00
02:39:31 SQL> ALTER INDEX PSPADM.PSP_COMPANY_SERVICE_BANK_A_FK3 NOPARALLEL;

Index altered.

Elapsed: 00:00:00.01
02:39:31 SQL> ALTER INDEX PSPADM.PSP_COMPANY_TFSSUBMISSION_FK1 NOPARALLEL;

Index altered.

Elapsed: 00:00:00.00
02:39:31 SQL> ALTER INDEX PSPADM.PSP_COMPANY_USAGE_U1 NOPARALLEL;

Index altered.

Elapsed: 00:00:00.00
02:39:31 SQL> ALTER INDEX PSPADM.PSP_COMPENSATION_FK1 NOPARALLEL;

Index altered.

Elapsed: 00:00:00.00
02:39:31 SQL> ALTER INDEX PSPADM.PSP_COMPENSATION_FK2 NOPARALLEL;

Index altered.

Elapsed: 00:00:00.01
02:39:31 SQL> ALTER INDEX PSPADM.PSP_COMPENSATION_FK4 NOPARALLEL;

Index altered.

Elapsed: 00:00:00.00
02:39:31 SQL> ALTER INDEX PSPADM.PSP_COMPANY_ADJUSTMENT_SUB_FK1 NOPARALLEL;

Index altered.

Elapsed: 00:00:00.00
02:39:31 SQL> ALTER INDEX PSPADM.PSP_COMPANY_ADJUSTMENT_SUB_FK3 NOPARALLEL;

Index altered.

Elapsed: 00:00:00.01
02:39:31 SQL> ALTER INDEX PSPADM.PSP_COMPANY_ADJUSTMENT_SUB_FK4 NOPARALLEL;

Index altered.

Elapsed: 00:00:00.00
02:39:31 SQL> ALTER INDEX PSPADM.PSP_COMPANYPAYMENTTEMPLATE_FK1 NOPARALLEL;

Index altered.

Elapsed: 00:00:00.00
02:39:31 SQL> ALTER INDEX PSPADM.PSP_COMPANYPAYMENTTEMPLATE_FK2 NOPARALLEL;

Index altered.

Elapsed: 00:00:00.01
02:39:31 SQL> ALTER INDEX PSPADM.PSP_CONTACT_FK2 NOPARALLEL;

Index altered.

Elapsed: 00:00:00.00
02:39:31 SQL> ALTER INDEX PSPADM.PSP_DDCOMPANY_SERVICE_INFO_FK2 NOPARALLEL;

Index altered.

Elapsed: 00:00:00.00
02:39:31 SQL> ALTER INDEX PSPADM.PSP_DEDUCTION_FK1 NOPARALLEL;

Index altered.

Elapsed: 00:00:00.01
02:39:31 SQL> ALTER INDEX PSPADM.PSP_DEDUCTION_FK2 NOPARALLEL;

Index altered.

Elapsed: 00:00:00.00
02:39:31 SQL> ALTER INDEX PSPADM.PSP_DEDUCTION_FK4 NOPARALLEL;

Index altered.

Elapsed: 00:00:00.00
02:39:31 SQL> ALTER INDEX PSPADM.PSP_DEPOSITFREQUENCYFILERE_FK1 NOPARALLEL;

Index altered.

Elapsed: 00:00:00.01
02:39:31 SQL> ALTER INDEX PSPADM.PSP_DEPOSIT_FREQUENCY_FILE_FK1 NOPARALLEL;

Index altered.

Elapsed: 00:00:00.00
02:39:31 SQL> ALTER INDEX PSPADM.PSP_DICRFILE_FK1 NOPARALLEL;

Index altered.

Elapsed: 00:00:00.00
02:39:31 SQL> ALTER INDEX PSPADM.PSP_DISBURSE_ADVICE_FK1 NOPARALLEL;

Index altered.

Elapsed: 00:00:00.00
02:39:31 SQL> ALTER INDEX PSPADM.PSP_DISBURSE_ADVICE_TAX_LI_FK1 NOPARALLEL;

Index altered.

Elapsed: 00:00:00.01
02:39:31 SQL> ALTER INDEX PSPADM.PSP_DISBURSE_ADVICE_TAX_LI_FK2 NOPARALLEL;

Index altered.

Elapsed: 00:00:00.00
02:39:31 SQL> ALTER INDEX PSPADM.PSP_DISBURSE_ADVICE_TAX_LI_FK3 NOPARALLEL;

Index altered.

Elapsed: 00:00:00.00
02:39:31 SQL> ALTER INDEX PSPADM.PSP_EDI_PAYMENT_DETAIL_FK1 NOPARALLEL;

Index altered.

Elapsed: 00:00:00.01
02:39:31 SQL> ALTER INDEX PSPADM.PSP_EDI_PAYMENT_DETAIL_FK2 NOPARALLEL;

Index altered.

Elapsed: 00:00:00.00
02:39:31 SQL> ALTER INDEX PSPADM.PSP_EDI_PAYMENT_DETAIL_FK3 NOPARALLEL;

Index altered.

Elapsed: 00:00:00.00
02:39:31 SQL> ALTER INDEX PSPADM.PSP_EMPLOYEE_PAYROLL_ITEM__FK1 NOPARALLEL;

Index altered.

Elapsed: 00:00:00.01
02:39:31 SQL> ALTER INDEX PSPADM.PSP_EMPLOYEE_PAYROLL_ITEM__FK2 NOPARALLEL;

Index altered.

Elapsed: 00:00:00.00
02:39:31 SQL> ALTER INDEX PSPADM.PSP_EFFECTIVE_DEPOSIT_FREQ_FK1 NOPARALLEL;

Index altered.

Elapsed: 00:00:00.00
02:39:31 SQL> ALTER INDEX PSPADM.PSP_EFFECTIVE_DEPOSIT_FREQ_FK2 NOPARALLEL;

Index altered.

Elapsed: 00:00:00.01
02:39:31 SQL> ALTER INDEX PSPADM.PSP_EFTPS_ENROLLMENT_FK1 NOPARALLEL;

Index altered.

Elapsed: 00:00:00.00
02:39:31 SQL> ALTER INDEX PSPADM.PSP_EFTPS_ENROLLMENT_DETAI_FK1 NOPARALLEL;

Index altered.

Elapsed: 00:00:00.00
02:39:31 SQL> ALTER INDEX PSPADM.PSP_EFTPS_ENROLLMENT_DETAI_FK2 NOPARALLEL;

Index altered.

Elapsed: 00:00:00.01
02:39:31 SQL> ALTER INDEX PSPADM.PSP_EFTPS_ENROLLMENT_DETAI_FK3 NOPARALLEL;

Index altered.

Elapsed: 00:00:00.00
02:39:31 SQL> ALTER INDEX PSPADM.PSP_EFTPS_FILE_FK1 NOPARALLEL;

Index altered.

Elapsed: 00:00:00.00
02:39:31 SQL> ALTER INDEX PSPADM.PSP_EFTPS_PAYMENT_DETAIL_FK1 NOPARALLEL;

Index altered.

Elapsed: 00:00:00.00
02:39:31 SQL> ALTER INDEX PSPADM.PSP_EFTPS_PAYMENT_DETAIL_FK2 NOPARALLEL;

Index altered.

Elapsed: 00:00:00.01
02:39:31 SQL> ALTER INDEX PSPADM.PSP_EFTPS_PAYMENT_DETAIL_FK3 NOPARALLEL;

Index altered.

Elapsed: 00:00:00.00
02:39:31 SQL> ALTER INDEX PSPADM.PSP_EFTPS_PAYMENT_DETAIL_FK4 NOPARALLEL;

Index altered.

Elapsed: 00:00:00.00
02:39:31 SQL> ALTER INDEX PSPADM.PSP_EFTPS_PAYMENT_DETAIL_I1 NOPARALLEL;

Index altered.

Elapsed: 00:00:00.01
02:39:31 SQL> ALTER INDEX PSPADM.PSP_EFTPS_PAYMENT_DETAIL_I2 NOPARALLEL;

Index altered.

Elapsed: 00:00:00.00
02:39:31 SQL> ALTER INDEX PSPADM.PSP_EFTPS_PAYMENT_DETAIL_I3 NOPARALLEL;

Index altered.

Elapsed: 00:00:00.01
02:39:31 SQL> ALTER INDEX PSPADM.PSP_EFTPS_PAYMENT_DETAIL_I4 NOPARALLEL;

Index altered.

Elapsed: 00:00:00.00
02:39:31 SQL> ALTER INDEX PSPADM.PSP_EMPLOYEE_FK2 NOPARALLEL;

Index altered.

Elapsed: 00:00:00.00
02:39:31 SQL> ALTER INDEX PSPADM.PSP_EMPLOYEE_TAXIDENC_I1 NOPARALLEL;

Index altered.

Elapsed: 00:00:00.01
02:39:31 SQL> ALTER INDEX PSPADM.PSP_EMP_COMP_FK_SRC_EMP_ID NOPARALLEL;

Index altered.

Elapsed: 00:00:00.00
02:39:31 SQL> ALTER INDEX PSPADM.PSP_EMP_CONS_REALMID_IDX NOPARALLEL;

Index altered.

Elapsed: 00:00:00.00
02:39:31 SQL> ALTER INDEX PSPADM.PSP_EMPLOYEE_ACCRUAL_FK1 NOPARALLEL;

Index altered.

Elapsed: 00:00:00.00
02:39:31 SQL> ALTER INDEX PSPADM.PSP_EMPLOYEE_BANK_ACCOUNT_FK1 NOPARALLEL;

Index altered.

Elapsed: 00:00:00.01
02:39:31 SQL> ALTER INDEX PSPADM.PSP_EMPLOYEE_BANK_ACCOUNT_FK2 NOPARALLEL;

Index altered.

Elapsed: 00:00:00.00
02:39:31 SQL> ALTER INDEX PSPADM.PSP_EMPLOYEE_BANK_ACCOUNT_I1 NOPARALLEL;

Index altered.

Elapsed: 00:00:00.00
02:39:31 SQL> ALTER INDEX PSPADM.PSP_EMPLOYEE_BANK_ACCOUNT_U1 NOPARALLEL;

Index altered.

Elapsed: 00:00:00.01
02:39:31 SQL> ALTER INDEX PSPADM.PSP_EMPLOYEE_CUSTOM_FIELD_FK1 NOPARALLEL;

Index altered.

Elapsed: 00:00:00.00
02:39:31 SQL> ALTER INDEX PSPADM.PSP_EMPLOYEE_LAW_QTR_TOTAL_FK1 NOPARALLEL;

Index altered.

Elapsed: 00:00:00.00
02:39:31 SQL> ALTER INDEX PSPADM.PSP_EMPLOYEE_LAW_QTR_TOTAL_FK2 NOPARALLEL;

Index altered.

Elapsed: 00:00:00.01
02:39:31 SQL> ALTER INDEX PSPADM.PSP_EMPLOYEE_LAW_QTR_TOTAL_FK3 NOPARALLEL;

Index altered.

Elapsed: 00:00:00.00
02:39:31 SQL> ALTER INDEX PSPADM.PSP_EMPLOYEE_LAW_QTR_TOTAL_FK6 NOPARALLEL;

Index altered.

Elapsed: 00:00:00.00
02:39:31 SQL> ALTER INDEX PSPADM.PSP_EMPLOYEE_PAYROLL_ITEM_FK1 NOPARALLEL;

Index altered.

Elapsed: 00:00:00.01
02:39:31 SQL> ALTER INDEX PSPADM.PSP_EMPLOYEE_PAYROLL_ITEM_FK2 NOPARALLEL;

Index altered.

Elapsed: 00:00:00.00
02:39:31 SQL> ALTER INDEX PSPADM.PSP_EMPLOYEE_TAX_FK1 NOPARALLEL;

Index altered.

Elapsed: 00:00:00.00
02:39:31 SQL> ALTER INDEX PSPADM.PSP_EMPLOYEE_TAX_FK2 NOPARALLEL;

Index altered.

Elapsed: 00:00:00.00
02:39:31 SQL> ALTER INDEX PSPADM.PSP_EMPLOYEEUSAGE_FK1 NOPARALLEL;

Index altered.

Elapsed: 00:00:00.01
02:39:31 SQL> ALTER INDEX PSPADM.PSP_EMPLOYEE_USAGE_U1 NOPARALLEL;

Index altered.

Elapsed: 00:00:00.00
02:39:31 SQL> ALTER INDEX PSPADM.PSP_EMPLOYEE_W2_TOTALS_FK1 NOPARALLEL;

Index altered.

Elapsed: 00:00:00.00
02:39:31 SQL> ALTER INDEX PSPADM.PSP_EMPLOYEE_W2_TOTALS_FK2 NOPARALLEL;

Index altered.

Elapsed: 00:00:00.01
02:39:31 SQL> ALTER INDEX PSPADM.PSP_EMPLOYEE_W2_TOTALS_FK3 NOPARALLEL;

Index altered.

Elapsed: 00:00:00.00
02:39:31 SQL> ALTER INDEX PSPADM.PSP_EMPLOYEE_W2_TOTALS_FK4 NOPARALLEL;

Index altered.

Elapsed: 00:00:00.00
02:39:31 SQL> ALTER INDEX PSPADM.PSP_EMPLOYEE_WAGE_PLAN_FK1 NOPARALLEL;

Index altered.

Elapsed: 00:00:00.00
02:39:31 SQL> ALTER INDEX PSPADM.PSP_EMPLOYERCONTRIBUTION_FK1 NOPARALLEL;

Index altered.

Elapsed: 00:00:00.01
02:39:31 SQL> ALTER INDEX PSPADM.PSP_EMPLOYERCONTRIBUTION_FK2 NOPARALLEL;

Index altered.

Elapsed: 00:00:00.00
02:39:31 SQL> ALTER INDEX PSPADM.PSP_EMPLOYER_CONTRIBUTION_FK1 NOPARALLEL;

Index altered.

Elapsed: 00:00:00.00
02:39:31 SQL> ALTER INDEX PSPADM.PSP_EMPLOYER_PREFERENCE_FK1 NOPARALLEL;

Index altered.

Elapsed: 00:00:00.01
02:39:31 SQL> ALTER INDEX PSPADM.PSP_EMP_TOTALS_PAYROLL_RUN_FK1 NOPARALLEL;

Index altered.

Elapsed: 00:00:00.00
02:39:31 SQL> ALTER INDEX PSPADM.PSP_EMP_TOTALS_PAYROLL_RUN_FK2 NOPARALLEL;

Index altered.

Elapsed: 00:00:00.00
02:39:31 SQL> ALTER INDEX PSPADM.PSP_ENTITLEMENT_FK1 NOPARALLEL;

Index altered.

Elapsed: 00:00:00.00
02:39:31 SQL> ALTER INDEX PSPADM.PSP_ENTITLEMENT_IDX2 NOPARALLEL;

Index altered.

Elapsed: 00:00:00.01
02:39:31 SQL> ALTER INDEX PSPADM.PSP_ENTITLEMENT_IDX3 NOPARALLEL;

Index altered.

Elapsed: 00:00:00.00
02:39:31 SQL> ALTER INDEX PSPADM.PSP_ENTITLEMENT_SUBSNO NOPARALLEL;

Index altered.

Elapsed: 00:00:00.00
02:39:31 SQL> ALTER INDEX PSPADM.PSP_ENTITLEMENT_U1 NOPARALLEL;

Index altered.

Elapsed: 00:00:00.01
02:39:31 SQL> ALTER INDEX PSPADM.PSP_ENTITLEMENT_CODE_OFFER_FK1 NOPARALLEL;

Index altered.

Elapsed: 00:00:00.00
02:39:31 SQL> ALTER INDEX PSPADM.PSP_ENTITLEMENT_CODE_OFFER_FK2 NOPARALLEL;

Index altered.

Elapsed: 00:00:00.00
02:39:31 SQL> ALTER INDEX PSPADM.PSP_ENTITLEMENT_MESSAGE_U1 NOPARALLEL;

Index altered.

Elapsed: 00:00:00.00
02:39:31 SQL> ALTER INDEX PSPADM.PSP_ENTITLEMENT_MSG_LCNO_EOFCD NOPARALLEL;

Index altered.

Elapsed: 00:00:00.02
02:39:31 SQL> ALTER INDEX PSPADM.PSP_ENTITLEMENT_MSG_MSGTS_ER NOPARALLEL;

Index altered.

Elapsed: 00:00:00.00
02:39:31 SQL> ALTER INDEX PSPADM.PSP_ENTITLEMENT_MSG_ORNO_LCNO NOPARALLEL;

Index altered.

Elapsed: 00:00:00.00
02:39:31 SQL> ALTER INDEX PSPADM.PSP_ENMT_FEDTAXIDENC_I1 NOPARALLEL;

Index altered.

Elapsed: 00:00:00.01
02:39:31 SQL> ALTER INDEX PSPADM.PSP_ENTITLEMENTUNIT_FK1 NOPARALLEL;

Index altered.

Elapsed: 00:00:00.00
02:39:31 SQL> ALTER INDEX PSPADM.PSP_ENTITLEMENT_UNIT_FK1 NOPARALLEL;

Index altered.

Elapsed: 00:00:00.00
02:39:31 SQL> ALTER INDEX PSPADM.PSP_ENTITLEMENT_UNIT_I1 NOPARALLEL;

Index altered.

Elapsed: 00:00:00.01
02:39:31 SQL> ALTER INDEX PSPADM.PSP_ENTITLEMENT_UNIT_IDX2 NOPARALLEL;

Index altered.

Elapsed: 00:00:00.00
02:39:31 SQL> ALTER INDEX PSPADM.PSP_ENTITYCHANGE_FK1 NOPARALLEL;

Index altered.

Elapsed: 00:00:00.00
02:39:31 SQL> ALTER INDEX PSPADM.IDX_ENTITYUPDATE_CRDATE NOPARALLEL;

Index altered.

Elapsed: 00:00:00.00
02:39:31 SQL> ALTER INDEX PSPADM.PSP_ENTRY_DETAIL_RECORD_FK1 NOPARALLEL;

Index altered.

Elapsed: 00:00:00.01
02:39:31 SQL> ALTER INDEX PSPADM.PSP_ENTRY_DETAIL_RECORD_FK2 NOPARALLEL;

Index altered.

Elapsed: 00:00:00.00
02:39:31 SQL> ALTER INDEX PSPADM.PSP_ENTRY_DETAIL_RECORD_FK3 NOPARALLEL;

Index altered.

Elapsed: 00:00:00.00
02:39:31 SQL> ALTER INDEX PSPADM.PSP_ENTRY_DETAIL_RECORD_FK4 NOPARALLEL;

Index altered.

Elapsed: 00:00:00.01
02:39:31 SQL> ALTER INDEX PSPADM.PSP_ENTRY_DETAIL_RECORD_I1 NOPARALLEL;

Index altered.

Elapsed: 00:00:00.00
02:39:31 SQL> ALTER INDEX PSPADM.PSP_ENTRY_DETAIL_RECORD_I2 NOPARALLEL;

Index altered.

Elapsed: 00:00:00.00
02:39:31 SQL> ALTER INDEX PSPADM.PSP_EVENT_AS400_SYNC_FK1 NOPARALLEL;

Index altered.

Elapsed: 00:00:00.01
02:39:31 SQL> ALTER INDEX PSPADM.PSP_EVTTP_SRCSYS_FK_EVTTP NOPARALLEL;

Index altered.

Elapsed: 00:00:00.00
02:39:31 SQL> ALTER INDEX PSPADM.PSP_EVTTP_SRCSYS_FK_SRCSYS NOPARALLEL;

Index altered.

Elapsed: 00:00:00.00
02:39:31 SQL> ALTER INDEX PSPADM.PSP_FAILED_PAYROLL_RUN_FK1 NOPARALLEL;

Index altered.

Elapsed: 00:00:00.00
02:39:31 SQL> ALTER INDEX PSPADM.PSP_FEE_FK1 NOPARALLEL;

Index altered.

Elapsed: 00:00:00.01
02:39:31 SQL> ALTER INDEX PSPADM.PSP_FEE_FK2 NOPARALLEL;

Index altered.

Elapsed: 00:00:00.00
02:39:31 SQL> ALTER INDEX PSPADM.PSP_FINANCIALTRANSACTION_FK1 NOPARALLEL;

Index altered.

Elapsed: 00:00:00.00
02:39:31 SQL> ALTER INDEX PSPADM.PSP_FINANCIALTRANSACTION_FK2 NOPARALLEL;

Index altered.

Elapsed: 00:00:00.01
02:39:31 SQL> ALTER INDEX PSPADM.PSP_FINANCIALTRANSACTION_FK3 NOPARALLEL;

Index altered.

Elapsed: 00:00:00.00
02:39:31 SQL> ALTER INDEX PSPADM.PSP_FINANCIAL_TRANSACTION_FK10 NOPARALLEL;

Index altered.

Elapsed: 00:00:00.00
02:39:31 SQL> ALTER INDEX PSPADM.PSP_FINANCIAL_TRANSACTION_FK11 NOPARALLEL;

Index altered.

Elapsed: 00:00:00.01
02:39:31 SQL> ALTER INDEX PSPADM.PSP_FINANCIAL_TRANSACTION_FK13 NOPARALLEL;

Index altered.

Elapsed: 00:00:00.00
02:39:31 SQL> ALTER INDEX PSPADM.PSP_FINANCIAL_TRANSACTION_FK14 NOPARALLEL;

Index altered.

Elapsed: 00:00:00.00
02:39:31 SQL> ALTER INDEX PSPADM.PSP_FINANCIAL_TRANSACTION_FK16 NOPARALLEL;

Index altered.

Elapsed: 00:00:00.01
02:39:31 SQL> ALTER INDEX PSPADM.PSP_FINANCIAL_TRANSACTION_FK2 NOPARALLEL;

Index altered.

Elapsed: 00:00:00.00
02:39:31 SQL> ALTER INDEX PSPADM.PSP_FINANCIAL_TRANSACTION_FK3 NOPARALLEL;

Index altered.

Elapsed: 00:00:00.01
02:39:31 SQL> ALTER INDEX PSPADM.PSP_FINANCIAL_TRANSACTION_FK5 NOPARALLEL;

Index altered.

Elapsed: 00:00:00.00
02:39:31 SQL> ALTER INDEX PSPADM.PSP_FINANCIAL_TRANSACTION_FK6 NOPARALLEL;

Index altered.

Elapsed: 00:00:00.00
02:39:31 SQL> ALTER INDEX PSPADM.PSP_FINANCIAL_TRANSACTION_FK9 NOPARALLEL;

Index altered.

Elapsed: 00:00:00.01
02:39:31 SQL> ALTER INDEX PSPADM.PSP_FINANCIAL_TRANSACTION_I3 NOPARALLEL;

Index altered.

Elapsed: 00:00:00.00
02:39:31 SQL> ALTER INDEX PSPADM.PSP_FINANCIAL_TRANSACTION_I4 NOPARALLEL;

Index altered.

Elapsed: 00:00:00.00
02:39:31 SQL> ALTER INDEX PSPADM.PSP_FINANCIAL_TRANSACTION_I5 NOPARALLEL;

Index altered.

Elapsed: 00:00:00.01
02:39:31 SQL> ALTER INDEX PSPADM.FN_STATE_EFF_DATE NOPARALLEL;

Index altered.

Elapsed: 00:00:00.00
02:39:31 SQL> ALTER INDEX PSPADM.PSP_FINANCIALTRANSACTIONST_FK1 NOPARALLEL;

Index altered.

Elapsed: 00:00:00.00
02:39:31 SQL> ALTER INDEX PSPADM.PSP_FINANCIALTRANSACTIONST_FK2 NOPARALLEL;

Index altered.

Elapsed: 00:00:00.01
02:39:31 SQL> ALTER INDEX PSPADM.PSP_FINANCIAL_TRANSACTION__FK4 NOPARALLEL;

Index altered.

Elapsed: 00:00:00.00
02:39:31 SQL> ALTER INDEX PSPADM.PSP_FINANCIAL_TRANSACTION__FK5 NOPARALLEL;

Index altered.

Elapsed: 00:00:00.01
02:39:31 SQL> ALTER INDEX PSPADM.PSP_FINANCIAL_TRANSACTION__FK6 NOPARALLEL;

Index altered.

Elapsed: 00:00:00.00
02:39:31 SQL> ALTER INDEX PSPADM.PSP_FINANCIAL_TRANSACTION__FK7 NOPARALLEL;

Index altered.

Elapsed: 00:00:00.00
02:39:31 SQL> ALTER INDEX PSPADM.PSP_FINANCIAL_TRANSACTION__FK1 NOPARALLEL;

Index altered.

Elapsed: 00:00:00.01
02:39:31 SQL> ALTER INDEX PSPADM.PSP_FINANCIAL_TRANSACTION__FK2 NOPARALLEL;

Index altered.

Elapsed: 00:00:00.00
02:39:31 SQL> ALTER INDEX PSPADM.PSP_FINANCIAL_TRANSACTION__FK3 NOPARALLEL;

Index altered.

Elapsed: 00:00:00.00
02:39:31 SQL> ALTER INDEX PSPADM.PSP_FIN_TXN_HOLD_FK_HOLD NOPARALLEL;

Index altered.

Elapsed: 00:00:00.01
02:39:31 SQL> ALTER INDEX PSPADM.PSP_FORECASTDETAIL_FK1 NOPARALLEL;

Index altered.

Elapsed: 00:00:00.00
02:39:31 SQL> ALTER INDEX PSPADM.PSP_FORM_TEMPLATE_FK1 NOPARALLEL;

Index altered.

Elapsed: 00:00:00.00
02:39:31 SQL> ALTER INDEX PSPADM.PSP_FORM_TEMPLATE_FK2 NOPARALLEL;

Index altered.

Elapsed: 00:00:00.00
02:39:31 SQL> ALTER INDEX PSPADM.PSP_FRAUDADDRESS_FK1 NOPARALLEL;

Index altered.

Elapsed: 00:00:00.01
02:39:31 SQL> ALTER INDEX PSPADM.PSP_FRAUDBANKACCOUNT_FK1 NOPARALLEL;

Index altered.

Elapsed: 00:00:00.00
02:39:31 SQL> ALTER INDEX PSPADM.PSP_FRAUD_ACCOUNT_ENC_I1 NOPARALLEL;

Index altered.

Elapsed: 00:00:00.00
02:39:31 SQL> ALTER INDEX PSPADM.PSP_FRAUDCOMPANY_FK1 NOPARALLEL;

Index altered.

Elapsed: 00:00:00.00
02:39:31 SQL> ALTER INDEX PSPADM.PSP_FRAUDCONTACT_FK1 NOPARALLEL;

Index altered.

Elapsed: 00:00:00.01
02:39:31 SQL> ALTER INDEX PSPADM.PSP_FRAUD_EVENT_FK1 NOPARALLEL;

Index altered.

Elapsed: 00:00:00.00
02:39:31 SQL> ALTER INDEX PSPADM.PSP_FRAUD_EVENT_FK2 NOPARALLEL;

Index altered.

Elapsed: 00:00:00.00
02:39:31 SQL> ALTER INDEX PSPADM.PSP_FRAUD_EVENT_FK3 NOPARALLEL;

Index altered.

Elapsed: 00:00:00.01
02:39:31 SQL> ALTER INDEX PSPADM.PSP_FRAUD_EVENT_FK4 NOPARALLEL;

Index altered.

Elapsed: 00:00:00.00
02:39:31 SQL> ALTER INDEX PSPADM.PSP_FRAUD_EVENT_I1 NOPARALLEL;

Index altered.

Elapsed: 00:00:00.00
02:39:31 SQL> ALTER INDEX PSPADM.PSP_FRAUDVALUE_FK1 NOPARALLEL;

Index altered.

Elapsed: 00:00:00.01
02:39:31 SQL> ALTER INDEX PSPADM.PSP_FSET_FILING_DETAIL_FK1 NOPARALLEL;

Index altered.

Elapsed: 00:00:00.00
02:39:31 SQL> ALTER INDEX PSPADM.PSP_FSET_FILING_DETAIL_FK2 NOPARALLEL;

Index altered.

Elapsed: 00:00:00.00
02:39:31 SQL> ALTER INDEX PSPADM.PSP_FSET_FILING_DETAIL_FK3 NOPARALLEL;

Index altered.

Elapsed: 00:00:00.01
02:39:31 SQL> ALTER INDEX PSPADM.PSP_GEMS_LEDGER_POSTING_RU_FK1 NOPARALLEL;

Index altered.

Elapsed: 00:00:00.00
02:39:31 SQL> ALTER INDEX PSPADM.PSP_GEMS_MONTHLY_BALANCE_FK1 NOPARALLEL;

Index altered.

Elapsed: 00:00:00.00
02:39:31 SQL> ALTER INDEX PSPADM.PSP_GEMS_MONTHLY_BALANCE_FK2 NOPARALLEL;

Index altered.

Elapsed: 00:00:00.00
02:39:31 SQL> ALTER INDEX PSPADM.PSP_HOURS_WORKED_EXCEPTION_FK1 NOPARALLEL;

Index altered.

Elapsed: 00:00:00.01
02:39:31 SQL> ALTER INDEX PSPADM.PSP_INDIVIDUAL_FK1 NOPARALLEL;

Index altered.

Elapsed: 00:00:00.00
02:39:31 SQL> ALTER INDEX PSPADM.PSP_INDIVIDUAL_IDX1 NOPARALLEL;

Index altered.

Elapsed: 00:00:00.00
02:39:31 SQL> ALTER INDEX PSPADM.PSP_INDIV_EMAIL_IDX1 NOPARALLEL;

Index altered.

Elapsed: 00:00:00.01
02:39:31 SQL> ALTER INDEX PSPADM.PSP_INTUIT_BANK_ACCOUNT_FK1 NOPARALLEL;

Index altered.

Elapsed: 00:00:00.00
02:39:31 SQL> ALTER INDEX PSPADM.PSP_INTUIT_BANK_ACCOUNT_TR_FK1 NOPARALLEL;

Index altered.

Elapsed: 00:00:00.00
02:39:31 SQL> ALTER INDEX PSPADM.PSP_INTUIT_BANK_ACCOUNT_TR_FK2 NOPARALLEL;

Index altered.

Elapsed: 00:00:00.00
02:39:31 SQL> ALTER INDEX PSPADM.PSP_INTUIT_BABATCH_TYPE_FI_FK1 NOPARALLEL;

Index altered.

Elapsed: 00:00:00.01
02:39:31 SQL> ALTER INDEX PSPADM.PSP_INTUIT_SHIPPER_INFO_FK1 NOPARALLEL;

Index altered.

Elapsed: 00:00:00.00
02:39:31 SQL> ALTER INDEX PSPADM.PSP_LAW_FK1 NOPARALLEL;

Index altered.

Elapsed: 00:00:00.00
02:39:31 SQL> ALTER INDEX PSPADM.PSP_LAW_RATE_RANGE_FK1 NOPARALLEL;

Index altered.

Elapsed: 00:00:00.00
02:39:31 SQL> ALTER INDEX PSPADM.PSP_LAW_RATE_VALUE_FK1 NOPARALLEL;

Index altered.

Elapsed: 00:00:00.01
02:39:31 SQL> ALTER INDEX PSPADM.PSP_LEDGER_ACCOUNT_ACTION_FK1 NOPARALLEL;

Index altered.

Elapsed: 00:00:00.00
02:39:31 SQL> ALTER INDEX PSPADM.PSP_LEDGER_ACCOUNT_ACTION_FK2 NOPARALLEL;

Index altered.

Elapsed: 00:00:00.00
02:39:31 SQL> ALTER INDEX PSPADM.PSP_LEDGERBALANCE_FK1 NOPARALLEL;

Index altered.

Elapsed: 00:00:00.01
02:39:31 SQL> ALTER INDEX PSPADM.PSP_LEDGERBALANCE_FK2 NOPARALLEL;

Index altered.

Elapsed: 00:00:00.00
02:39:31 SQL> ALTER INDEX PSPADM.PSP_LEDGER_BALANCE_I1 NOPARALLEL;

Index altered.

Elapsed: 00:00:00.00
02:39:31 SQL> ALTER INDEX PSPADM.PSP_LEDGER_BALANCE_U1 NOPARALLEL;

Index altered.

Elapsed: 00:00:00.01
02:39:31 SQL> ALTER INDEX PSPADM.PSP_LEDGER_BALANCE_U2 NOPARALLEL;

Index altered.

Elapsed: 00:00:00.00
02:39:31 SQL> ALTER INDEX PSPADM.PSP_LEDGER_OPERATION_FK1 NOPARALLEL;

Index altered.

Elapsed: 00:00:00.00
02:39:31 SQL> ALTER INDEX PSPADM.PSP_LEDGER_OPERATION_FK2 NOPARALLEL;

Index altered.

Elapsed: 00:00:00.01
02:39:31 SQL> ALTER INDEX PSPADM.PSP_LIABILITY_ADJUSTMENT_FK1 NOPARALLEL;

Index altered.

Elapsed: 00:00:00.00
02:39:31 SQL> ALTER INDEX PSPADM.PSP_LIABILITY_ADJUSTMENT_FK2 NOPARALLEL;

Index altered.

Elapsed: 00:00:00.00
02:39:31 SQL> ALTER INDEX PSPADM.PSP_LIABILITY_ADJUSTMENT_FK3 NOPARALLEL;

Index altered.

Elapsed: 00:00:00.00
02:39:31 SQL> ALTER INDEX PSPADM.PSP_LIABILITY_ADJUSTMENT_FK4 NOPARALLEL;

Index altered.

Elapsed: 00:00:00.01
02:39:31 SQL> ALTER INDEX PSPADM.PSP_LIABILITY_ADJUSTMENT_FK6 NOPARALLEL;

Index altered.

Elapsed: 00:00:00.00
02:39:31 SQL> ALTER INDEX PSPADM.PSP_LIABILITY_ADJUSTMENT_FK7 NOPARALLEL;

Index altered.

Elapsed: 00:00:00.00
02:39:31 SQL> ALTER INDEX PSPADM.PSP_LIABILITY_CHECK_FK1 NOPARALLEL;

Index altered.

Elapsed: 00:00:00.01
02:39:31 SQL> ALTER INDEX PSPADM.PSP_LIABILITY_CHECK_FK2 NOPARALLEL;

Index altered.

Elapsed: 00:00:00.00
02:39:31 SQL> ALTER INDEX PSPADM.PSP_LIABILITY_CHECK_LINE_FK1 NOPARALLEL;

Index altered.

Elapsed: 00:00:00.00
02:39:31 SQL> ALTER INDEX PSPADM.PSP_LIABILITY_CHECK_LINE_FK2 NOPARALLEL;

Index altered.

Elapsed: 00:00:00.00
02:39:31 SQL> ALTER INDEX PSPADM.PSP_LIABILITY_CHECK_LINE_FK4 NOPARALLEL;

Index altered.

Elapsed: 00:00:00.01
02:39:31 SQL> ALTER INDEX PSPADM.PSP_LIABILITY_CHECK_BILLIN_FK1 NOPARALLEL;

Index altered.

Elapsed: 00:00:00.00
02:39:31 SQL> ALTER INDEX PSPADM.PSP_LIABILITY_CHECK_BILLIN_FK2 NOPARALLEL;

Index altered.

Elapsed: 00:00:00.00
02:39:31 SQL> ALTER INDEX PSPADM.PSP_LIMIT_VALUE_FK1 NOPARALLEL;

Index altered.

Elapsed: 00:00:00.01
02:39:31 SQL> ALTER INDEX PSPADM.PSP_MM_TRANSACTION_I1 NOPARALLEL;

Index altered.

Elapsed: 00:00:00.00
02:39:31 SQL> ALTER INDEX PSPADM.PSP_MM_TRANSACTION_I10 NOPARALLEL;

Index altered.

Elapsed: 00:00:00.00
02:39:31 SQL> ALTER INDEX PSPADM.PSP_MM_TRANSACTION_I2 NOPARALLEL;

Index altered.

Elapsed: 00:00:00.01
02:39:31 SQL> ALTER INDEX PSPADM.PSP_MM_TRANSACTION_I3 NOPARALLEL;

Index altered.

Elapsed: 00:00:00.00
02:39:31 SQL> ALTER INDEX PSPADM.PSP_MM_TRANSACTION_I4 NOPARALLEL;

Index altered.

Elapsed: 00:00:00.00
02:39:31 SQL> ALTER INDEX PSPADM.PSP_MM_TRANSACTION_I5 NOPARALLEL;

Index altered.

Elapsed: 00:00:00.01
02:39:32 SQL> ALTER INDEX PSPADM.PSP_MM_TRANSACTION_I9 NOPARALLEL;

Index altered.

Elapsed: 00:00:00.00
02:39:32 SQL> ALTER INDEX PSPADM.PSP_MONEYMOVEMENTTRANSACTI_FK1 NOPARALLEL;

Index altered.

Elapsed: 00:00:00.00
02:39:32 SQL> ALTER INDEX PSPADM.PSP_MONEY_MOVEMENT_TRANSAC_FK2 NOPARALLEL;

Index altered.

Elapsed: 00:00:00.01
02:39:32 SQL> ALTER INDEX PSPADM.PSP_MONEY_MOVEMENT_TRANSAC_FK3 NOPARALLEL;

Index altered.

Elapsed: 00:00:00.00
02:39:32 SQL> ALTER INDEX PSPADM.PSP_MONEY_MOVEMENT_TRANSAC_FK6 NOPARALLEL;

Index altered.

Elapsed: 00:00:00.01
02:39:32 SQL> ALTER INDEX PSPADM.PSP_NACHAFILE_FK1 NOPARALLEL;

Index altered.

Elapsed: 00:00:00.00
02:39:32 SQL> ALTER INDEX PSPADM.PSP_OFFERING_FK1 NOPARALLEL;

Index altered.

Elapsed: 00:00:00.00
02:39:32 SQL> ALTER INDEX PSPADM.PSP_OFFERING_FK2 NOPARALLEL;

Index altered.

Elapsed: 00:00:00.00
02:39:32 SQL> ALTER INDEX PSPADM.PSP_OFFERING_SVCCHG_FK NOPARALLEL;

Index altered.

Elapsed: 00:00:00.01
02:39:32 SQL> ALTER INDEX PSPADM.PSP_OFFERING_SVCCHG_GRP_FK NOPARALLEL;

Index altered.

Elapsed: 00:00:00.00
02:39:32 SQL> ALTER INDEX PSPADM.PSP_OFFER_PRICE_FK1 NOPARALLEL;

Index altered.

Elapsed: 00:00:00.00
02:39:32 SQL> ALTER INDEX PSPADM.PSP_OFFER_SVCCHG_FK_OFFER NOPARALLEL;

Index altered.

Elapsed: 00:00:00.00
02:39:32 SQL> ALTER INDEX PSPADM.PSP_OFFER_SVCCHG_FK_SVCCHG NOPARALLEL;

Index altered.

Elapsed: 00:00:00.01
02:39:32 SQL> ALTER INDEX PSPADM.PSP_OFFLOAD_BATCH_FK1 NOPARALLEL;

Index altered.

Elapsed: 00:00:00.00
02:39:32 SQL> ALTER INDEX PSPADM.PSP_ON_HOLD_REASON_FK1 NOPARALLEL;

Index altered.

Elapsed: 00:00:00.00
02:39:32 SQL> ALTER INDEX PSPADM.PSP_PAYCHECK_FK1 NOPARALLEL;

Index altered.

Elapsed: 00:00:00.01
02:39:32 SQL> ALTER INDEX PSPADM.PSP_PAYCHECK_FK2 NOPARALLEL;

Index altered.

Elapsed: 00:00:00.00
02:39:32 SQL> ALTER INDEX PSPADM.PSP_PAYCHECK_FK3 NOPARALLEL;

Index altered.

Elapsed: 00:00:00.00
02:39:32 SQL> ALTER INDEX PSPADM.PSP_PAYCHECK_FK4 NOPARALLEL;

Index altered.

Elapsed: 00:00:00.01
02:39:32 SQL> ALTER INDEX PSPADM.PSP_PAYCHECK_I1 NOPARALLEL;

Index altered.

Elapsed: 00:00:00.00
02:39:32 SQL> ALTER INDEX PSPADM.PSP_PAYCHECK_I2 NOPARALLEL;

Index altered.

Elapsed: 00:00:00.00
02:39:32 SQL> ALTER INDEX PSPADM.PSP_PAYCHECK_U1 NOPARALLEL;

Index altered.

Elapsed: 00:00:00.01
02:39:32 SQL> ALTER INDEX PSPADM.PSP_PAYCHECK_SPLIT_FK1 NOPARALLEL;

Index altered.

Elapsed: 00:00:00.00
02:39:32 SQL> ALTER INDEX PSPADM.PSP_PAYCHECK_SPLIT_FK2 NOPARALLEL;

Index altered.

Elapsed: 00:00:00.00
02:39:32 SQL> ALTER INDEX PSPADM.PSP_PAYCHECK_SPLIT_FK3 NOPARALLEL;

Index altered.

Elapsed: 00:00:00.01
02:39:32 SQL> ALTER INDEX PSPADM.PSP_PAYCHECK_SPLIT_U1 NOPARALLEL;

Index altered.

Elapsed: 00:00:00.00
02:39:32 SQL> ALTER INDEX PSPADM.PSP_PAYCHECKUSAGE_FK1 NOPARALLEL;

Index altered.

Elapsed: 00:00:00.00
02:39:32 SQL> ALTER INDEX PSPADM.PSP_PAYCHECKUSAGE_FK2 NOPARALLEL;

Index altered.

Elapsed: 00:00:00.01
02:39:32 SQL> ALTER INDEX PSPADM.PSP_PAYCHECK_USAGE_FK1 NOPARALLEL;

Index altered.

Elapsed: 00:00:00.00
02:39:32 SQL> ALTER INDEX PSPADM.PSP_PAYCHECK_USAGE_NU1 NOPARALLEL;

Index altered.

Elapsed: 00:00:00.00
02:39:32 SQL> ALTER INDEX PSPADM.PSP_PAYCHECK_USAGE_U1 NOPARALLEL;

Index altered.

Elapsed: 00:00:00.01
02:39:32 SQL> ALTER INDEX PSPADM.PSP_PAYCHECK_USAGE_HIST_FK1 NOPARALLEL;

Index altered.

Elapsed: 00:00:00.00
02:39:32 SQL> ALTER INDEX PSPADM.PSP_PAYCHECK_USAGE_HIST_FK2 NOPARALLEL;

Index altered.

Elapsed: 00:00:00.00
02:39:32 SQL> ALTER INDEX PSPADM.PSP_PAYEE_FK1 NOPARALLEL;

Index altered.

Elapsed: 00:00:00.01
02:39:32 SQL> ALTER INDEX PSPADM.PSP_PAYEE_FK2 NOPARALLEL;

Index altered.

Elapsed: 00:00:00.00
02:39:32 SQL> ALTER INDEX PSPADM.PSP_PAYEE_BANK_ACCOUNT_FK1 NOPARALLEL;

Index altered.

Elapsed: 00:00:00.00
02:39:32 SQL> ALTER INDEX PSPADM.PSP_PAYEE_BANK_ACCOUNT_FK2 NOPARALLEL;

Index altered.

Elapsed: 00:00:00.00
02:39:32 SQL> ALTER INDEX PSPADM.PSP_PAYMENT_BATCH_ASSOC_FK1 NOPARALLEL;

Index altered.

Elapsed: 00:00:00.01
02:39:32 SQL> ALTER INDEX PSPADM.PSP_PAYMENT_BATCH_ASSOC_FK2 NOPARALLEL;

Index altered.

Elapsed: 00:00:00.00
02:39:32 SQL> ALTER INDEX PSPADM.PSP_PAYMENTMETHODREQUIREME_FK1 NOPARALLEL;

Index altered.

Elapsed: 00:00:00.00
02:39:32 SQL> ALTER INDEX PSPADM.PSP_PAYMENT_TEMPLATE_FK1 NOPARALLEL;

Index altered.

Elapsed: 00:00:00.01
02:39:32 SQL> ALTER INDEX PSPADM.PSP_PAYMENT_TEMPLATE_AGENC_FK1 NOPARALLEL;

Index altered.

Elapsed: 00:00:00.00
02:39:32 SQL> ALTER INDEX PSPADM.PSP_PAYROLL_ITEM_TAXABLE_T_FK1 NOPARALLEL;

Index altered.

Elapsed: 00:00:00.00
02:39:32 SQL> ALTER INDEX PSPADM.PSP_PAYROLL_ITEM_TAXABLE_T_FK2 NOPARALLEL;

Index altered.

Elapsed: 00:00:00.00
02:39:32 SQL> ALTER INDEX PSPADM.PSP_PAYROLL_RUN_EECALCTOKEN NOPARALLEL;

Index altered.

Elapsed: 00:00:00.01
02:39:32 SQL> ALTER INDEX PSPADM.PSP_PAYROLL_RUN_I1 NOPARALLEL;

Index altered.

Elapsed: 00:00:00.00
02:39:32 SQL> ALTER INDEX PSPADM.PSP_PAYROLL_RUN_I2 NOPARALLEL;

Index altered.

Elapsed: 00:00:00.00
02:39:32 SQL> ALTER INDEX PSPADM.PSP_PAYROLL_RUN_I3 NOPARALLEL;

Index altered.

Elapsed: 00:00:00.01
02:39:32 SQL> ALTER INDEX PSPADM.PSP_PAYROLL_RUN_I4 NOPARALLEL;

Index altered.

Elapsed: 00:00:00.00
02:39:32 SQL> ALTER INDEX PSPADM.PSP_PAYROLL_RUN_U1 NOPARALLEL;

Index altered.

Elapsed: 00:00:00.00
02:39:32 SQL> ALTER INDEX PSPADM.PSP_PR_PROCESED_BY_FRD_BTCHJOB NOPARALLEL;

Index altered.

Elapsed: 00:00:00.01
02:39:32 SQL> ALTER INDEX PSPADM.PSP_PAYROLL_RUN_ACTION_FK1 NOPARALLEL;

Index altered.

Elapsed: 00:00:00.00
02:39:32 SQL> ALTER INDEX PSPADM.PSP_PAYROLL_SUBTYPE_FK1 NOPARALLEL;

Index altered.

Elapsed: 00:00:00.00
02:39:32 SQL> ALTER INDEX PSPADM.PSP_PAYSTUB_FK1 NOPARALLEL;

Index altered.

Elapsed: 00:00:00.01
02:39:32 SQL> ALTER INDEX PSPADM.PSP_PAYSTUB_FK2 NOPARALLEL;

Index altered.

Elapsed: 00:00:00.00
02:39:32 SQL> ALTER INDEX PSPADM.PSP_PAYSTUB_FK3 NOPARALLEL;

Index altered.

Elapsed: 00:00:00.00
02:39:32 SQL> ALTER INDEX PSPADM.PSP_PAY_ITEM_FK1 NOPARALLEL;

Index altered.

Elapsed: 00:00:00.00
02:39:32 SQL> ALTER INDEX PSPADM.PSP_PAY_ITEM_FK2 NOPARALLEL;

Index altered.

Elapsed: 00:00:00.01
02:39:32 SQL> ALTER INDEX PSPADM.PSP_PAYMENT_TEMPLATE_CHECK_FK1 NOPARALLEL;

Index altered.

Elapsed: 00:00:00.00
02:39:32 SQL> ALTER INDEX PSPADM.PSP_PAYMENT_TEMPLATE_CHECK_FK2 NOPARALLEL;

Index altered.

Elapsed: 00:00:00.00
02:39:32 SQL> ALTER INDEX PSPADM.PSP_PAYMENT_TEMPLATE_PRINT_FK1 NOPARALLEL;

Index altered.

Elapsed: 00:00:00.01
02:39:32 SQL> ALTER INDEX PSPADM.PSP_PAYMENT_TEMPLATE_BANK__FK1 NOPARALLEL;

Index altered.

Elapsed: 00:00:00.00
02:39:32 SQL> ALTER INDEX PSPADM.PSP_PAYMENT_TEMPLATE_BANK__FK2 NOPARALLEL;

Index altered.

Elapsed: 00:00:00.00
02:39:32 SQL> ALTER INDEX PSPADM.PSP_PAYMENT_TEMPLATE_FREQU_FK1 NOPARALLEL;

Index altered.

Elapsed: 00:00:00.01
02:39:32 SQL> ALTER INDEX PSPADM.PSP_PAYMENT_TEMPLATE_PAYME_FK1 NOPARALLEL;

Index altered.

Elapsed: 00:00:00.00
02:39:32 SQL> ALTER INDEX PSPADM.PSP_POSTING_RULE_FK1 NOPARALLEL;

Index altered.

Elapsed: 00:00:00.00
02:39:32 SQL> ALTER INDEX PSPADM.PSP_POSTING_RULE_FK2 NOPARALLEL;

Index altered.

Elapsed: 00:00:00.00
02:39:32 SQL> ALTER INDEX PSPADM.PSP_POSTING_RULE_FK3 NOPARALLEL;

Index altered.

Elapsed: 00:00:00.01
02:39:32 SQL> ALTER INDEX PSPADM.PSP_PRIOR_PAYMENT_SUBMISSI_FK1 NOPARALLEL;

Index altered.

Elapsed: 00:00:00.00
02:39:32 SQL> ALTER INDEX PSPADM.PSP_PROPERTYAUDIT_FK1 NOPARALLEL;

Index altered.

Elapsed: 00:00:00.00
02:39:32 SQL> ALTER INDEX PSPADM.PSP_PSTUB_DDITEM_FK1 NOPARALLEL;

Index altered.

Elapsed: 00:00:00.01
02:39:32 SQL> ALTER INDEX PSPADM.PSP_PSTUB_EMPLOYEE_INFO_FK1 NOPARALLEL;

Index altered.

Elapsed: 00:00:00.00
02:39:32 SQL> ALTER INDEX PSPADM.PSP_PSTUB_EMPLOYEE_INFO_FK2 NOPARALLEL;

Index altered.

Elapsed: 00:00:00.00
02:39:32 SQL> ALTER INDEX PSPADM.EMP_PREF_UNQ_INDX NOPARALLEL;

Index altered.

Elapsed: 00:00:00.00
02:39:32 SQL> ALTER INDEX PSPADM.PSP_PSTUB_EMPLOYEE_PREFERE_FK1 NOPARALLEL;

Index altered.

Elapsed: 00:00:00.01
02:39:32 SQL> ALTER INDEX PSPADM.PSP_PSTUB_EMPLOYER_INFO_FK1 NOPARALLEL;

Index altered.

Elapsed: 00:00:00.00
02:39:32 SQL> ALTER INDEX PSPADM.PSP_PSTUB_MSG_FK1 NOPARALLEL;

Index altered.

Elapsed: 00:00:00.00
02:39:32 SQL> ALTER INDEX PSPADM.PSP_PSTUB_PAID_TIMEOFF_ITE_FK1 NOPARALLEL;

Index altered.

Elapsed: 00:00:00.00
02:39:32 SQL> ALTER INDEX PSPADM.PSP_PSTUB_PAY_ITEM_FK1 NOPARALLEL;

Index altered.

Elapsed: 00:00:00.01
02:39:32 SQL> ALTER INDEX PSPADM.PSP_PSTUB_PAY_ITEM_FK2 NOPARALLEL;

Index altered.

Elapsed: 00:00:00.00
02:39:32 SQL> ALTER INDEX PSPADM.PSP_PSTUB_STATE_TAX_INFO_FK1 NOPARALLEL;

Index altered.

Elapsed: 00:00:00.00
02:39:32 SQL> ALTER INDEX PSPADM.PSP_QBDT_EMPLOYEE_INFO_COM_LST NOPARALLEL;

Index altered.

Elapsed: 00:00:00.01
02:39:32 SQL> ALTER INDEX PSPADM.PSP_QBDT_EMPLOYEE_INFO_FK1 NOPARALLEL;

Index altered.

Elapsed: 00:00:00.00
02:39:32 SQL> ALTER INDEX PSPADM.PSP_QBDT_EMPLOYEE_INFO_FK2 NOPARALLEL;

Index altered.

Elapsed: 00:00:00.00
02:39:32 SQL> ALTER INDEX PSPADM.PSP_QBDT_PAYCHECK_INFO_COM_LST NOPARALLEL;

Index altered.

Elapsed: 00:00:00.01
02:39:32 SQL> ALTER INDEX PSPADM.PSP_QBDT_PAYCHECK_INFO_CYVT_B1 NOPARALLEL;

Index altered.

Elapsed: 00:00:00.00
02:39:32 SQL> ALTER INDEX PSPADM.PSP_QBDT_PAYCHECK_INFO_FK1 NOPARALLEL;

Index altered.

Elapsed: 00:00:00.00
02:39:32 SQL> ALTER INDEX PSPADM.PSP_QBDT_PAYCHECK_INFO_FK2 NOPARALLEL;

Index altered.

Elapsed: 00:00:00.01
02:39:32 SQL> ALTER INDEX PSPADM.PSP_QBDT_PAYLINE_INFO_FK1 NOPARALLEL;

Index altered.

Elapsed: 00:00:00.00
02:39:32 SQL> ALTER INDEX PSPADM.PSP_QBDT_PAYLINE_INFO_FK2 NOPARALLEL;

Index altered.

Elapsed: 00:00:00.00
02:39:32 SQL> ALTER INDEX PSPADM.PSP_QBDT_PAYLINE_INFO_FK3 NOPARALLEL;

Index altered.

Elapsed: 00:00:00.01
02:39:32 SQL> ALTER INDEX PSPADM.PSP_QBDT_PAYLINE_INFO_FK4 NOPARALLEL;

Index altered.

Elapsed: 00:00:00.00
02:39:32 SQL> ALTER INDEX PSPADM.PSP_QBDT_PAYROLL_ITEM_INFO_FK1 NOPARALLEL;

Index altered.

Elapsed: 00:00:00.00
02:39:32 SQL> ALTER INDEX PSPADM.PSP_QBDT_PAYROLL_ITEM_INFO_FK2 NOPARALLEL;

Index altered.

Elapsed: 00:00:00.01
02:39:32 SQL> ALTER INDEX PSPADM.PSP_QBDT_PAYROLL_ITEM_INFO_FK3 NOPARALLEL;

Index altered.

Elapsed: 00:00:00.00
02:39:32 SQL> ALTER INDEX PSPADM.PSP_QBDT_PAYROLL_TRANSACTI_FK1 NOPARALLEL;

Index altered.

Elapsed: 00:00:00.00
02:39:32 SQL> ALTER INDEX PSPADM.PSP_QBDT_PAYROLL_TRANSACTI_FK3 NOPARALLEL;

Index altered.

Elapsed: 00:00:00.00
02:39:32 SQL> ALTER INDEX PSPADM.PSP_QBDT_PAYROLL_TRANS_FK1 NOPARALLEL;

Index altered.

Elapsed: 00:00:00.01
02:39:32 SQL> ALTER INDEX PSPADM.PSP_QBDT_PAYROLL_TRANS_FK2 NOPARALLEL;

Index altered.

Elapsed: 00:00:00.00
02:39:32 SQL> ALTER INDEX PSPADM.PSP_QBDT_PAYROLL_TRANSACTI_FK2 NOPARALLEL;

Index altered.

Elapsed: 00:00:00.00
02:39:32 SQL> ALTER INDEX PSPADM.PSP_QBDT_PAYROLL_TRANSLINE_FK1 NOPARALLEL;

Index altered.

Elapsed: 00:00:00.01
02:39:32 SQL> ALTER INDEX PSPADM.PSP_QBDT_REQUEST_INFO_CRDT NOPARALLEL;

Index altered.

Elapsed: 00:00:00.00
02:39:32 SQL> ALTER INDEX PSPADM.PSP_QBDT_REQUEST_INFO_FK1 NOPARALLEL;

Index altered.

Elapsed: 00:00:00.00
02:39:32 SQL> ALTER INDEX PSPADM.PSP_QBDTTRANSACTIONINFO_FK1 NOPARALLEL;

Index altered.

Elapsed: 00:00:00.01
02:39:32 SQL> ALTER INDEX PSPADM.PSP_QBDT_TRANSACTION_INFO_FK1 NOPARALLEL;

Index altered.

Elapsed: 00:00:00.00
02:39:32 SQL> ALTER INDEX PSPADM.PSP_QBDT_TRANSACTION_INFO_FK2 NOPARALLEL;

Index altered.

Elapsed: 00:00:00.00
02:39:32 SQL> ALTER INDEX PSPADM.PSP_QBDT_TRANSACTION_INFO_FK3 NOPARALLEL;

Index altered.

Elapsed: 00:00:00.01
02:39:32 SQL> ALTER INDEX PSPADM.PSP_QBDT_TRANSACTION_INFO_FK4 NOPARALLEL;

Index altered.

Elapsed: 00:00:00.00
02:39:32 SQL> ALTER INDEX PSPADM.PSP_QBDT_TRANSACTION_INFO_FK5 NOPARALLEL;

Index altered.

Elapsed: 00:00:00.00
02:39:32 SQL> ALTER INDEX PSPADM.PSP_QBDT_TRANSACTION_INFO_FK6 NOPARALLEL;

Index altered.

Elapsed: 00:00:00.01
02:39:32 SQL> ALTER INDEX PSPADM.PSP_QBDT_TRANSACTION_INFO_FK7 NOPARALLEL;

Index altered.

Elapsed: 00:00:00.00
02:39:32 SQL> ALTER INDEX PSPADM.PSP_QBDT_TRANSACTION_INFO_FK8 NOPARALLEL;

Index altered.

Elapsed: 00:00:00.00
02:39:32 SQL> ALTER INDEX PSPADM.PSP_QBDT_TRANSACTION_INFO_FK9 NOPARALLEL;

Index altered.

Elapsed: 00:00:00.01
02:39:32 SQL> ALTER INDEX PSPADM.PSP_QBDT_UNPROCESSED_REQUE_FK1 NOPARALLEL;

Index altered.

Elapsed: 00:00:00.00
02:39:32 SQL> ALTER INDEX PSPADM.PSP_QBDT_UNPROCESSED_REQUE_FK2 NOPARALLEL;

Index altered.

Elapsed: 00:00:00.00
02:39:32 SQL> ALTER INDEX PSPADM.PSP_QBDT_UNPROCESSED_REQUE_I1 NOPARALLEL;

Index altered.

Elapsed: 00:00:00.01
02:39:32 SQL> ALTER INDEX PSPADM.PSP_QUICKBOOKS_I2 NOPARALLEL;

Index altered.

Elapsed: 00:00:00.00
02:39:32 SQL> ALTER INDEX PSPADM.PSP_QUICKBOOKS_INFO_FK1 NOPARALLEL;

Index altered.

Elapsed: 00:00:00.00
02:39:32 SQL> ALTER INDEX PSPADM.PSP_RAFENROLLMENT_FK1 NOPARALLEL;

Index altered.

Elapsed: 00:00:00.00
02:39:32 SQL> ALTER INDEX PSPADM.PSP_RAFENROLLMENT_I1 NOPARALLEL;

Index altered.

Elapsed: 00:00:00.01
02:39:32 SQL> ALTER INDEX PSPADM.PSP_RAFENROLLMENT_DETAIL_FK1 NOPARALLEL;

Index altered.

Elapsed: 00:00:00.00
02:39:32 SQL> ALTER INDEX PSPADM.PSP_RAFENROLLMENT_DETAIL_FK2 NOPARALLEL;

Index altered.

Elapsed: 00:00:00.00
02:39:32 SQL> ALTER INDEX PSPADM.PSP_RAFENROLLMENT_DETAIL_FK3 NOPARALLEL;

Index altered.

Elapsed: 00:00:00.01
02:39:32 SQL> ALTER INDEX PSPADM.PSP_REPORTING_AGENT_FK1 NOPARALLEL;

Index altered.

Elapsed: 00:00:00.00
02:39:32 SQL> ALTER INDEX PSPADM.PSP_ROLE_SUB_STATUS_FK1 NOPARALLEL;

Index altered.

Elapsed: 00:00:00.00
02:39:32 SQL> ALTER INDEX PSPADM.PSP_ROLE_SUB_STATUS_FK2 NOPARALLEL;

Index altered.

Elapsed: 00:00:00.00
02:39:32 SQL> ALTER INDEX PSPADM.PSP_SAP_METH_CALL_IDX1 NOPARALLEL;

Index altered.

Elapsed: 00:00:00.01
02:39:32 SQL> ALTER INDEX PSPADM.PSP_SAP_METHOD_CALL_IDX1 NOPARALLEL;

Index altered.

Elapsed: 00:00:00.00
02:39:32 SQL> ALTER INDEX PSPADM.PSP_SECOND_OFFLOAD_FK1 NOPARALLEL;

Index altered.

Elapsed: 00:00:00.00
02:39:32 SQL> ALTER INDEX PSPADM.PSP_SERVICE_SUB_STATUS_FK1 NOPARALLEL;

Index altered.

Elapsed: 00:00:00.01
02:39:32 SQL> ALTER INDEX PSPADM.PSP_SERV_STAT_TXN_SKU_TYPE_FK1 NOPARALLEL;

Index altered.

Elapsed: 00:00:00.00
02:39:32 SQL> ALTER INDEX PSPADM.PSP_SERV_STAT_TXN_SKU_TYPE_FK2 NOPARALLEL;

Index altered.

Elapsed: 00:00:00.00
02:39:32 SQL> ALTER INDEX PSPADM.PSP_SMSMIGRATION_FK1 NOPARALLEL;

Index altered.

Elapsed: 00:00:00.00
02:39:32 SQL> ALTER INDEX PSPADM.PSP_SOURCE_SYSTEM_PRINTED__FK1 NOPARALLEL;

Index altered.

Elapsed: 00:00:00.01
02:39:32 SQL> ALTER INDEX PSPADM.PSP_SOURCE_SYSTEM_LAW_ASSO_FK1 NOPARALLEL;

Index altered.

Elapsed: 00:00:00.00
02:39:32 SQL> ALTER INDEX PSPADM.PSP_SOURCE_SYSTEM_LAW_ASSO_FK2 NOPARALLEL;

Index altered.

Elapsed: 00:00:00.00
02:39:32 SQL> ALTER INDEX PSPADM.PSP_STATE_EDI_TAX_FILE_FK2 NOPARALLEL;

Index altered.

Elapsed: 00:00:00.01
02:39:32 SQL> ALTER INDEX PSPADM.PSP_STRPT_TMPFREQ_FK_PMTTMPFRQ NOPARALLEL;

Index altered.

Elapsed: 00:00:00.00
02:39:32 SQL> ALTER INDEX PSPADM.PSP_STRPT_TMPFREQ_FK_STRPTOUT NOPARALLEL;

Index altered.

Elapsed: 00:00:00.00
02:39:32 SQL> ALTER INDEX PSPADM.PSP_SUICREDITS_JOB_FK1 NOPARALLEL;

Index altered.

Elapsed: 00:00:00.00
02:39:32 SQL> ALTER INDEX PSPADM.PSP_OFFERINGSERVICECHARGEP_FK1 NOPARALLEL;

Index altered.

Elapsed: 00:00:00.01
02:39:32 SQL> ALTER INDEX PSPADM.PSP_SVCSTAT_SRCSYS_FK_SRCSYS NOPARALLEL;

Index altered.

Elapsed: 00:00:00.00
02:39:32 SQL> ALTER INDEX PSPADM.PSP_SVCSTAT_SRCSYS_FK_SVCSTAT NOPARALLEL;

Index altered.

Elapsed: 00:00:00.00
02:39:32 SQL> ALTER INDEX PSPADM.PSP_SVCSTAT_SVC_FK_SVC NOPARALLEL;

Index altered.

Elapsed: 00:00:00.00
02:39:32 SQL> ALTER INDEX PSPADM.PSP_SVCSTAT_SVC_FK_SVCSTAT NOPARALLEL;

Index altered.

Elapsed: 00:00:00.01
02:39:32 SQL> ALTER INDEX PSPADM.PSP_SVCSTAT_CAP_FK_CAP NOPARALLEL;

Index altered.

Elapsed: 00:00:00.00
02:39:32 SQL> ALTER INDEX PSPADM.PSP_SVCSTAT_CAP_FK_SVCSTAT NOPARALLEL;

Index altered.

Elapsed: 00:00:00.00
02:39:32 SQL> ALTER INDEX PSPADM.PSP_SYSTEM_PARAMETER_SPCODE_U1 NOPARALLEL;

Index altered.

Elapsed: 00:00:00.00
02:39:32 SQL> ALTER INDEX PSPADM.PSP_TAX_FK1 NOPARALLEL;

Index altered.

Elapsed: 00:00:00.01
02:39:32 SQL> ALTER INDEX PSPADM.PSP_TAX_FK2 NOPARALLEL;

Index altered.

Elapsed: 00:00:00.00
02:39:32 SQL> ALTER INDEX PSPADM.PSP_TAX_FK3 NOPARALLEL;

Index altered.

Elapsed: 00:00:00.00
02:39:32 SQL> ALTER INDEX PSPADM.PSP_TAX_FK5 NOPARALLEL;

Index altered.

Elapsed: 00:00:00.01
02:39:32 SQL> ALTER INDEX PSPADM.PSP_TAX_ACC_AUD_I1 NOPARALLEL;

Index altered.

Elapsed: 00:00:00.00
02:39:32 SQL> ALTER INDEX PSPADM.PSP_TAX_CREDITS9061_FK1 NOPARALLEL;

Index altered.

Elapsed: 00:00:00.00
02:39:32 SQL> ALTER INDEX PSPADM.PSP_TAXPAYMENTONHOLDREASON_FK1 NOPARALLEL;

Index altered.

Elapsed: 00:00:00.01
02:39:32 SQL> ALTER INDEX PSPADM.PSP_TAX_PENALTY_INTEREST_FK1 NOPARALLEL;

Index altered.

Elapsed: 00:00:00.00
02:39:32 SQL> ALTER INDEX PSPADM.PSP_TAX_TABLE_MISC_DATA_FK1 NOPARALLEL;

Index altered.

Elapsed: 00:00:00.00
02:39:32 SQL> ALTER INDEX PSPADM.PSP_TAX_TABLE_MISC_DATA_FK2 NOPARALLEL;

Index altered.

Elapsed: 00:00:00.00
02:39:32 SQL> ALTER INDEX PSPADM.PSP_TP401K_BATCH_EE_FK1 NOPARALLEL;

Index altered.

Elapsed: 00:00:00.01
02:39:32 SQL> ALTER INDEX PSPADM.PSP_TP401K_BATCH_EE_FK2 NOPARALLEL;

Index altered.

Elapsed: 00:00:00.00
02:39:32 SQL> ALTER INDEX PSPADM.PSP_THIRD_PARTY401K_BATCH__FK1 NOPARALLEL;

Index altered.

Elapsed: 00:00:00.00
02:39:32 SQL> ALTER INDEX PSPADM.PSP_THIRD_PARTY401K_BATCH__FK2 NOPARALLEL;

Index altered.

Elapsed: 00:00:00.01
02:39:32 SQL> ALTER INDEX PSPADM.PSP_TP401K_PCHK_PCHK_FK NOPARALLEL;

Index altered.

Elapsed: 00:00:00.00
02:39:32 SQL> ALTER INDEX PSPADM.PSP_TP401K_PEND_STATE_PCHK_FK NOPARALLEL;

Index altered.

Elapsed: 00:00:00.00
02:39:32 SQL> ALTER INDEX PSPADM.PSP_TP401K_PCHK_STATE_PCHK_FK NOPARALLEL;

Index altered.

Elapsed: 00:00:00.00
02:39:32 SQL> ALTER INDEX PSPADM.PSP_TRANSACTION_OFFLOAD_BA_FK1 NOPARALLEL;

Index altered.

Elapsed: 00:00:00.01
02:39:32 SQL> ALTER INDEX PSPADM.PSP_TRANSACTION_OFFLOAD_BA_FK2 NOPARALLEL;

Index altered.

Elapsed: 00:00:00.00
02:39:32 SQL> ALTER INDEX PSPADM.PSP_TRANSACTION_RESPONSE_FK1 NOPARALLEL;

Index altered.

Elapsed: 00:00:00.00
02:39:32 SQL> ALTER INDEX PSPADM.PSP_TRANSACTION_RETURN_FK1 NOPARALLEL;

Index altered.

Elapsed: 00:00:00.01
02:39:32 SQL> ALTER INDEX PSPADM.PSP_TRANSACTION_RETURN_FK2 NOPARALLEL;

Index altered.

Elapsed: 00:00:00.00
02:39:32 SQL> ALTER INDEX PSPADM.PSP_TRANSACTION_RETURN_I1 NOPARALLEL;

Index altered.

Elapsed: 00:00:00.00
02:39:32 SQL> ALTER INDEX PSPADM.PSP_TRANSMISSIONPAYROLLRUN_FK1 NOPARALLEL;

Index altered.

Elapsed: 00:00:00.00
02:39:32 SQL> ALTER INDEX PSPADM.PSP_TRANSMISSIONPAYROLLRUN_FK2 NOPARALLEL;

Index altered.

Elapsed: 00:00:00.01
02:39:32 SQL> ALTER INDEX PSPADM.PSP_TXNTYPE_SVC_FK_SVC NOPARALLEL;

Index altered.

Elapsed: 00:00:00.00
02:39:32 SQL> ALTER INDEX PSPADM.PSP_TXNTYPE_SVC_FK_TXNTYPE NOPARALLEL;

Index altered.

Elapsed: 00:00:00.00
02:39:32 SQL> ALTER INDEX PSPADM.PSP_USAGEPERIOD_FK1 NOPARALLEL;

Index altered.

Elapsed: 00:00:00.01
02:39:32 SQL> ALTER INDEX PSPADM.PSP_USAGE_PERIOD_U1 NOPARALLEL;

Index altered.

Elapsed: 00:00:00.00
02:39:32 SQL> ALTER INDEX PSPADM.PSP_USERSETTING_FK1 NOPARALLEL;

Index altered.

Elapsed: 00:00:00.00
02:39:32 SQL> ALTER INDEX PSPADM.PSP_USER_SETTING_FK1 NOPARALLEL;

Index altered.

Elapsed: 00:00:00.01
02:39:32 SQL> ALTER INDEX PSPADM.PSP_VMP_EMPLOYEE_INFO_FK1 NOPARALLEL;

Index altered.

Elapsed: 00:00:00.00
02:39:32 SQL> ALTER INDEX PSPADM.PSP_VOIDED_CHECK_FK1 NOPARALLEL;

Index altered.

Elapsed: 00:00:00.00
02:39:32 SQL> ALTER INDEX PSPADM.PSP_VOIDED_CHECK_FK2 NOPARALLEL;

Index altered.

Elapsed: 00:00:00.00
02:39:32 SQL> ALTER INDEX PSPADM.PSP_VOIDED_CHECK_FK3 NOPARALLEL;

Index altered.

Elapsed: 00:00:00.01
02:39:32 SQL> ALTER INDEX PSPADM.PSP_WAGE_LIMIT_FK1 NOPARALLEL;

Index altered.

Elapsed: 00:00:00.00
02:39:32 SQL> ALTER INDEX PSPADM.PSP_WC_COMPANY_FK1 NOPARALLEL;

Index altered.

Elapsed: 00:00:00.00
02:39:32 SQL> ALTER INDEX PSPADM.PSP_WC_PCHK_PCHK_FK NOPARALLEL;

Index altered.

Elapsed: 00:00:00.01
02:39:32 SQL> ALTER INDEX PSPADM.PSP_WC_PEND_STATE_PCHK_FK NOPARALLEL;

Index altered.

Elapsed: 00:00:00.00
02:39:32 SQL> ALTER INDEX PSPADM.PSP_WC_PCHK_STATE_PCHK_FK NOPARALLEL;

Index altered.

Elapsed: 00:00:00.00
02:39:32 SQL> ALTER INDEX PSPADM.STATS_11DEC NOPARALLEL;

Index altered.

Elapsed: 00:00:00.00
02:39:32 SQL> ALTER INDEX PSPADM.TPSQL_IDX NOPARALLEL;

Index altered.

Elapsed: 00:00:00.01
02:39:32 SQL> 
02:39:32 SQL> spool off
