10:40:39 SQL> select /*+ FULL(PSP_QBDT_PAYROLL_TRANSACTION) parallel(PSP_QBDT_PAYROLL_TRANSACTION ,4) */count(*) from pspadm.PSP_QBDT_PAYROLL_TRANSACTION PSP_QBDT_PAYROLL_TRANSACTION ;

  COUNT(*)                                                                      
----------                                                                      
   1428368                                                                      

1 row selected.

Elapsed: 00:00:08.99
10:40:48 SQL> select /*+ FULL(PSP_QBDT_PAYROLL_TRANS_LINE) parallel(PSP_QBDT_PAYROLL_TRANS_LINE ,4) */count(*) from pspadm.PSP_QBDT_PAYROLL_TRANS_LINE PSP_QBDT_PAYROLL_TRANS_LINE ;

  COUNT(*)                                                                      
----------                                                                      
   1558825                                                                      

1 row selected.

Elapsed: 00:00:07.23
10:40:55 SQL> select /*+ FULL(PSP_QBDT_REQUEST_INFO) parallel(PSP_QBDT_REQUEST_INFO ,4) */count(*) from pspadm.PSP_QBDT_REQUEST_INFO PSP_QBDT_REQUEST_INFO ;

  COUNT(*)                                                                      
----------                                                                      
         0                                                                      

1 row selected.

Elapsed: 00:00:00.00
10:40:55 SQL> select /*+ FULL(PSP_QBDT_TRANSACTION_INFO) parallel(PSP_QBDT_TRANSACTION_INFO ,4) */count(*) from pspadm.PSP_QBDT_TRANSACTION_INFO PSP_QBDT_TRANSACTION_INFO ;

  COUNT(*)                                                                      
----------                                                                      
 670612507                                                                      

1 row selected.

Elapsed: 02:07:10.93
12:48:06 SQL> select /*+ FULL(PSP_QBDT_UNPROCESSED_REQUEST) parallel(PSP_QBDT_UNPROCESSED_REQUEST ,4) */count(*) from pspadm.PSP_QBDT_UNPROCESSED_REQUEST PSP_QBDT_UNPROCESSED_REQUEST ;

  COUNT(*)                                                                      
----------                                                                      
    871907                                                                      

1 row selected.

Elapsed: 00:00:04.45
12:48:10 SQL> select /*+ FULL(PSP_QUICKBOOKS_INFO) parallel(PSP_QUICKBOOKS_INFO ,4) */count(*) from pspadm.PSP_QUICKBOOKS_INFO PSP_QUICKBOOKS_INFO ;

  COUNT(*)                                                                      
----------                                                                      
   7350153                                                                      

1 row selected.

Elapsed: 00:01:11.41
12:49:22 SQL> select /*+ FULL(PSP_RACOMPANY_SERVICE_INFO) parallel(PSP_RACOMPANY_SERVICE_INFO ,4) */count(*) from pspadm.PSP_RACOMPANY_SERVICE_INFO PSP_RACOMPANY_SERVICE_INFO ;

  COUNT(*)                                                                      
----------                                                                      
         0                                                                      

1 row selected.

Elapsed: 00:00:00.01
12:49:22 SQL> select /*+ FULL(PSP_RAFENROLLMENT) parallel(PSP_RAFENROLLMENT ,4) */count(*) from pspadm.PSP_RAFENROLLMENT PSP_RAFENROLLMENT ;

  COUNT(*)                                                                      
----------                                                                      
    138578                                                                      

1 row selected.

Elapsed: 00:00:02.05
12:49:24 SQL> select /*+ FULL(PSP_RAFENROLLMENT_DETAIL) parallel(PSP_RAFENROLLMENT_DETAIL ,4) */count(*) from pspadm.PSP_RAFENROLLMENT_DETAIL PSP_RAFENROLLMENT_DETAIL ;

  COUNT(*)                                                                      
----------                                                                      
     86879                                                                      

1 row selected.

Elapsed: 00:00:01.49
12:49:25 SQL> select /*+ FULL(PSP_RAFENROLLMENT_FILE) parallel(PSP_RAFENROLLMENT_FILE ,4) */count(*) from pspadm.PSP_RAFENROLLMENT_FILE PSP_RAFENROLLMENT_FILE ;

  COUNT(*)                                                                      
----------                                                                      
       249                                                                      

1 row selected.

Elapsed: 00:00:00.36
12:49:26 SQL> select /*+ FULL(PSP_RATE_LEDGER_OPERATION) parallel(PSP_RATE_LEDGER_OPERATION ,4) */count(*) from pspadm.PSP_RATE_LEDGER_OPERATION PSP_RATE_LEDGER_OPERATION ;

  COUNT(*)                                                                      
----------                                                                      
    189992                                                                      

1 row selected.

Elapsed: 00:00:00.61
12:49:26 SQL> select /*+ FULL(PSP_REPORTING_AGENT) parallel(PSP_REPORTING_AGENT ,4) */count(*) from pspadm.PSP_REPORTING_AGENT PSP_REPORTING_AGENT ;

  COUNT(*)                                                                      
----------                                                                      
         1                                                                      

1 row selected.

Elapsed: 00:00:00.08
12:49:26 SQL> select /*+ FULL(PSP_REPORT_JOB_SETUP) parallel(PSP_REPORT_JOB_SETUP ,4) */count(*) from pspadm.PSP_REPORT_JOB_SETUP PSP_REPORT_JOB_SETUP ;

  COUNT(*)                                                                      
----------                                                                      
        57                                                                      

1 row selected.

Elapsed: 00:00:00.23
12:49:27 SQL> select /*+ FULL(PSP_RETURN_REASON_DESC) parallel(PSP_RETURN_REASON_DESC ,4) */count(*) from pspadm.PSP_RETURN_REASON_DESC PSP_RETURN_REASON_DESC ;

  COUNT(*)                                                                      
----------                                                                      
        98                                                                      

1 row selected.

Elapsed: 00:00:00.18
12:49:27 SQL> select /*+ FULL(PSP_ROLE_SUB_STATUS) parallel(PSP_ROLE_SUB_STATUS ,4) */count(*) from pspadm.PSP_ROLE_SUB_STATUS PSP_ROLE_SUB_STATUS ;

  COUNT(*)                                                                      
----------                                                                      
       329                                                                      

1 row selected.

Elapsed: 00:00:00.01
12:49:27 SQL> select /*+ FULL(PSP_RPT_PAID_EMPLOYEES) parallel(PSP_RPT_PAID_EMPLOYEES ,4) */count(*) from pspadm.PSP_RPT_PAID_EMPLOYEES PSP_RPT_PAID_EMPLOYEES ;

  COUNT(*)                                                                      
----------                                                                      
   5970858                                                                      

1 row selected.

Elapsed: 00:00:19.65
12:49:47 SQL> select /*+ FULL(PSP_RTBAUTOMATIONBACKUP) parallel(PSP_RTBAUTOMATIONBACKUP ,4) */count(*) from pspadm.PSP_RTBAUTOMATIONBACKUP PSP_RTBAUTOMATIONBACKUP ;

  COUNT(*)                                                                      
----------                                                                      
      2243                                                                      

1 row selected.

Elapsed: 00:00:00.45
12:49:47 SQL> select /*+ FULL(PSP_SAP_METHOD_CALL) parallel(PSP_SAP_METHOD_CALL ,4) */count(*) from pspadm.PSP_SAP_METHOD_CALL PSP_SAP_METHOD_CALL ;

  COUNT(*)                                                                      
----------                                                                      
         0                                                                      

1 row selected.

Elapsed: 00:00:00.00
12:49:47 SQL> select /*+ FULL(PSP_SAP_METHOD_CALL_BKP) parallel(PSP_SAP_METHOD_CALL_BKP ,4) */count(*) from pspadm.PSP_SAP_METHOD_CALL_BKP PSP_SAP_METHOD_CALL_BKP ;

  COUNT(*)                                                                      
----------                                                                      
  46111604                                                                      

1 row selected.

Elapsed: 00:02:59.57
12:52:47 SQL> select /*+ FULL(PSP_SAVED_REPORTS) parallel(PSP_SAVED_REPORTS ,4) */count(*) from pspadm.PSP_SAVED_REPORTS PSP_SAVED_REPORTS ;

  COUNT(*)                                                                      
----------                                                                      
         0                                                                      

1 row selected.

Elapsed: 00:00:00.01
12:52:47 SQL> select /*+ FULL(PSP_SECOND_OFFLOAD) parallel(PSP_SECOND_OFFLOAD ,4) */count(*) from pspadm.PSP_SECOND_OFFLOAD PSP_SECOND_OFFLOAD ;

  COUNT(*)                                                                      
----------                                                                      
        16                                                                      

1 row selected.

Elapsed: 00:00:00.14
12:52:47 SQL> select /*+ FULL(PSP_SERVICE) parallel(PSP_SERVICE ,4) */count(*) from pspadm.PSP_SERVICE PSP_SERVICE ;

  COUNT(*)                                                                      
----------                                                                      
        12                                                                      

1 row selected.

Elapsed: 00:00:00.34
12:52:47 SQL> select /*+ FULL(PSP_SERVICE_STATUS) parallel(PSP_SERVICE_STATUS ,4) */count(*) from pspadm.PSP_SERVICE_STATUS PSP_SERVICE_STATUS ;

  COUNT(*)                                                                      
----------                                                                      
         5                                                                      

1 row selected.

Elapsed: 00:00:00.14
12:52:47 SQL> select /*+ FULL(PSP_SERVICE_SUB_STATUS) parallel(PSP_SERVICE_SUB_STATUS ,4) */count(*) from pspadm.PSP_SERVICE_SUB_STATUS PSP_SERVICE_SUB_STATUS ;

  COUNT(*)                                                                      
----------                                                                      
        29                                                                      

1 row selected.

Elapsed: 00:00:00.25
12:52:47 SQL> select /*+ FULL(PSP_SERV_STAT_TXN_SKU_TYPE) parallel(PSP_SERV_STAT_TXN_SKU_TYPE ,4) */count(*) from pspadm.PSP_SERV_STAT_TXN_SKU_TYPE PSP_SERV_STAT_TXN_SKU_TYPE ;

  COUNT(*)                                                                      
----------                                                                      
       575                                                                      

1 row selected.

Elapsed: 00:00:00.15
12:52:48 SQL> select /*+ FULL(PSP_SMSMIGRATION) parallel(PSP_SMSMIGRATION ,4) */count(*) from pspadm.PSP_SMSMIGRATION PSP_SMSMIGRATION ;

  COUNT(*)                                                                      
----------                                                                      
    363146                                                                      

1 row selected.

Elapsed: 00:00:05.47
12:52:53 SQL> select /*+ FULL(PSP_SMSSYNC_FAILURE) parallel(PSP_SMSSYNC_FAILURE ,4) */count(*) from pspadm.PSP_SMSSYNC_FAILURE PSP_SMSSYNC_FAILURE ;

  COUNT(*)                                                                      
----------                                                                      
        85                                                                      

1 row selected.

Elapsed: 00:00:00.06
12:52:53 SQL> select /*+ FULL(PSP_SOURCESYS_PRINTEDCHK_INFO) parallel(PSP_SOURCESYS_PRINTEDCHK_INFO ,4) */count(*) from pspadm.PSP_SOURCESYS_PRINTEDCHK_INFO PSP_SOURCESYS_PRINTEDCHK_INFO ;

  COUNT(*)                                                                      
----------                                                                      
         1                                                                      

1 row selected.

Elapsed: 00:00:00.01
12:52:53 SQL> select /*+ FULL(PSP_SOURCE_PAYROLL_PARAMETER) parallel(PSP_SOURCE_PAYROLL_PARAMETER ,4) */count(*) from pspadm.PSP_SOURCE_PAYROLL_PARAMETER PSP_SOURCE_PAYROLL_PARAMETER ;

  COUNT(*)                                                                      
----------                                                                      
        53                                                                      

1 row selected.

Elapsed: 00:00:00.24
12:52:53 SQL> select /*+ FULL(PSP_SOURCE_SYSTEM) parallel(PSP_SOURCE_SYSTEM ,4) */count(*) from pspadm.PSP_SOURCE_SYSTEM PSP_SOURCE_SYSTEM ;

  COUNT(*)                                                                      
----------                                                                      
         9                                                                      

1 row selected.

Elapsed: 00:00:00.07
12:52:53 SQL> select /*+ FULL(PSP_SOURCE_SYSTEM_LAW_ASSOC) parallel(PSP_SOURCE_SYSTEM_LAW_ASSOC ,4) */count(*) from pspadm.PSP_SOURCE_SYSTEM_LAW_ASSOC PSP_SOURCE_SYSTEM_LAW_ASSOC ;

  COUNT(*)                                                                      
----------                                                                      
       433                                                                      

1 row selected.

Elapsed: 00:00:00.33
12:52:54 SQL> select /*+ FULL(PSP_SQL_EXECUTION_LOG_ENTRY) parallel(PSP_SQL_EXECUTION_LOG_ENTRY ,4) */count(*) from pspadm.PSP_SQL_EXECUTION_LOG_ENTRY PSP_SQL_EXECUTION_LOG_ENTRY ;

  COUNT(*)                                                                      
----------                                                                      
     64144                                                                      

1 row selected.

Elapsed: 00:00:04.39
12:52:58 SQL> select /*+ FULL(PSP_STATE_EDI_TAX_FILE) parallel(PSP_STATE_EDI_TAX_FILE ,4) */count(*) from pspadm.PSP_STATE_EDI_TAX_FILE PSP_STATE_EDI_TAX_FILE ;

  COUNT(*)                                                                      
----------                                                                      
       121                                                                      

1 row selected.

Elapsed: 00:00:00.09
12:52:58 SQL> select /*+ FULL(PSP_STATE_REPORT_ASSOC) parallel(PSP_STATE_REPORT_ASSOC ,4) */count(*) from pspadm.PSP_STATE_REPORT_ASSOC PSP_STATE_REPORT_ASSOC ;

  COUNT(*)                                                                      
----------                                                                      
     42818                                                                      

1 row selected.

Elapsed: 00:00:01.68
12:53:00 SQL> select /*+ FULL(PSP_STATE_REPORT_OUTPUT) parallel(PSP_STATE_REPORT_OUTPUT ,4) */count(*) from pspadm.PSP_STATE_REPORT_OUTPUT PSP_STATE_REPORT_OUTPUT ;

  COUNT(*)                                                                      
----------                                                                      
     24580                                                                      

1 row selected.

Elapsed: 00:00:01.65
12:53:02 SQL> select /*+ FULL(PSP_SUICREDITS_JOB) parallel(PSP_SUICREDITS_JOB ,4) */count(*) from pspadm.PSP_SUICREDITS_JOB PSP_SUICREDITS_JOB ;

  COUNT(*)                                                                      
----------                                                                      
       208                                                                      

1 row selected.

Elapsed: 00:00:00.26
12:53:02 SQL> select /*+ FULL(PSP_SVCCHGPRICE) parallel(PSP_SVCCHGPRICE ,4) */count(*) from pspadm.PSP_SVCCHGPRICE PSP_SVCCHGPRICE ;

  COUNT(*)                                                                      
----------                                                                      
      1438                                                                      

1 row selected.

Elapsed: 00:00:00.25
12:53:02 SQL> select /*+ FULL(PSP_SVCSTAT_SRCSYS_ASSOC) parallel(PSP_SVCSTAT_SRCSYS_ASSOC ,4) */count(*) from pspadm.PSP_SVCSTAT_SRCSYS_ASSOC PSP_SVCSTAT_SRCSYS_ASSOC ;

  COUNT(*)                                                                      
----------                                                                      
        50                                                                      

1 row selected.

Elapsed: 00:00:00.14
12:53:02 SQL> select /*+ FULL(PSP_SVCSTAT_SVC_ASSOC) parallel(PSP_SVCSTAT_SVC_ASSOC ,4) */count(*) from pspadm.PSP_SVCSTAT_SVC_ASSOC PSP_SVCSTAT_SVC_ASSOC ;

  COUNT(*)                                                                      
----------                                                                      
        66                                                                      

1 row selected.

Elapsed: 00:00:00.06
12:53:02 SQL> select /*+ FULL(PSP_SVCSTAT_SYSCAP_ASSOC) parallel(PSP_SVCSTAT_SYSCAP_ASSOC ,4) */count(*) from pspadm.PSP_SVCSTAT_SYSCAP_ASSOC PSP_SVCSTAT_SYSCAP_ASSOC ;

  COUNT(*)                                                                      
----------                                                                      
       249                                                                      

1 row selected.

Elapsed: 00:00:00.16
12:53:02 SQL> select /*+ FULL(PSP_SYSTEM_CAPABILITY) parallel(PSP_SYSTEM_CAPABILITY ,4) */count(*) from pspadm.PSP_SYSTEM_CAPABILITY PSP_SYSTEM_CAPABILITY ;

  COUNT(*)                                                                      
----------                                                                      
        16                                                                      

1 row selected.

Elapsed: 00:00:00.01
12:53:02 SQL> select /*+ FULL(PSP_SYSTEM_PARAMETER) parallel(PSP_SYSTEM_PARAMETER ,4) */count(*) from pspadm.PSP_SYSTEM_PARAMETER PSP_SYSTEM_PARAMETER ;

  COUNT(*)                                                                      
----------                                                                      
       342                                                                      

1 row selected.

Elapsed: 00:00:00.29
12:53:03 SQL> select /*+ FULL(PSP_SYSTEM_PAYMENT_REQUIREMENT) parallel(PSP_SYSTEM_PAYMENT_REQUIREMENT ,4) */count(*) from pspadm.PSP_SYSTEM_PAYMENT_REQUIREMENT PSP_SYSTEM_PAYMENT_REQUIREMENT ;

  COUNT(*)                                                                      
----------                                                                      
         0                                                                      

1 row selected.

Elapsed: 00:00:00.16
12:53:03 SQL> select /*+ FULL(PSP_SYSTEM_REQUIREMENT) parallel(PSP_SYSTEM_REQUIREMENT ,4) */count(*) from pspadm.PSP_SYSTEM_REQUIREMENT PSP_SYSTEM_REQUIREMENT ;

  COUNT(*)                                                                      
----------                                                                      
         3                                                                      

1 row selected.

Elapsed: 00:00:00.23
12:53:03 SQL> select /*+ FULL(PSP_TAX) parallel(PSP_TAX ,4) */count(*) from pspadm.PSP_TAX PSP_TAX ;

  COUNT(*)                                                                      
----------                                                                      
6443442614                                                                      

1 row selected.

Elapsed: 07:48:17.23
20:41:20 SQL> select /*+ FULL(PSP_TAX_ACCOUNT_AUDIT) parallel(PSP_TAX_ACCOUNT_AUDIT ,4) */count(*) from pspadm.PSP_TAX_ACCOUNT_AUDIT PSP_TAX_ACCOUNT_AUDIT ;

  COUNT(*)                                                                      
----------                                                                      
     31455                                                                      

1 row selected.

Elapsed: 00:00:00.37
20:41:21 SQL> select /*+ FULL(PSP_TAX_COMPANY_SERVICE_INFO) parallel(PSP_TAX_COMPANY_SERVICE_INFO ,4) */count(*) from pspadm.PSP_TAX_COMPANY_SERVICE_INFO PSP_TAX_COMPANY_SERVICE_INFO ;

  COUNT(*)                                                                      
----------                                                                      
    144903                                                                      

1 row selected.

Elapsed: 00:00:00.55
20:41:21 SQL> select /*+ FULL(PSP_TAX_CREDITS9061) parallel(PSP_TAX_CREDITS9061 ,4) */count(*) from pspadm.PSP_TAX_CREDITS9061 PSP_TAX_CREDITS9061 ;

  COUNT(*)                                                                      
----------                                                                      
       152                                                                      

1 row selected.

Elapsed: 00:00:00.07
20:41:21 SQL> select /*+ FULL(PSP_TAX_CREDITS_APPLICATION) parallel(PSP_TAX_CREDITS_APPLICATION ,4) */count(*) from pspadm.PSP_TAX_CREDITS_APPLICATION PSP_TAX_CREDITS_APPLICATION ;

  COUNT(*)                                                                      
----------                                                                      
         0                                                                      

1 row selected.

Elapsed: 00:00:00.00
20:41:21 SQL> select /*+ FULL(PSP_TAX_PAYMENT_ON_HOLD_REASON) parallel(PSP_TAX_PAYMENT_ON_HOLD_REASON ,4) */count(*) from pspadm.PSP_TAX_PAYMENT_ON_HOLD_REASON PSP_TAX_PAYMENT_ON_HOLD_REASON ;

  COUNT(*)                                                                      
----------                                                                      
    393986                                                                      

1 row selected.

Elapsed: 00:00:02.23
20:41:24 SQL> select /*+ FULL(PSP_TAX_PENALTY_INTEREST) parallel(PSP_TAX_PENALTY_INTEREST ,4) */count(*) from pspadm.PSP_TAX_PENALTY_INTEREST PSP_TAX_PENALTY_INTEREST ;

  COUNT(*)                                                                      
----------                                                                      
         0                                                                      

1 row selected.

Elapsed: 00:00:00.01
20:41:24 SQL> select /*+ FULL(PSP_TAX_TABLE_MISC_DATA) parallel(PSP_TAX_TABLE_MISC_DATA ,4) */count(*) from pspadm.PSP_TAX_TABLE_MISC_DATA PSP_TAX_TABLE_MISC_DATA ;

  COUNT(*)                                                                      
----------                                                                      
 355823259                                                                      

1 row selected.

Elapsed: 00:16:39.27
20:58:03 SQL> select /*+ FULL(PSP_THIRD_PARTY401K_BATCH) parallel(PSP_THIRD_PARTY401K_BATCH ,4) */count(*) from pspadm.PSP_THIRD_PARTY401K_BATCH PSP_THIRD_PARTY401K_BATCH ;

  COUNT(*)                                                                      
----------                                                                      
      1302                                                                      

1 row selected.

Elapsed: 00:00:00.18
20:58:03 SQL> select /*+ FULL(PSP_THRESHOLD_REQUIREMENT) parallel(PSP_THRESHOLD_REQUIREMENT ,4) */count(*) from pspadm.PSP_THRESHOLD_REQUIREMENT PSP_THRESHOLD_REQUIREMENT ;

  COUNT(*)                                                                      
----------                                                                      
         0                                                                      

1 row selected.

Elapsed: 00:00:00.10
20:58:03 SQL> select /*+ FULL(PSP_TP401KCOMPANY_SERVICE_INFO) parallel(PSP_TP401KCOMPANY_SERVICE_INFO ,4) */count(*) from pspadm.PSP_TP401KCOMPANY_SERVICE_INFO PSP_TP401KCOMPANY_SERVICE_INFO ;

  COUNT(*)                                                                      
----------                                                                      
       733                                                                      

1 row selected.

Elapsed: 00:00:00.04
20:58:03 SQL> select /*+ FULL(PSP_TP401K_BATCH_EMPLOYEE) parallel(PSP_TP401K_BATCH_EMPLOYEE ,4) */count(*) from pspadm.PSP_TP401K_BATCH_EMPLOYEE PSP_TP401K_BATCH_EMPLOYEE ;

  COUNT(*)                                                                      
----------                                                                      
     67346                                                                      

1 row selected.

Elapsed: 00:00:00.43
20:58:04 SQL> select /*+ FULL(PSP_TP401K_BATCH_PAYCHECK) parallel(PSP_TP401K_BATCH_PAYCHECK ,4) */count(*) from pspadm.PSP_TP401K_BATCH_PAYCHECK PSP_TP401K_BATCH_PAYCHECK ;

  COUNT(*)                                                                      
----------                                                                      
     67469                                                                      

1 row selected.

Elapsed: 00:00:00.53
20:58:04 SQL> select /*+ FULL(PSP_TP401K_PAYCHECK) parallel(PSP_TP401K_PAYCHECK ,4) */count(*) from pspadm.PSP_TP401K_PAYCHECK PSP_TP401K_PAYCHECK ;

  COUNT(*)                                                                      
----------                                                                      
    107461                                                                      

1 row selected.

Elapsed: 00:00:00.45
20:58:05 SQL> select /*+ FULL(PSP_TP401K_PAYCHECK_PENDING) parallel(PSP_TP401K_PAYCHECK_PENDING ,4) */count(*) from pspadm.PSP_TP401K_PAYCHECK_PENDING PSP_TP401K_PAYCHECK_PENDING ;

  COUNT(*)                                                                      
----------                                                                      
     72569                                                                      

1 row selected.

Elapsed: 00:00:00.32
20:58:05 SQL> select /*+ FULL(PSP_TP401K_PAYCHECK_STATE) parallel(PSP_TP401K_PAYCHECK_STATE ,4) */count(*) from pspadm.PSP_TP401K_PAYCHECK_STATE PSP_TP401K_PAYCHECK_STATE ;

  COUNT(*)                                                                      
----------                                                                      
    162234                                                                      

1 row selected.

Elapsed: 00:00:00.69
20:58:06 SQL> select /*+ FULL(PSP_TP401K_SIGNUP_BATCH) parallel(PSP_TP401K_SIGNUP_BATCH ,4) */count(*) from pspadm.PSP_TP401K_SIGNUP_BATCH PSP_TP401K_SIGNUP_BATCH ;

  COUNT(*)                                                                      
----------                                                                      
       512                                                                      

1 row selected.

Elapsed: 00:00:00.17
20:58:06 SQL> select /*+ FULL(PSP_TP401K_SIGNUP_QUEUE) parallel(PSP_TP401K_SIGNUP_QUEUE ,4) */count(*) from pspadm.PSP_TP401K_SIGNUP_QUEUE PSP_TP401K_SIGNUP_QUEUE ;

  COUNT(*)                                                                      
----------                                                                      
       881                                                                      

1 row selected.

Elapsed: 00:00:00.01
20:58:06 SQL> select /*+ FULL(PSP_TRANSACTION_OFFLOAD_BATCH) parallel(PSP_TRANSACTION_OFFLOAD_BATCH ,4) */count(*) from pspadm.PSP_TRANSACTION_OFFLOAD_BATCH PSP_TRANSACTION_OFFLOAD_BATCH ;

  COUNT(*)                                                                      
----------                                                                      
         0                                                                      

1 row selected.

Elapsed: 00:00:00.01
20:58:06 SQL> select /*+ FULL(PSP_TRANSACTION_RESPONSE) parallel(PSP_TRANSACTION_RESPONSE ,4) */count(*) from pspadm.PSP_TRANSACTION_RESPONSE PSP_TRANSACTION_RESPONSE ;

  COUNT(*)                                                                      
----------                                                                      
   7206398                                                                      

1 row selected.

Elapsed: 00:00:19.04
20:58:25 SQL> select /*+ FULL(PSP_TRANSACTION_RETURN) parallel(PSP_TRANSACTION_RETURN ,4) */count(*) from pspadm.PSP_TRANSACTION_RETURN PSP_TRANSACTION_RETURN ;

  COUNT(*)                                                                      
----------                                                                      
   2159105                                                                      

1 row selected.

Elapsed: 00:00:21.26
20:58:46 SQL> select /*+ FULL(PSP_TRANSACTION_RETURN_BATCH) parallel(PSP_TRANSACTION_RETURN_BATCH ,4) */count(*) from pspadm.PSP_TRANSACTION_RETURN_BATCH PSP_TRANSACTION_RETURN_BATCH ;

  COUNT(*)                                                                      
----------                                                                      
      4122                                                                      

1 row selected.

Elapsed: 00:00:00.22
20:58:46 SQL> select /*+ FULL(PSP_TRANSACTION_STATE) parallel(PSP_TRANSACTION_STATE ,4) */count(*) from pspadm.PSP_TRANSACTION_STATE PSP_TRANSACTION_STATE ;

  COUNT(*)                                                                      
----------                                                                      
         6                                                                      

1 row selected.

Elapsed: 00:00:00.21
20:58:47 SQL> select /*+ FULL(PSP_TRANSACTION_TYPE) parallel(PSP_TRANSACTION_TYPE ,4) */count(*) from pspadm.PSP_TRANSACTION_TYPE PSP_TRANSACTION_TYPE ;

  COUNT(*)                                                                      
----------                                                                      
       150                                                                      

1 row selected.

Elapsed: 00:00:00.10
20:58:47 SQL> select /*+ FULL(PSP_TRANSACTION_TYPE_MAR7) parallel(PSP_TRANSACTION_TYPE_MAR7 ,4) */count(*) from pspadm.PSP_TRANSACTION_TYPE_MAR7 PSP_TRANSACTION_TYPE_MAR7 ;

  COUNT(*)                                                                      
----------                                                                      
       115                                                                      

1 row selected.

Elapsed: 00:00:00.13
20:58:47 SQL> select /*+ FULL(PSP_TRANSMISSION_PAYROLL_RUN) parallel(PSP_TRANSMISSION_PAYROLL_RUN ,4) */count(*) from pspadm.PSP_TRANSMISSION_PAYROLL_RUN PSP_TRANSMISSION_PAYROLL_RUN ;

  COUNT(*)                                                                      
----------                                                                      
 249387120                                                                      

1 row selected.

Elapsed: 00:12:59.42
21:11:46 SQL> select /*+ FULL(PSP_TXNTYPE_SERVICE_ASSOC) parallel(PSP_TXNTYPE_SERVICE_ASSOC ,4) */count(*) from pspadm.PSP_TXNTYPE_SERVICE_ASSOC PSP_TXNTYPE_SERVICE_ASSOC ;

  COUNT(*)                                                                      
----------                                                                      
       129                                                                      

1 row selected.

Elapsed: 00:00:00.22
21:11:46 SQL> select /*+ FULL(PSP_USAGE_PERIOD) parallel(PSP_USAGE_PERIOD ,4) */count(*) from pspadm.PSP_USAGE_PERIOD PSP_USAGE_PERIOD ;

  COUNT(*)                                                                      
----------                                                                      
  30355418                                                                      

1 row selected.

Elapsed: 00:01:42.23
21:13:29 SQL> select /*+ FULL(PSP_USER_PREFERENCE) parallel(PSP_USER_PREFERENCE ,4) */count(*) from pspadm.PSP_USER_PREFERENCE PSP_USER_PREFERENCE ;

  COUNT(*)                                                                      
----------                                                                      
        21                                                                      

1 row selected.

Elapsed: 00:00:00.13
21:13:29 SQL> select /*+ FULL(PSP_USER_SETTING) parallel(PSP_USER_SETTING ,4) */count(*) from pspadm.PSP_USER_SETTING PSP_USER_SETTING ;

  COUNT(*)                                                                      
----------                                                                      
       356                                                                      

1 row selected.

Elapsed: 00:00:00.08
21:13:29 SQL> select /*+ FULL(PSP_VMP_EMPLOYEE_INFO) parallel(PSP_VMP_EMPLOYEE_INFO ,4) */count(*) from pspadm.PSP_VMP_EMPLOYEE_INFO PSP_VMP_EMPLOYEE_INFO ;

  COUNT(*)                                                                      
----------                                                                      
    902983                                                                      

1 row selected.

Elapsed: 00:00:12.98
21:13:42 SQL> select /*+ FULL(PSP_VOIDED_CHECK) parallel(PSP_VOIDED_CHECK ,4) */count(*) from pspadm.PSP_VOIDED_CHECK PSP_VOIDED_CHECK ;

  COUNT(*)                                                                      
----------                                                                      
     13137                                                                      

1 row selected.

Elapsed: 00:00:00.63
21:13:42 SQL> select /*+ FULL(PSP_WAGE_LIMIT) parallel(PSP_WAGE_LIMIT ,4) */count(*) from pspadm.PSP_WAGE_LIMIT PSP_WAGE_LIMIT ;

  COUNT(*)                                                                      
----------                                                                      
      1952                                                                      

1 row selected.

Elapsed: 00:00:00.29
21:13:43 SQL> select /*+ FULL(PSP_WC_PAYCHECK) parallel(PSP_WC_PAYCHECK ,4) */count(*) from pspadm.PSP_WC_PAYCHECK PSP_WC_PAYCHECK ;

  COUNT(*)                                                                      
----------                                                                      
  17961223                                                                      

1 row selected.

Elapsed: 00:02:35.91
21:16:19 SQL> select /*+ FULL(PSP_WC_PAYCHECK_PENDING) parallel(PSP_WC_PAYCHECK_PENDING ,4) */count(*) from pspadm.PSP_WC_PAYCHECK_PENDING PSP_WC_PAYCHECK_PENDING ;

  COUNT(*)                                                                      
----------                                                                      
     18444                                                                      

1 row selected.

Elapsed: 00:00:00.49
21:16:19 SQL> select /*+ FULL(PSP_WC_PAYCHECK_STATE) parallel(PSP_WC_PAYCHECK_STATE ,4) */count(*) from pspadm.PSP_WC_PAYCHECK_STATE PSP_WC_PAYCHECK_STATE ;

  COUNT(*)                                                                      
----------                                                                      
  50425808                                                                      

1 row selected.

Elapsed: 00:03:11.63
21:19:31 SQL> spool off
