
NETWORK    ORACLE                                                                                                                                                                                                                                                                                           
USER ID    USER ID     MACHINE                NUM_CONNECTIONS                                                                                                                                                                                                                                               
---------- ----------- ---------------------- ---------------                                                                                                                                                                                                                                               
mchoubey   INTUADMIN   intuitdep626ed                       1                                                                                                                                                                                                                                               
oracle     GGS         ggpspuwp02.sbg-psp-pro              14                                                                                                                                                                                                                                               
oracle     INTUADMIN   ggpspuwp02.sbg-psp-pro               3                                                                                                                                                                                                                                               
rdsdb      INTUADMIN   ip-172-23-0-44                      15                                                                                                                                                                                                                                               
rdsdb      SYS         ip-172-19-2-167                     10                                                                                                                                                                                                                                               
rdsdb                  ip-172-19-2-167                      4                                                                                                                                                                                                                                               
rdshm      RDSADMIN    ip-172-19-2-167                      1                                                                                                                                                                                                                                               
skumar71   INTUADMIN   macos-Q32R16JMFX                     1                                                                                                                                                                                                                                               
                                              ---------------                                                                                                                                                                                                                                               
TOTAL                                                      49                                                                                                                                                                                                                                               

8 rows selected.

SQL> 
SQL> 
SQL> 
SQL> 
SQL> 
SQL> 
SQL> 
SQL> 
SQL> /

NETWORK    ORACLE                                                                                                                                                                                                                                                                                           
USER ID    USER ID     MACHINE                NUM_CONNECTIONS                                                                                                                                                                                                                                               
---------- ----------- ---------------------- ---------------                                                                                                                                                                                                                                               
appuser    IBOB_PROD_P psp-adapter-deployment              25                                                                                                                                                                                                                                               
appuser    IBOB_PROD_P psp-adapter-deployment              13                                                                                                                                                                                                                                               
appuser    IBOB_PROD_P psp-adapter-deployment              15                                                                                                                                                                                                                                               
appuser    IBOB_PROD_P psp-adapter-deployment              10                                                                                                                                                                                                                                               
appuser    IBOB_PROD_P psp-adapter-deployment               5                                                                                                                                                                                                                                               
appuser    IBOB_PROD_P psp-adapter-deployment              15                                                                                                                                                                                                                                               
appuser    IBOB_PROD_P psp-adapter-deployment              15                                                                                                                                                                                                                                               
appuser    IBOB_PROD_P psp-adapter-deployment              15                                                                                                                                                                                                                                               
appuser    IBOB_PROD_P psp-adapter-deployment               5                                                                                                                                                                                                                                               
appuser    IBOB_PROD_P psp-adapter-deployment              15                                                                                                                                                                                                                                               
appuser    IBOB_PROD_P psp-appd-deployment-6d               5                                                                                                                                                                                                                                               
appuser    IBOB_PROD_P psp-appd-deployment-6d               5                                                                                                                                                                                                                                               
appuser    IBOB_PROD_P psp-appd-deployment-6d               5                                                                                                                                                                                                                                               
appuser    IBOB_PROD_P psp-jss-high-deploymen               5                                                                                                                                                                                                                                               
appuser    IBOB_PROD_P psp-jss-high-deploymen               5                                                                                                                                                                                                                                               
appuser    IBOB_PROD_P psp-jss-high-deploymen               5                                                                                                                                                                                                                                               
appuser    IBOB_PROD_P psp-jss-monitor-deploy               5                                                                                                                                                                                                                                               
appuser    IBOB_PROD_P psp-jss-monitor-deploy               5                                                                                                                                                                                                                                               
appuser    IBOB_PROD_P psp-jss-monitor-deploy               5                                                                                                                                                                                                                                               
appuser    IBOB_PROD_P psp-jss-normal-deploym               5                                                                                                                                                                                                                                               
appuser    IBOB_PROD_P psp-jss-normal-deploym               5                                                                                                                                                                                                                                               
appuser    IBOB_PROD_P psp-jss-normal-deploym               5                                                                                                                                                                                                                                               
appuser    IBOB_PROD_P psp-qbdt-deployment-66              15                                                                                                                                                                                                                                               
appuser    IBOB_PROD_P psp-qbdt-deployment-66              15                                                                                                                                                                                                                                               
appuser    IBOB_PROD_P psp-qbdt-deployment-66              15                                                                                                                                                                                                                                               
appuser    IBOB_PROD_P psp-qbdt-deployment-66              15                                                                                                                                                                                                                                               
appuser    IBOB_PROD_P psp-qbdt-deployment-66              15                                                                                                                                                                                                                                               
appuser    IBOB_PROD_P psp-qbdt-deployment-66              15                                                                                                                                                                                                                                               
appuser    IBOB_PROD_P psp-qbdt-deployment-66              15                                                                                                                                                                                                                                               
appuser    IBOB_PROD_P psp-qbdt-deployment-66              15                                                                                                                                                                                                                                               
appuser    IBOB_PROD_P psp-qbdt-deployment-66              15                                                                                                                                                                                                                                               
appuser    IBOB_PROD_P psp-qbdt-deployment-66              15                                                                                                                                                                                                                                               
appuser    IBOB_PROD_P psp-sap-deployment-6c4               5                                                                                                                                                                                                                                               
appuser    IBOB_PROD_P psp-sap-deployment-6c4               5                                                                                                                                                                                                                                               
appuser    IBOB_PROD_P psp-sap-deployment-6c4               5                                                                                                                                                                                                                                               
appuser    IBOB_PROD_P psp-sap-deployment-6c4               5                                                                                                                                                                                                                                               
appuser    IBOB_PROD_P psp-sap-deployment-6c4               5                                                                                                                                                                                                                                               
appuser    IBOB_PROD_P psp-sap-deployment-6c4               5                                                                                                                                                                                                                                               
appuser    IBOB_PROD_P psp-sap-deployment-6c4               5                                                                                                                                                                                                                                               
appuser    IBOB_PROD_P psp-sap-deployment-6c4               5                                                                                                                                                                                                                                               
mchoubey   INTUADMIN   intuitdep626ed                       1                                                                                                                                                                                                                                               
oracle     GGS         ggpspuwp02.sbg-psp-pro              14                                                                                                                                                                                                                                               
oracle     INTUADMIN   ggpspuwp02.sbg-psp-pro               2                                                                                                                                                                                                                                               
rdsdb      INTUADMIN   ip-172-23-0-44                      15                                                                                                                                                                                                                                               
rdsdb      SYS         ip-172-19-2-167                     10                                                                                                                                                                                                                                               
rdsdb                  ip-172-19-2-167                      4                                                                                                                                                                                                                                               
rdshm      RDSADMIN    ip-172-19-2-167                      1                                                                                                                                                                                                                                               
skumar71   INTUADMIN   macos-Q32R16JMFX                     1                                                                                                                                                                                                                                               
                                              ---------------                                                                                                                                                                                                                                               
TOTAL                                                     431                                                                                                                                                                                                                                               

48 rows selected.

SQL> 
SQL> 
SQL> /

NETWORK    ORACLE                                                                                                                                                                                                                                                                                           
USER ID    USER ID     MACHINE                NUM_CONNECTIONS                                                                                                                                                                                                                                               
---------- ----------- ---------------------- ---------------                                                                                                                                                                                                                                               
appuser    IBOB_PROD_P psp-adapter-deployment              25                                                                                                                                                                                                                                               
appuser    IBOB_PROD_P psp-adapter-deployment              20                                                                                                                                                                                                                                               
appuser    IBOB_PROD_P psp-adapter-deployment              25                                                                                                                                                                                                                                               
appuser    IBOB_PROD_P psp-adapter-deployment              20                                                                                                                                                                                                                                               
appuser    IBOB_PROD_P psp-adapter-deployment              15                                                                                                                                                                                                                                               
appuser    IBOB_PROD_P psp-adapter-deployment              25                                                                                                                                                                                                                                               
appuser    IBOB_PROD_P psp-adapter-deployment              25                                                                                                                                                                                                                                               
appuser    IBOB_PROD_P psp-adapter-deployment              25                                                                                                                                                                                                                                               
appuser    IBOB_PROD_P psp-adapter-deployment              15                                                                                                                                                                                                                                               
appuser    IBOB_PROD_P psp-adapter-deployment              25                                                                                                                                                                                                                                               
appuser    IBOB_PROD_P psp-appd-deployment-6d               5                                                                                                                                                                                                                                               
appuser    IBOB_PROD_P psp-appd-deployment-6d               5                                                                                                                                                                                                                                               
appuser    IBOB_PROD_P psp-appd-deployment-6d               5                                                                                                                                                                                                                                               
appuser    IBOB_PROD_P psp-jss-high-deploymen               5                                                                                                                                                                                                                                               
appuser    IBOB_PROD_P psp-jss-high-deploymen               5                                                                                                                                                                                                                                               
appuser    IBOB_PROD_P psp-jss-high-deploymen               5                                                                                                                                                                                                                                               
appuser    IBOB_PROD_P psp-jss-monitor-deploy               5                                                                                                                                                                                                                                               
appuser    IBOB_PROD_P psp-jss-monitor-deploy               5                                                                                                                                                                                                                                               
appuser    IBOB_PROD_P psp-jss-monitor-deploy               5                                                                                                                                                                                                                                               
appuser    IBOB_PROD_P psp-jss-normal-deploym               5                                                                                                                                                                                                                                               
appuser    IBOB_PROD_P psp-jss-normal-deploym               5                                                                                                                                                                                                                                               
appuser    IBOB_PROD_P psp-jss-normal-deploym               5                                                                                                                                                                                                                                               
appuser    IBOB_PROD_P psp-qbdt-deployment-66              15                                                                                                                                                                                                                                               
appuser    IBOB_PROD_P psp-qbdt-deployment-66              15                                                                                                                                                                                                                                               
appuser    IBOB_PROD_P psp-qbdt-deployment-66              15                                                                                                                                                                                                                                               
appuser    IBOB_PROD_P psp-qbdt-deployment-66              15                                                                                                                                                                                                                                               
appuser    IBOB_PROD_P psp-qbdt-deployment-66              15                                                                                                                                                                                                                                               
appuser    IBOB_PROD_P psp-qbdt-deployment-66              15                                                                                                                                                                                                                                               
appuser    IBOB_PROD_P psp-qbdt-deployment-66              15                                                                                                                                                                                                                                               
appuser    IBOB_PROD_P psp-qbdt-deployment-66              15                                                                                                                                                                                                                                               
appuser    IBOB_PROD_P psp-qbdt-deployment-66              15                                                                                                                                                                                                                                               
appuser    IBOB_PROD_P psp-qbdt-deployment-66              15                                                                                                                                                                                                                                               
appuser    IBOB_PROD_P psp-sap-deployment-6c4               5                                                                                                                                                                                                                                               
appuser    IBOB_PROD_P psp-sap-deployment-6c4               5                                                                                                                                                                                                                                               
appuser    IBOB_PROD_P psp-sap-deployment-6c4               5                                                                                                                                                                                                                                               
appuser    IBOB_PROD_P psp-sap-deployment-6c4               5                                                                                                                                                                                                                                               
appuser    IBOB_PROD_P psp-sap-deployment-6c4               5                                                                                                                                                                                                                                               
appuser    IBOB_PROD_P psp-sap-deployment-6c4               5                                                                                                                                                                                                                                               
appuser    IBOB_PROD_P psp-sap-deployment-6c4               5                                                                                                                                                                                                                                               
appuser    IBOB_PROD_P psp-sap-deployment-6c4               5                                                                                                                                                                                                                                               
mchoubey   INTUADMIN   intuitdep626ed                       1                                                                                                                                                                                                                                               
oracle     GGS         ggpspuwp02.sbg-psp-pro              14                                                                                                                                                                                                                                               
oracle     INTUADMIN   ggpspuwp02.sbg-psp-pro               2                                                                                                                                                                                                                                               
rdsdb      INTUADMIN   ip-172-23-0-44                      15                                                                                                                                                                                                                                               
rdsdb      SYS         ip-172-19-2-167                     10                                                                                                                                                                                                                                               
rdsdb                  ip-172-19-2-167                      4                                                                                                                                                                                                                                               
rdshm      RDSADMIN    ip-172-19-2-167                      1                                                                                                                                                                                                                                               
skumar71   INTUADMIN   macos-Q32R16JMFX                     1                                                                                                                                                                                                                                               
                                              ---------------                                                                                                                                                                                                                                               
TOTAL                                                     518                                                                                                                                                                                                                                               

48 rows selected.

SQL> /

NETWORK    ORACLE                                                                                                                                                                                                                                                                                           
USER ID    USER ID     MACHINE                NUM_CONNECTIONS                                                                                                                                                                                                                                               
---------- ----------- ---------------------- ---------------                                                                                                                                                                                                                                               
appuser    IBOB_PROD_P psp-adapter-deployment              25                                                                                                                                                                                                                                               
appuser    IBOB_PROD_P psp-adapter-deployment              25                                                                                                                                                                                                                                               
appuser    IBOB_PROD_P psp-adapter-deployment              25                                                                                                                                                                                                                                               
appuser    IBOB_PROD_P psp-adapter-deployment              25                                                                                                                                                                                                                                               
appuser    IBOB_PROD_P psp-adapter-deployment              25                                                                                                                                                                                                                                               
appuser    IBOB_PROD_P psp-adapter-deployment              25                                                                                                                                                                                                                                               
appuser    IBOB_PROD_P psp-adapter-deployment              25                                                                                                                                                                                                                                               
appuser    IBOB_PROD_P psp-adapter-deployment              25                                                                                                                                                                                                                                               
appuser    IBOB_PROD_P psp-adapter-deployment              25                                                                                                                                                                                                                                               
appuser    IBOB_PROD_P psp-adapter-deployment              25                                                                                                                                                                                                                                               
appuser    IBOB_PROD_P psp-appd-deployment-6d               5                                                                                                                                                                                                                                               
appuser    IBOB_PROD_P psp-appd-deployment-6d               5                                                                                                                                                                                                                                               
appuser    IBOB_PROD_P psp-appd-deployment-6d               5                                                                                                                                                                                                                                               
appuser    IBOB_PROD_P psp-jss-high-deploymen               5                                                                                                                                                                                                                                               
appuser    IBOB_PROD_P psp-jss-high-deploymen               5                                                                                                                                                                                                                                               
appuser    IBOB_PROD_P psp-jss-high-deploymen               5                                                                                                                                                                                                                                               
appuser    IBOB_PROD_P psp-jss-monitor-deploy               5                                                                                                                                                                                                                                               
appuser    IBOB_PROD_P psp-jss-monitor-deploy               5                                                                                                                                                                                                                                               
appuser    IBOB_PROD_P psp-jss-monitor-deploy               5                                                                                                                                                                                                                                               
appuser    IBOB_PROD_P psp-jss-normal-deploym               5                                                                                                                                                                                                                                               
appuser    IBOB_PROD_P psp-jss-normal-deploym               5                                                                                                                                                                                                                                               
appuser    IBOB_PROD_P psp-jss-normal-deploym               5                                                                                                                                                                                                                                               
appuser    IBOB_PROD_P psp-qbdt-deployment-66              15                                                                                                                                                                                                                                               
appuser    IBOB_PROD_P psp-qbdt-deployment-66              15                                                                                                                                                                                                                                               
appuser    IBOB_PROD_P psp-qbdt-deployment-66              15                                                                                                                                                                                                                                               
appuser    IBOB_PROD_P psp-qbdt-deployment-66              15                                                                                                                                                                                                                                               
appuser    IBOB_PROD_P psp-qbdt-deployment-66              15                                                                                                                                                                                                                                               
appuser    IBOB_PROD_P psp-qbdt-deployment-66              15                                                                                                                                                                                                                                               
appuser    IBOB_PROD_P psp-qbdt-deployment-66              15                                                                                                                                                                                                                                               
appuser    IBOB_PROD_P psp-qbdt-deployment-66              15                                                                                                                                                                                                                                               
appuser    IBOB_PROD_P psp-qbdt-deployment-66              15                                                                                                                                                                                                                                               
appuser    IBOB_PROD_P psp-qbdt-deployment-66              15                                                                                                                                                                                                                                               
appuser    IBOB_PROD_P psp-sap-deployment-6c4               5                                                                                                                                                                                                                                               
appuser    IBOB_PROD_P psp-sap-deployment-6c4               5                                                                                                                                                                                                                                               
appuser    IBOB_PROD_P psp-sap-deployment-6c4               5                                                                                                                                                                                                                                               
appuser    IBOB_PROD_P psp-sap-deployment-6c4               5                                                                                                                                                                                                                                               
appuser    IBOB_PROD_P psp-sap-deployment-6c4               5                                                                                                                                                                                                                                               
appuser    IBOB_PROD_P psp-sap-deployment-6c4               5                                                                                                                                                                                                                                               
appuser    IBOB_PROD_P psp-sap-deployment-6c4               5                                                                                                                                                                                                                                               
appuser    IBOB_PROD_P psp-sap-deployment-6c4               5                                                                                                                                                                                                                                               
mchoubey   INTUADMIN   intuitdep626ed                       1                                                                                                                                                                                                                                               
oracle     GGS         ggpspuwp02.sbg-psp-pro              14                                                                                                                                                                                                                                               
oracle     INTUADMIN   ggpspuwp02.sbg-psp-pro               2                                                                                                                                                                                                                                               
rdsdb      INTUADMIN   ip-172-23-0-44                      15                                                                                                                                                                                                                                               
rdsdb      SYS         ip-172-19-2-167                     10                                                                                                                                                                                                                                               
rdsdb                  ip-172-19-2-167                      4                                                                                                                                                                                                                                               
rdshm      RDSADMIN    ip-172-19-2-167                      1                                                                                                                                                                                                                                               
skumar71   INTUADMIN   macos-Q32R16JMFX                     1                                                                                                                                                                                                                                               
                                              ---------------                                                                                                                                                                                                                                               
TOTAL                                                     548                                                                                                                                                                                                                                               

48 rows selected.

SQL> select count(*) from IBOBADM.PSP_QBDT_REQUEST_INFO  WHERE created_date  between  TRUNC(SYSDATE, 'MM') and LAST_DAY(sysdate)+1;

  COUNT(*)                                                                                                                                                                                                                                                                                                  
----------                                                                                                                                                                                                                                                                                                  
   1202335                                                                                                                                                                                                                                                                                                  

1 row selected.

SQL> select count(*) from IBOBADM.PSP_SAP_METHOD_CALL  WHERE created_date  between  TRUNC(SYSDATE, 'MM') and LAST_DAY(sysdate)+1;

  COUNT(*)                                                                                                                                                                                                                                                                                                  
----------                                                                                                                                                                                                                                                                                                  
   4907230                                                                                                                                                                                                                                                                                                  

1 row selected.

SQL> select count(*) from IBOBADM.PSP_SOURCE_SYSTEM_TRANSMISSION  WHERE created_date  between  TRUNC(SYSDATE, 'MM') and LAST_DAY(sysdate)+1;

  COUNT(*)                                                                                                                                                                                                                                                                                                  
----------                                                                                                                                                                                                                                                                                                  
   4664861                                                                                                                                                                                                                                                                                                  

1 row selected.

SQL> 
SQL> /

  COUNT(*)                                                                                                                                                                                                                                                                                                  
----------                                                                                                                                                                                                                                                                                                  
   4664861                                                                                                                                                                                                                                                                                                  

1 row selected.

SQL> /

  COUNT(*)                                                                                                                                                                                                                                                                                                  
----------                                                                                                                                                                                                                                                                                                  
   4664861                                                                                                                                                                                                                                                                                                  

1 row selected.

SQL> /

  COUNT(*)                                                                                                                                                                                                                                                                                                  
----------                                                                                                                                                                                                                                                                                                  
   4664864                                                                                                                                                                                                                                                                                                  

1 row selected.

SQL> 
SQL> /

  COUNT(*)                                                                                                                                                                                                                                                                                                  
----------                                                                                                                                                                                                                                                                                                  
   4664864                                                                                                                                                                                                                                                                                                  

1 row selected.

SQL> 
SQL> /

  COUNT(*)                                                                                                                                                                                                                                                                                                  
----------                                                                                                                                                                                                                                                                                                  
   4664883                                                                                                                                                                                                                                                                                                  

1 row selected.

SQL> select count(*) from ibobadm.psp_qbdt_request_info  where created_date  between cast(date_trunc('MONTH', current_date) as date) and ((cast(date_trunc('MONTH', current_date) as date) + INTERVAL '1 MONTH day') ::date);
select count(*) from ibobadm.psp_qbdt_request_info  where created_date  between cast(date_trunc('MONTH', current_date) as date) and ((cast(date_trunc('MONTH', current_date) as date) + INTERVAL '1 MONTH day') ::date)
                                                                                                                                                                                                              *
ERROR at line 1:
ORA-30089: missing or invalid <datetime field> 


SQL> select count(*) from ibobadm.psp_sap_method_call  where created_date  between cast(date_trunc('MONTH', current_date) as date) and ((cast(date_trunc('MONTH', current_date) as date) + INTERVAL '1 MONTH day') ::date);
select count(*) from ibobadm.psp_sap_method_call  where created_date  between cast(date_trunc('MONTH', current_date) as date) and ((cast(date_trunc('MONTH', current_date) as date) + INTERVAL '1 MONTH day') ::date)
                                                                                                                                                                                                            *
ERROR at line 1:
ORA-30089: missing or invalid <datetime field> 


SQL> select count(*) from ibobadm.psp_source_system_transmission  where created_date  between cast(date_trunc('MONTH', current_date) as date) and ((cast(date_trunc('MONTH', current_date) as date) + INTERVAL '1 MONTH day') ::date);
select count(*) from ibobadm.psp_source_system_transmission  where created_date  between cast(date_trunc('MONTH', current_date) as date) and ((cast(date_trunc('MONTH', current_date) as date) + INTERVAL '1 MONTH day') ::date)
                                                                                                                                                                                                                       *
ERROR at line 1:
ORA-30089: missing or invalid <datetime field> 


SQL> 
SQL> 
SQL> select count(*) from IBOBADM.PSP_QBDT_REQUEST_INFO  WHERE created_date  between  TRUNC(SYSDATE, 'MM') and LAST_DAY(sysdate)+1;

  COUNT(*)                                                                                                                                                                                                                                                                                                  
----------                                                                                                                                                                                                                                                                                                  
   1202341                                                                                                                                                                                                                                                                                                  

1 row selected.

SQL> select count(*) from IBOBADM.PSP_SAP_METHOD_CALL  WHERE created_date  between  TRUNC(SYSDATE, 'MM') and LAST_DAY(sysdate)+1;

  COUNT(*)                                                                                                                                                                                                                                                                                                  
----------                                                                                                                                                                                                                                                                                                  
   4907333                                                                                                                                                                                                                                                                                                  

1 row selected.

SQL> select count(*) from IBOBADM.PSP_SOURCE_SYSTEM_TRANSMISSION  WHERE created_date  between  TRUNC(SYSDATE, 'MM') and LAST_DAY(sysdate)+1;

  COUNT(*)                                                                                                                                                                                                                                                                                                  
----------                                                                                                                                                                                                                                                                                                  
   4664885                                                                                                                                                                                                                                                                                                  

1 row selected.

SQL> 