06:47:14 SQL> select /*+ PARALLEL(16) */ min(to_date(to_char(modified_date,'dd-MON-yyyy hh24:mi:ss'),'dd-MON-yyyy hh24:mi:ss')) as min_mod_date,
06:47:14   2  		      max(to_date(to_char(modified_date,'dd-MON-yyyy hh24:mi:ss'),'dd-MON-yyyy hh24:mi:ss')) as max_mod_date
06:47:14   3  from pspadm.PSP_PAYROLL_RUN
06:47:14   4  where to_date(to_char(modified_date,'dd-MON-yyyy hh24:mi:ss'),'dd-MON-yyyy hh24:mi:ss') >= to_date('28-AUG-2018 22:05:00','dd-MON-yyyy hh24:mi:ss')
06:47:14   5  	      and to_date(to_char(modified_date,'dd-MON-yyyy hh24:mi:ss'),'dd-MON-yyyy hh24:mi:ss') <= to_date('28-AUG-2021 22:05:00','dd-MON-yyyy hh24:mi:ss');

MIN_MOD_D MAX_MOD_D                                                             
--------- ---------                                                             
28-AUG-18 28-AUG-21                                                             

1 row selected.

Elapsed: 00:01:05.66
06:48:20 SQL> 
06:48:20 SQL> select /*+ PARALLEL(16) */ min(to_date(to_char(modified_date,'dd-MON-yyyy hh24:mi:ss'),'dd-MON-yyyy hh24:mi:ss')) as min_mod_date,
06:48:20   2  		      max(to_date(to_char(modified_date,'dd-MON-yyyy hh24:mi:ss'),'dd-MON-yyyy hh24:mi:ss')) as max_mod_date
06:48:20   3  from pspadm.PSP_FINANCIAL_TRANSACTION
06:48:20   4  where to_date(to_char(modified_date,'dd-MON-yyyy hh24:mi:ss'),'dd-MON-yyyy hh24:mi:ss') >= to_date('28-AUG-2018 22:05:00','dd-MON-yyyy hh24:mi:ss')
06:48:20   5  	      and to_date(to_char(modified_date,'dd-MON-yyyy hh24:mi:ss'),'dd-MON-yyyy hh24:mi:ss') <= to_date('28-AUG-2021 22:05:00','dd-MON-yyyy hh24:mi:ss');

MIN_MOD_D MAX_MOD_D                                                             
--------- ---------                                                             
28-AUG-18 28-AUG-21                                                             

1 row selected.

Elapsed: 00:08:46.04
06:57:06 SQL> 
06:57:06 SQL> select /*+ PARALLEL(16) */ min(to_date(to_char(modified_date,'dd-MON-yyyy hh24:mi:ss'),'dd-MON-yyyy hh24:mi:ss')) as min_mod_date,
06:57:06   2  		      max(to_date(to_char(modified_date,'dd-MON-yyyy hh24:mi:ss'),'dd-MON-yyyy hh24:mi:ss')) as max_mod_date
06:57:06   3  from pspadm.PSP_MONEY_MOVEMENT_TRANSACTION
06:57:06   4  where to_date(to_char(modified_date,'dd-MON-yyyy hh24:mi:ss'),'dd-MON-yyyy hh24:mi:ss') >= to_date('28-AUG-2018 22:05:00','dd-MON-yyyy hh24:mi:ss')
06:57:06   5  	      and to_date(to_char(modified_date,'dd-MON-yyyy hh24:mi:ss'),'dd-MON-yyyy hh24:mi:ss') <= to_date('28-AUG-2021 22:05:00','dd-MON-yyyy hh24:mi:ss');

MIN_MOD_D MAX_MOD_D                                                             
--------- ---------                                                             
28-AUG-18 28-AUG-21                                                             

1 row selected.

Elapsed: 00:04:32.55
07:01:38 SQL> 
07:01:38 SQL> select /*+ PARALLEL(16) */ min(to_date(to_char(modified_date,'dd-MON-yyyy hh24:mi:ss'),'dd-MON-yyyy hh24:mi:ss')) as min_mod_date,
07:01:38   2  		      max(to_date(to_char(modified_date,'dd-MON-yyyy hh24:mi:ss'),'dd-MON-yyyy hh24:mi:ss')) as max_mod_date
07:01:38   3  from pspadm.PSP_ENTRY_DETAIL_RECORD
07:01:38   4  where to_date(to_char(modified_date,'dd-MON-yyyy hh24:mi:ss'),'dd-MON-yyyy hh24:mi:ss') >= to_date('28-AUG-2018 22:05:00','dd-MON-yyyy hh24:mi:ss')
07:01:38   5  	      and to_date(to_char(modified_date,'dd-MON-yyyy hh24:mi:ss'),'dd-MON-yyyy hh24:mi:ss') <= to_date('28-AUG-2021 22:05:00','dd-MON-yyyy hh24:mi:ss');

MIN_MOD_D MAX_MOD_D                                                             
--------- ---------                                                             
28-AUG-18 28-AUG-21                                                             

1 row selected.

Elapsed: 00:14:03.48
07:15:42 SQL> 
07:15:42 SQL> select /*+ PARALLEL(16) */ min(to_date(to_char(modified_date,'dd-MON-yyyy hh24:mi:ss'),'dd-MON-yyyy hh24:mi:ss')) as min_mod_date,
07:15:42   2  		      max(to_date(to_char(modified_date,'dd-MON-yyyy hh24:mi:ss'),'dd-MON-yyyy hh24:mi:ss')) as max_mod_date
07:15:42   3  from pspadm.PSP_PAYCHECK
07:15:42   4  where to_date(to_char(modified_date,'dd-MON-yyyy hh24:mi:ss'),'dd-MON-yyyy hh24:mi:ss') >= to_date('28-AUG-2018 22:05:00','dd-MON-yyyy hh24:mi:ss')
07:15:42   5  	      and to_date(to_char(modified_date,'dd-MON-yyyy hh24:mi:ss'),'dd-MON-yyyy hh24:mi:ss') <= to_date('28-AUG-2021 22:05:00','dd-MON-yyyy hh24:mi:ss');

MIN_MOD_D MAX_MOD_D                                                             
--------- ---------                                                             
28-AUG-18 28-AUG-21                                                             

1 row selected.

Elapsed: 00:07:14.08
07:22:56 SQL> 
07:22:56 SQL> select /*+ PARALLEL(16) */ min(to_date(to_char(modified_date,'dd-MON-yyyy hh24:mi:ss'),'dd-MON-yyyy hh24:mi:ss')) as min_mod_date,
07:22:56   2  		      max(to_date(to_char(modified_date,'dd-MON-yyyy hh24:mi:ss'),'dd-MON-yyyy hh24:mi:ss')) as max_mod_date
07:22:56   3  from pspadm.PSP_PAYCHECK_SPLIT
07:22:56   4  where to_date(to_char(modified_date,'dd-MON-yyyy hh24:mi:ss'),'dd-MON-yyyy hh24:mi:ss') >= to_date('28-AUG-2018 22:05:00','dd-MON-yyyy hh24:mi:ss')
07:22:56   5  	      and to_date(to_char(modified_date,'dd-MON-yyyy hh24:mi:ss'),'dd-MON-yyyy hh24:mi:ss') <= to_date('28-AUG-2021 22:05:00','dd-MON-yyyy hh24:mi:ss');

MIN_MOD_D MAX_MOD_D                                                             
--------- ---------                                                             
28-AUG-18 28-AUG-21                                                             

1 row selected.

Elapsed: 00:04:30.74
07:27:27 SQL> 
07:27:27 SQL> spool off
