21:30:25 SQL> select /*+ FULL(MONEY_MOVEMENT_TXN_MG12022) parallel(MONEY_MOVEMENT_TXN_MG12022 ,4) */count(*) from pspadm.PSP_MONEY_MOVEMENT_TRANSACTION partition (MONEY_MOVEMENT_TXN_MG12022)MONEY_MOVEMENT_TXN_MG12022 ;

  COUNT(*)                                                                      
----------                                                                      
  21030177                                                                      

1 row selected.

Elapsed: 00:00:22.73
21:30:47 SQL> select /*+ FULL(MONEY_MOVEMENT_TXN_MG22022) parallel(MONEY_MOVEMENT_TXN_MG22022 ,4) */count(*) from pspadm.PSP_MONEY_MOVEMENT_TRANSACTION partition (MONEY_MOVEMENT_TXN_MG22022)MONEY_MOVEMENT_TXN_MG22022 ;

  COUNT(*)                                                                      
----------                                                                      
  23592516                                                                      

1 row selected.

Elapsed: 00:00:29.86
21:31:17 SQL> select /*+ FULL(MONEY_MOVEMENT_TXN_MG32022) parallel(MONEY_MOVEMENT_TXN_MG32022 ,4) */count(*) from pspadm.PSP_MONEY_MOVEMENT_TRANSACTION partition (MONEY_MOVEMENT_TXN_MG32022)MONEY_MOVEMENT_TXN_MG32022 ;

  COUNT(*)                                                                      
----------                                                                      
  24319511                                                                      

1 row selected.

Elapsed: 00:00:46.05
21:32:03 SQL> select /*+ FULL(MONEY_MOVEMENT_TXN_MG42022) parallel(MONEY_MOVEMENT_TXN_MG42022 ,4) */count(*) from pspadm.PSP_MONEY_MOVEMENT_TRANSACTION partition (MONEY_MOVEMENT_TXN_MG42022)MONEY_MOVEMENT_TXN_MG42022 ;

  COUNT(*)                                                                      
----------                                                                      
  24190700                                                                      

1 row selected.

Elapsed: 00:00:51.39
21:32:55 SQL> select /*+ FULL(MONEY_MOVEMENT_TXN_MG52022) parallel(MONEY_MOVEMENT_TXN_MG52022 ,4) */count(*) from pspadm.PSP_MONEY_MOVEMENT_TRANSACTION partition (MONEY_MOVEMENT_TXN_MG52022)MONEY_MOVEMENT_TXN_MG52022 ;

  COUNT(*)                                                                      
----------                                                                      
  22486771                                                                      

1 row selected.

Elapsed: 00:01:56.48
21:34:51 SQL> select /*+ FULL(MONEY_MOVEMENT_TXN_MG62022) parallel(MONEY_MOVEMENT_TXN_MG62022 ,4) */count(*) from pspadm.PSP_MONEY_MOVEMENT_TRANSACTION partition (MONEY_MOVEMENT_TXN_MG62022)MONEY_MOVEMENT_TXN_MG62022 ;

  COUNT(*)                                                                      
----------                                                                      
  18743351                                                                      

1 row selected.

Elapsed: 00:00:25.39
21:35:16 SQL> select /*+ FULL(MONEY_MOVEMENT_TXN_MG12020) parallel(MONEY_MOVEMENT_TXN_MG12020 ,4) */count(*) from pspadm.PSP_MONEY_MOVEMENT_TRANSACTION partition (MONEY_MOVEMENT_TXN_MG12020)MONEY_MOVEMENT_TXN_MG12020 ;

  COUNT(*)                                                                      
----------                                                                      
  19690362                                                                      

1 row selected.

Elapsed: 00:00:06.28
21:35:23 SQL> select /*+ FULL(MONEY_MOVEMENT_TXN_MG22020) parallel(MONEY_MOVEMENT_TXN_MG22020 ,4) */count(*) from pspadm.PSP_MONEY_MOVEMENT_TRANSACTION partition (MONEY_MOVEMENT_TXN_MG22020)MONEY_MOVEMENT_TXN_MG22020 ;

  COUNT(*)                                                                      
----------                                                                      
  20442038                                                                      

1 row selected.

Elapsed: 00:00:04.06
21:35:27 SQL> select /*+ FULL(MONEY_MOVEMENT_TXN_MG32020) parallel(MONEY_MOVEMENT_TXN_MG32020 ,4) */count(*) from pspadm.PSP_MONEY_MOVEMENT_TRANSACTION partition (MONEY_MOVEMENT_TXN_MG32020)MONEY_MOVEMENT_TXN_MG32020 ;

  COUNT(*)                                                                      
----------                                                                      
  20100564                                                                      

1 row selected.

Elapsed: 00:00:03.86
21:35:31 SQL> select /*+ FULL(MONEY_MOVEMENT_TXN_MG42020) parallel(MONEY_MOVEMENT_TXN_MG42020 ,4) */count(*) from pspadm.PSP_MONEY_MOVEMENT_TRANSACTION partition (MONEY_MOVEMENT_TXN_MG42020)MONEY_MOVEMENT_TXN_MG42020 ;

  COUNT(*)                                                                      
----------                                                                      
  21059954                                                                      

1 row selected.

Elapsed: 00:00:03.91
21:35:35 SQL> select /*+ FULL(MONEY_MOVEMENT_TXN_MG52020) parallel(MONEY_MOVEMENT_TXN_MG52020 ,4) */count(*) from pspadm.PSP_MONEY_MOVEMENT_TRANSACTION partition (MONEY_MOVEMENT_TXN_MG52020)MONEY_MOVEMENT_TXN_MG52020 ;

  COUNT(*)                                                                      
----------                                                                      
  21933566                                                                      

1 row selected.

Elapsed: 00:00:04.22
21:35:39 SQL> select /*+ FULL(MONEY_MOVEMENT_TXN_MG62020) parallel(MONEY_MOVEMENT_TXN_MG62020 ,4) */count(*) from pspadm.PSP_MONEY_MOVEMENT_TRANSACTION partition (MONEY_MOVEMENT_TXN_MG62020)MONEY_MOVEMENT_TXN_MG62020 ;

  COUNT(*)                                                                      
----------                                                                      
  22372260                                                                      

1 row selected.

Elapsed: 00:00:04.30
21:35:43 SQL> select /*+ FULL(MONEY_MOVEMENT_TXN_MG12021) parallel(MONEY_MOVEMENT_TXN_MG12021 ,4) */count(*) from pspadm.PSP_MONEY_MOVEMENT_TRANSACTION partition (MONEY_MOVEMENT_TXN_MG12021)MONEY_MOVEMENT_TXN_MG12021 ;

  COUNT(*)                                                                      
----------                                                                      
  19602705                                                                      

1 row selected.

Elapsed: 00:00:03.62
21:35:47 SQL> select /*+ FULL(MONEY_MOVEMENT_TXN_MG22021) parallel(MONEY_MOVEMENT_TXN_MG22021 ,4) */count(*) from pspadm.PSP_MONEY_MOVEMENT_TRANSACTION partition (MONEY_MOVEMENT_TXN_MG22021)MONEY_MOVEMENT_TXN_MG22021 ;

  COUNT(*)                                                                      
----------                                                                      
  22738441                                                                      

1 row selected.

Elapsed: 00:00:04.18
21:35:51 SQL> select /*+ FULL(MONEY_MOVEMENT_TXN_MG32021) parallel(MONEY_MOVEMENT_TXN_MG32021 ,4) */count(*) from pspadm.PSP_MONEY_MOVEMENT_TRANSACTION partition (MONEY_MOVEMENT_TXN_MG32021)MONEY_MOVEMENT_TXN_MG32021 ;

  COUNT(*)                                                                      
----------                                                                      
  23118054                                                                      

1 row selected.

Elapsed: 00:00:04.21
21:35:55 SQL> select /*+ FULL(MONEY_MOVEMENT_TXN_MG42021) parallel(MONEY_MOVEMENT_TXN_MG42021 ,4) */count(*) from pspadm.PSP_MONEY_MOVEMENT_TRANSACTION partition (MONEY_MOVEMENT_TXN_MG42021)MONEY_MOVEMENT_TXN_MG42021 ;

  COUNT(*)                                                                      
----------                                                                      
  22308113                                                                      

1 row selected.

Elapsed: 00:00:04.20
21:35:59 SQL> select /*+ FULL(MONEY_MOVEMENT_TXN_MG52021) parallel(MONEY_MOVEMENT_TXN_MG52021 ,4) */count(*) from pspadm.PSP_MONEY_MOVEMENT_TRANSACTION partition (MONEY_MOVEMENT_TXN_MG52021)MONEY_MOVEMENT_TXN_MG52021 ;

  COUNT(*)                                                                      
----------                                                                      
  23119091                                                                      

1 row selected.

Elapsed: 00:00:04.53
21:36:04 SQL> select /*+ FULL(MONEY_MOVEMENT_TXN_MG62021) parallel(MONEY_MOVEMENT_TXN_MG62021 ,4) */count(*) from pspadm.PSP_MONEY_MOVEMENT_TRANSACTION partition (MONEY_MOVEMENT_TXN_MG62021)MONEY_MOVEMENT_TXN_MG62021 ;

  COUNT(*)                                                                      
----------                                                                      
  23863764                                                                      

1 row selected.

Elapsed: 00:00:13.64
21:36:17 SQL> select /*+ FULL(MONEY_MOVEMENT_TXN_9999) parallel(MONEY_MOVEMENT_TXN_9999 ,4) */count(*) from pspadm.PSP_MONEY_MOVEMENT_TRANSACTION partition (MONEY_MOVEMENT_TXN_9999)MONEY_MOVEMENT_TXN_9999 ;

  COUNT(*)                                                                      
----------                                                                      
         6                                                                      

1 row selected.

Elapsed: 00:00:00.01
21:36:17 SQL> spool off
