20:49:22 SQL> select /*+ FULL(ENTRY_DETAIL_RCD_M012022) parallel(ENTRY_DETAIL_RCD_M012022 ,4) */count(*) from pspadm.PSP_ENTRY_DETAIL_RECORD partition (ENTRY_DETAIL_RCD_M012022)ENTRY_DETAIL_RCD_M012022 ;

  COUNT(*)                                                                      
----------                                                                      
  21533478                                                                      

1 row selected.

Elapsed: 00:00:39.62
20:50:02 SQL> select /*+ FULL(ENTRY_DETAIL_RCD_M022022) parallel(ENTRY_DETAIL_RCD_M022022 ,4) */count(*) from pspadm.PSP_ENTRY_DETAIL_RECORD partition (ENTRY_DETAIL_RCD_M022022)ENTRY_DETAIL_RCD_M022022 ;

  COUNT(*)                                                                      
----------                                                                      
  21502584                                                                      

1 row selected.

Elapsed: 00:00:14.19
20:50:16 SQL> select /*+ FULL(ENTRY_DETAIL_RCD_M032022) parallel(ENTRY_DETAIL_RCD_M032022 ,4) */count(*) from pspadm.PSP_ENTRY_DETAIL_RECORD partition (ENTRY_DETAIL_RCD_M032022)ENTRY_DETAIL_RCD_M032022 ;

  COUNT(*)                                                                      
----------                                                                      
  25844918                                                                      

1 row selected.

Elapsed: 00:00:06.47
20:50:23 SQL> select /*+ FULL(ENTRY_DETAIL_RCD_M042022) parallel(ENTRY_DETAIL_RCD_M042022 ,4) */count(*) from pspadm.PSP_ENTRY_DETAIL_RECORD partition (ENTRY_DETAIL_RCD_M042022)ENTRY_DETAIL_RCD_M042022 ;

  COUNT(*)                                                                      
----------                                                                      
  22390926                                                                      

1 row selected.

Elapsed: 00:01:01.09
20:51:24 SQL> select /*+ FULL(ENTRY_DETAIL_RCD_M052022) parallel(ENTRY_DETAIL_RCD_M052022 ,4) */count(*) from pspadm.PSP_ENTRY_DETAIL_RECORD partition (ENTRY_DETAIL_RCD_M052022)ENTRY_DETAIL_RCD_M052022 ;

  COUNT(*)                                                                      
----------                                                                      
  23511814                                                                      

1 row selected.

Elapsed: 00:01:30.30
20:52:54 SQL> select /*+ FULL(ENTRY_DETAIL_RCD_M062022) parallel(ENTRY_DETAIL_RCD_M062022 ,4) */count(*) from pspadm.PSP_ENTRY_DETAIL_RECORD partition (ENTRY_DETAIL_RCD_M062022)ENTRY_DETAIL_RCD_M062022 ;

  COUNT(*)                                                                      
----------                                                                      
  26337964                                                                      

1 row selected.

Elapsed: 00:01:36.31
20:54:30 SQL> select /*+ FULL(ENTRY_DETAIL_RCD_M072022) parallel(ENTRY_DETAIL_RCD_M072022 ,4) */count(*) from pspadm.PSP_ENTRY_DETAIL_RECORD partition (ENTRY_DETAIL_RCD_M072022)ENTRY_DETAIL_RCD_M072022 ;

  COUNT(*)                                                                      
----------                                                                      
  22589930                                                                      

1 row selected.

Elapsed: 00:01:50.70
20:56:21 SQL> select /*+ FULL(ENTRY_DETAIL_RCD_M082022) parallel(ENTRY_DETAIL_RCD_M082022 ,4) */count(*) from pspadm.PSP_ENTRY_DETAIL_RECORD partition (ENTRY_DETAIL_RCD_M082022)ENTRY_DETAIL_RCD_M082022 ;

  COUNT(*)                                                                      
----------                                                                      
  26900231                                                                      

1 row selected.

Elapsed: 00:02:07.93
20:58:29 SQL> select /*+ FULL(ENTRY_DETAIL_RCD_M092022) parallel(ENTRY_DETAIL_RCD_M092022 ,4) */count(*) from pspadm.PSP_ENTRY_DETAIL_RECORD partition (ENTRY_DETAIL_RCD_M092022)ENTRY_DETAIL_RCD_M092022 ;

  COUNT(*)                                                                      
----------                                                                      
  23025178                                                                      

1 row selected.

Elapsed: 00:02:31.34
21:01:00 SQL> select /*+ FULL(ENTRY_DETAIL_RCD_M102022) parallel(ENTRY_DETAIL_RCD_M102022 ,4) */count(*) from pspadm.PSP_ENTRY_DETAIL_RECORD partition (ENTRY_DETAIL_RCD_M102022)ENTRY_DETAIL_RCD_M102022 ;

  COUNT(*)                                                                      
----------                                                                      
  23032629                                                                      

1 row selected.

Elapsed: 00:02:30.00
21:03:30 SQL> select /*+ FULL(ENTRY_DETAIL_RCD_M112022) parallel(ENTRY_DETAIL_RCD_M112022 ,4) */count(*) from pspadm.PSP_ENTRY_DETAIL_RECORD partition (ENTRY_DETAIL_RCD_M112022)ENTRY_DETAIL_RCD_M112022 ;

  COUNT(*)                                                                      
----------                                                                      
  25493249                                                                      

1 row selected.

Elapsed: 00:00:33.34
21:04:04 SQL> select /*+ FULL(ENTRY_DETAIL_RCD_M122022) parallel(ENTRY_DETAIL_RCD_M122022 ,4) */count(*) from pspadm.PSP_ENTRY_DETAIL_RECORD partition (ENTRY_DETAIL_RCD_M122022)ENTRY_DETAIL_RCD_M122022 ;

  COUNT(*)                                                                      
----------                                                                      
  12887028                                                                      

1 row selected.

Elapsed: 00:00:38.84
21:04:42 SQL> select /*+ FULL(ENTRY_DETAIL_RCD_M012020) parallel(ENTRY_DETAIL_RCD_M012020 ,4) */count(*) from pspadm.PSP_ENTRY_DETAIL_RECORD partition (ENTRY_DETAIL_RCD_M012020)ENTRY_DETAIL_RCD_M012020 ;

  COUNT(*)                                                                      
----------                                                                      
  20128251                                                                      

1 row selected.

Elapsed: 00:00:04.98
21:04:47 SQL> select /*+ FULL(ENTRY_DETAIL_RCD_M022020) parallel(ENTRY_DETAIL_RCD_M022020 ,4) */count(*) from pspadm.PSP_ENTRY_DETAIL_RECORD partition (ENTRY_DETAIL_RCD_M022020)ENTRY_DETAIL_RCD_M022020 ;

  COUNT(*)                                                                      
----------                                                                      
  20119857                                                                      

1 row selected.

Elapsed: 00:00:05.98
21:04:53 SQL> select /*+ FULL(ENTRY_DETAIL_RCD_M032020) parallel(ENTRY_DETAIL_RCD_M032020 ,4) */count(*) from pspadm.PSP_ENTRY_DETAIL_RECORD partition (ENTRY_DETAIL_RCD_M032020)ENTRY_DETAIL_RCD_M032020 ;

  COUNT(*)                                                                      
----------                                                                      
  21291351                                                                      

1 row selected.

Elapsed: 00:00:06.30
21:05:00 SQL> select /*+ FULL(ENTRY_DETAIL_RCD_M042020) parallel(ENTRY_DETAIL_RCD_M042020 ,4) */count(*) from pspadm.PSP_ENTRY_DETAIL_RECORD partition (ENTRY_DETAIL_RCD_M042020)ENTRY_DETAIL_RCD_M042020 ;

  COUNT(*)                                                                      
----------                                                                      
  20480194                                                                      

1 row selected.

Elapsed: 00:00:06.31
21:05:06 SQL> select /*+ FULL(ENTRY_DETAIL_RCD_M052020) parallel(ENTRY_DETAIL_RCD_M052020 ,4) */count(*) from pspadm.PSP_ENTRY_DETAIL_RECORD partition (ENTRY_DETAIL_RCD_M052020)ENTRY_DETAIL_RCD_M052020 ;

  COUNT(*)                                                                      
----------                                                                      
  19094194                                                                      

1 row selected.

Elapsed: 00:00:08.55
21:05:15 SQL> select /*+ FULL(ENTRY_DETAIL_RCD_M062020) parallel(ENTRY_DETAIL_RCD_M062020 ,4) */count(*) from pspadm.PSP_ENTRY_DETAIL_RECORD partition (ENTRY_DETAIL_RCD_M062020)ENTRY_DETAIL_RCD_M062020 ;

  COUNT(*)                                                                      
----------                                                                      
  22089234                                                                      

1 row selected.

Elapsed: 00:00:12.64
21:05:27 SQL> select /*+ FULL(ENTRY_DETAIL_RCD_M072020) parallel(ENTRY_DETAIL_RCD_M072020 ,4) */count(*) from pspadm.PSP_ENTRY_DETAIL_RECORD partition (ENTRY_DETAIL_RCD_M072020)ENTRY_DETAIL_RCD_M072020 ;

  COUNT(*)                                                                      
----------                                                                      
  22285893                                                                      

1 row selected.

Elapsed: 00:00:12.31
21:05:40 SQL> select /*+ FULL(ENTRY_DETAIL_RCD_M082020) parallel(ENTRY_DETAIL_RCD_M082020 ,4) */count(*) from pspadm.PSP_ENTRY_DETAIL_RECORD partition (ENTRY_DETAIL_RCD_M082020)ENTRY_DETAIL_RCD_M082020 ;

  COUNT(*)                                                                      
----------                                                                      
  20824780                                                                      

1 row selected.

Elapsed: 00:00:11.86
21:05:51 SQL> select /*+ FULL(ENTRY_DETAIL_RCD_M092020) parallel(ENTRY_DETAIL_RCD_M092020 ,4) */count(*) from pspadm.PSP_ENTRY_DETAIL_RECORD partition (ENTRY_DETAIL_RCD_M092020)ENTRY_DETAIL_RCD_M092020 ;

  COUNT(*)                                                                      
----------                                                                      
  23868729                                                                      

1 row selected.

Elapsed: 00:00:13.23
21:06:05 SQL> select /*+ FULL(ENTRY_DETAIL_RCD_M102020) parallel(ENTRY_DETAIL_RCD_M102020 ,4) */count(*) from pspadm.PSP_ENTRY_DETAIL_RECORD partition (ENTRY_DETAIL_RCD_M102020)ENTRY_DETAIL_RCD_M102020 ;

  COUNT(*)                                                                      
----------                                                                      
  21012699                                                                      

1 row selected.

Elapsed: 00:00:12.55
21:06:17 SQL> select /*+ FULL(ENTRY_DETAIL_RCD_M112020) parallel(ENTRY_DETAIL_RCD_M112020 ,4) */count(*) from pspadm.PSP_ENTRY_DETAIL_RECORD partition (ENTRY_DETAIL_RCD_M112020)ENTRY_DETAIL_RCD_M112020 ;

  COUNT(*)                                                                      
----------                                                                      
  20747426                                                                      

1 row selected.

Elapsed: 00:00:17.23
21:06:34 SQL> select /*+ FULL(ENTRY_DETAIL_RCD_M122020) parallel(ENTRY_DETAIL_RCD_M122020 ,4) */count(*) from pspadm.PSP_ENTRY_DETAIL_RECORD partition (ENTRY_DETAIL_RCD_M122020)ENTRY_DETAIL_RCD_M122020 ;

  COUNT(*)                                                                      
----------                                                                      
  25130764                                                                      

1 row selected.

Elapsed: 00:00:18.89
21:06:53 SQL> select /*+ FULL(ENTRY_DETAIL_RCD_M012021) parallel(ENTRY_DETAIL_RCD_M012021 ,4) */count(*) from pspadm.PSP_ENTRY_DETAIL_RECORD partition (ENTRY_DETAIL_RCD_M012021)ENTRY_DETAIL_RCD_M012021 ;

  COUNT(*)                                                                      
----------                                                                      
  19857314                                                                      

1 row selected.

Elapsed: 00:00:14.12
21:07:07 SQL> select /*+ FULL(ENTRY_DETAIL_RCD_M022021) parallel(ENTRY_DETAIL_RCD_M022021 ,4) */count(*) from pspadm.PSP_ENTRY_DETAIL_RECORD partition (ENTRY_DETAIL_RCD_M022021)ENTRY_DETAIL_RCD_M022021 ;

  COUNT(*)                                                                      
----------                                                                      
  20228089                                                                      

1 row selected.

Elapsed: 00:00:13.42
21:07:21 SQL> select /*+ FULL(ENTRY_DETAIL_RCD_M032021) parallel(ENTRY_DETAIL_RCD_M032021 ,4) */count(*) from pspadm.PSP_ENTRY_DETAIL_RECORD partition (ENTRY_DETAIL_RCD_M032021)ENTRY_DETAIL_RCD_M032021 ;

  COUNT(*)                                                                      
----------                                                                      
  24518143                                                                      

1 row selected.

Elapsed: 00:00:17.27
21:07:38 SQL> select /*+ FULL(ENTRY_DETAIL_RCD_M042021) parallel(ENTRY_DETAIL_RCD_M042021 ,4) */count(*) from pspadm.PSP_ENTRY_DETAIL_RECORD partition (ENTRY_DETAIL_RCD_M042021)ENTRY_DETAIL_RCD_M042021 ;

  COUNT(*)                                                                      
----------                                                                      
  21957276                                                                      

1 row selected.

Elapsed: 00:00:16.82
21:07:55 SQL> select /*+ FULL(ENTRY_DETAIL_RCD_M052021) parallel(ENTRY_DETAIL_RCD_M052021 ,4) */count(*) from pspadm.PSP_ENTRY_DETAIL_RECORD partition (ENTRY_DETAIL_RCD_M052021)ENTRY_DETAIL_RCD_M052021 ;

  COUNT(*)                                                                      
----------                                                                      
  21631149                                                                      

1 row selected.

Elapsed: 00:00:15.14
21:08:10 SQL> select /*+ FULL(ENTRY_DETAIL_RCD_M062021) parallel(ENTRY_DETAIL_RCD_M062021 ,4) */count(*) from pspadm.PSP_ENTRY_DETAIL_RECORD partition (ENTRY_DETAIL_RCD_M062021)ENTRY_DETAIL_RCD_M062021 ;

  COUNT(*)                                                                      
----------                                                                      
  25725036                                                                      

1 row selected.

Elapsed: 00:00:20.33
21:08:30 SQL> select /*+ FULL(ENTRY_DETAIL_RCD_M072021) parallel(ENTRY_DETAIL_RCD_M072021 ,4) */count(*) from pspadm.PSP_ENTRY_DETAIL_RECORD partition (ENTRY_DETAIL_RCD_M072021)ENTRY_DETAIL_RCD_M072021 ;

  COUNT(*)                                                                      
----------                                                                      
  22504760                                                                      

1 row selected.

Elapsed: 00:00:16.73
21:08:47 SQL> select /*+ FULL(ENTRY_DETAIL_RCD_M082021) parallel(ENTRY_DETAIL_RCD_M082021 ,4) */count(*) from pspadm.PSP_ENTRY_DETAIL_RECORD partition (ENTRY_DETAIL_RCD_M082021)ENTRY_DETAIL_RCD_M082021 ;

  COUNT(*)                                                                      
----------                                                                      
  23112221                                                                      

1 row selected.

Elapsed: 00:00:18.77
21:09:06 SQL> select /*+ FULL(ENTRY_DETAIL_RCD_M092021) parallel(ENTRY_DETAIL_RCD_M092021 ,4) */count(*) from pspadm.PSP_ENTRY_DETAIL_RECORD partition (ENTRY_DETAIL_RCD_M092021)ENTRY_DETAIL_RCD_M092021 ;

  COUNT(*)                                                                      
----------                                                                      
  25149134                                                                      

1 row selected.

Elapsed: 00:00:21.42
21:09:27 SQL> select /*+ FULL(ENTRY_DETAIL_RCD_M102021) parallel(ENTRY_DETAIL_RCD_M102021 ,4) */count(*) from pspadm.PSP_ENTRY_DETAIL_RECORD partition (ENTRY_DETAIL_RCD_M102021)ENTRY_DETAIL_RCD_M102021 ;

  COUNT(*)                                                                      
----------                                                                      
  22193730                                                                      

1 row selected.

Elapsed: 00:00:17.90
21:09:45 SQL> select /*+ FULL(ENTRY_DETAIL_RCD_M112021) parallel(ENTRY_DETAIL_RCD_M112021 ,4) */count(*) from pspadm.PSP_ENTRY_DETAIL_RECORD partition (ENTRY_DETAIL_RCD_M112021)ENTRY_DETAIL_RCD_M112021 ;

  COUNT(*)                                                                      
----------                                                                      
  22840905                                                                      

1 row selected.

Elapsed: 00:00:19.04
21:10:04 SQL> select /*+ FULL(ENTRY_DETAIL_RCD_M122021) parallel(ENTRY_DETAIL_RCD_M122021 ,4) */count(*) from pspadm.PSP_ENTRY_DETAIL_RECORD partition (ENTRY_DETAIL_RCD_M122021)ENTRY_DETAIL_RCD_M122021 ;

  COUNT(*)                                                                      
----------                                                                      
  26086230                                                                      

1 row selected.

Elapsed: 00:00:37.67
21:10:42 SQL> select /*+ FULL(ENTRY_DETAIL_RCD_9999) parallel(ENTRY_DETAIL_RCD_9999 ,4) */count(*) from pspadm.PSP_ENTRY_DETAIL_RECORD partition (ENTRY_DETAIL_RCD_9999)ENTRY_DETAIL_RCD_9999 ;

  COUNT(*)                                                                      
----------                                                                      
         0                                                                      

1 row selected.

Elapsed: 00:00:00.00
21:10:42 SQL> 21:10:42 SQL>     exit
