23:02:23 SQL> 
23:02:23 SQL> alter session set current_schema=pspadm;

Session altered.

Elapsed: 00:00:00.00
23:02:23 SQL> 
23:02:23 SQL> ALTER TABLE PSP_PSTUB_EMPLOYEE_INFO
23:02:23   2   ADD CONSTRAINT PSP_PSTUB_EMPLOYEE_INFO_FK3
23:02:23   3  	FOREIGN KEY (COMPANY_FK, REALM_ID)
23:02:23   4  	REFERENCES PSP_COMPANY (COMPANY_SEQ,REALM_ID) ENABLE NOVALIDATE;

Table altered.

Elapsed: 00:00:00.13
23:02:24 SQL> 
23:02:24 SQL> ALTER TABLE PSP_COMPANY_EVENT_EMAIL
23:02:24   2   ADD CONSTRAINT PSP_COMPANY_EVENT_EMAIL_FK2
23:02:24   3  	FOREIGN KEY (COMPANY_FK, REALM_ID)
23:02:24   4  	REFERENCES PSP_COMPANY (COMPANY_SEQ,REALM_ID) ENABLE NOVALIDATE;

Table altered.

Elapsed: 00:00:00.01
23:02:24 SQL> 
23:02:24 SQL> ALTER TABLE PSP_PAYCHECK_USAGE_HIST
23:02:24   2   ADD CONSTRAINT PSP_PAYCHECK_USAGE_HIST_FK3
23:02:24   3  	FOREIGN KEY (COMPANY_FK, REALM_ID)
23:02:24   4  	REFERENCES PSP_COMPANY (COMPANY_SEQ,REALM_ID) ENABLE NOVALIDATE;

Table altered.

Elapsed: 00:00:00.40
23:02:24 SQL> 
23:02:24 SQL> ALTER TABLE PSP_TAX_PAYMENT_ON_HOLD_REASON
23:02:24   2   ADD CONSTRAINT PSP_TAX_PAYMENT_ON_HOLD_RE_FK2
23:02:24   3  	FOREIGN KEY (COMPANY_FK, REALM_ID)
23:02:24   4  	REFERENCES PSP_COMPANY (COMPANY_SEQ,REALM_ID) ENABLE NOVALIDATE;

Table altered.

Elapsed: 00:00:00.50
23:02:25 SQL> 
23:02:25 SQL> ALTER TABLE PSP_TP401K_BATCH_PAYCHECK
23:02:25   2   ADD CONSTRAINT PSP_THIRD_PARTY401K_BATCH__FK3
23:02:25   3  	FOREIGN KEY (COMPANY_FK, REALM_ID)
23:02:25   4  	REFERENCES PSP_COMPANY (COMPANY_SEQ,REALM_ID) ENABLE NOVALIDATE;

Table altered.

Elapsed: 00:00:00.39
23:02:25 SQL> 
23:02:25 SQL> ALTER TABLE PSP_TP401K_PAYCHECK
23:02:25   2   ADD CONSTRAINT PSP_THIRD_PARTY401K_PAYCHE_FK2
23:02:25   3  	FOREIGN KEY (COMPANY_FK, REALM_ID)
23:02:25   4  	REFERENCES PSP_COMPANY (COMPANY_SEQ,REALM_ID) ENABLE NOVALIDATE;

Table altered.

Elapsed: 00:00:00.01
23:02:25 SQL> 
23:02:25 SQL> ALTER TABLE PSP_EVENT_AS400_SYNC
23:02:25   2   ADD CONSTRAINT PSP_EVENT_AS400_SYNC_FK2
23:02:25   3  	FOREIGN KEY (COMPANY_FK, REALM_ID)
23:02:25   4  	REFERENCES PSP_COMPANY (COMPANY_SEQ,REALM_ID) ENABLE NOVALIDATE;

Table altered.

Elapsed: 00:00:00.38
23:02:25 SQL> 
23:02:25 SQL> ALTER TABLE PSP_FSET_FILING_DETAIL
23:02:25   2   ADD CONSTRAINT PSP_FSET_FILING_DETAIL_FK4
23:02:25   3  	FOREIGN KEY (COMPANY_FK, REALM_ID)
23:02:25   4  	REFERENCES PSP_COMPANY (COMPANY_SEQ,REALM_ID) ENABLE NOVALIDATE;

Table altered.

Elapsed: 00:00:00.37
23:02:26 SQL> 
23:02:26 SQL> ALTER TABLE PSP_EDI_PAYMENT_DETAIL
23:02:26   2   ADD CONSTRAINT PSP_EDI_PAYMENT_DETAIL_FK4
23:02:26   3  	FOREIGN KEY (COMPANY_FK, REALM_ID)
23:02:26   4  	REFERENCES PSP_COMPANY (COMPANY_SEQ,REALM_ID) ENABLE NOVALIDATE;

Table altered.

Elapsed: 00:00:00.00
23:02:26 SQL> 
23:02:26 SQL> ALTER TABLE PSP_EFTPS_PAYMENT_DETAIL
23:02:26   2   ADD CONSTRAINT PSP_EFTPS_PAYMENT_DETAIL_FK5
23:02:26   3  	FOREIGN KEY (COMPANY_FK, REALM_ID)
23:02:26   4  	REFERENCES PSP_COMPANY (COMPANY_SEQ,REALM_ID) ENABLE NOVALIDATE;

Table altered.

Elapsed: 00:00:00.01
23:02:26 SQL> 
23:02:26 SQL> ALTER TABLE PSP_PAYMENT_BATCH_ASSOC
23:02:26   2   ADD CONSTRAINT PSP_PAYMENT_BATCH_ASSOC_FK3
23:02:26   3  	FOREIGN KEY (COMPANY_FK, REALM_ID)
23:02:26   4  	REFERENCES PSP_COMPANY (COMPANY_SEQ,REALM_ID) ENABLE NOVALIDATE;

Table altered.

Elapsed: 00:00:00.38
23:02:26 SQL> 
23:02:26 SQL> ALTER TABLE PSP_PAYSTUB
23:02:26   2   ADD CONSTRAINT PSP_PAYSTUB_FK4
23:02:26   3  	FOREIGN KEY (COMPANY_FK, REALM_ID)
23:02:26   4  	REFERENCES PSP_COMPANY (COMPANY_SEQ,REALM_ID) ENABLE NOVALIDATE;

Table altered.

Elapsed: 00:00:00.01
23:02:26 SQL> 
23:02:26 SQL> ALTER TABLE PSP_VOIDED_CHECK
23:02:26   2   ADD CONSTRAINT PSP_VOIDED_CHECK_FK4
23:02:26   3  	FOREIGN KEY (COMPANY_FK, REALM_ID)
23:02:26   4  	REFERENCES PSP_COMPANY (COMPANY_SEQ,REALM_ID) ENABLE NOVALIDATE;

Table altered.

Elapsed: 00:00:00.00
23:02:26 SQL> 
23:02:26 SQL> ALTER TABLE PSP_WC_PAYCHECK
23:02:26   2   ADD CONSTRAINT PSP_WORKERS_COMP_PAYCHECK_FK2
23:02:26   3  	FOREIGN KEY (COMPANY_FK, REALM_ID)
23:02:26   4  	REFERENCES PSP_COMPANY (COMPANY_SEQ,REALM_ID) ENABLE NOVALIDATE;

Table altered.

Elapsed: 00:00:00.00
23:02:26 SQL> 
23:02:26 SQL> ALTER TABLE PSP_TRANSACTION_OFFLOAD_BATCH
23:02:26   2   ADD CONSTRAINT PSP_TRANSACTION_OFFLOAD_BA_FK3
23:02:26   3  	FOREIGN KEY (COMPANY_FK, REALM_ID)
23:02:26   4  	REFERENCES PSP_COMPANY (COMPANY_SEQ,REALM_ID) ENABLE NOVALIDATE;

Table altered.

Elapsed: 00:00:00.01
23:02:26 SQL> 
23:02:26 SQL> ALTER TABLE PSP_PSTUB_DDITEM
23:02:26   2   ADD CONSTRAINT PSP_PSTUB_DDITEM_FK2
23:02:26   3  	FOREIGN KEY (COMPANY_FK, REALM_ID)
23:02:26   4  	REFERENCES PSP_COMPANY (COMPANY_SEQ,REALM_ID) ENABLE NOVALIDATE;

Table altered.

Elapsed: 00:00:00.44
23:02:27 SQL> 
23:02:27 SQL> ALTER TABLE PSP_PSTUB_MSG
23:02:27   2   ADD CONSTRAINT PSP_PSTUB_MSG_FK2
23:02:27   3  	FOREIGN KEY (COMPANY_FK, REALM_ID)
23:02:27   4  	REFERENCES PSP_COMPANY (COMPANY_SEQ,REALM_ID) ENABLE NOVALIDATE;

Table altered.

Elapsed: 00:00:00.40
23:02:27 SQL> 
23:02:27 SQL> ALTER TABLE PSP_PSTUB_PAID_TIMEOFF_ITEM
23:02:27   2   ADD CONSTRAINT PSP_PSTUB_PAID_TIMEOFF_ITE_FK2
23:02:27   3  	FOREIGN KEY (COMPANY_FK, REALM_ID)
23:02:27   4  	REFERENCES PSP_COMPANY (COMPANY_SEQ,REALM_ID) ENABLE NOVALIDATE;

Table altered.

Elapsed: 00:00:00.38
23:02:27 SQL> 
23:02:27 SQL> PROMPT finished DBUpgrade_002.023.002.001.sql
finished DBUpgrade_002.023.002.001.sql
23:02:27 SQL> 
23:02:27 SQL> spool off
